
 Start         Length     Name                   Class
 0001:00401000 0010F320H .text                   CODE
 0002:00511000 00000D54H .itext                  ICODE
 0003:00512000 000028A0H .data                   DATA
 0004:00515000 000052E0H .bss                    BSS
 0005:00000000 00000048H .tls                    TLS
 000A:00000000 00000000H .xdata                  PDATA


Detailed map of segments

 0001:00000000 00009BCC C=CODE     S=.text    G=(none)   M=System   ACBP=A9
 0001:00009BCC 00000110 C=CODE     S=.text    G=(none)   M=SysInit  ACBP=A9
 0001:00009CDC 0000045C C=CODE     S=.text    G=(none)   M=Types    ACBP=A9
 0001:0000A138 00001B18 C=CODE     S=.text    G=(none)   M=Windows  ACBP=A9
 0001:0000BC50 00000258 C=CODE     S=.text    G=(none)   M=Messages ACBP=A9
 0001:0000BEA8 00000358 C=CODE     S=.text    G=(none)   M=SysConst ACBP=A9
 0001:0000C200 00000210 C=CODE     S=.text    G=(none)   M=RTLConsts ACBP=A9
 0001:0000C410 00009118 C=CODE     S=.text    G=(none)   M=Character ACBP=A9
 0001:00015528 0000041C C=CODE     S=.text    G=(none)   M=ExcUtils ACBP=A9
 0001:00015944 0001132C C=CODE     S=.text    G=(none)   M=SysUtils ACBP=A9
 0001:00026C70 00000184 C=CODE     S=.text    G=(none)   M=ActiveX  ACBP=A9
 0001:00026DF4 00000800 C=CODE     S=.text    G=(none)   M=VarUtils ACBP=A9
 0001:000275F4 00008298 C=CODE     S=.text    G=(none)   M=Variants ACBP=A9
 0001:0002F88C 00001804 C=CODE     S=.text    G=(none)   M=TypInfo  ACBP=A9
 0001:00031090 0001B64C C=CODE     S=.text    G=(none)   M=Classes  ACBP=A9
 0001:0004C6DC 00000098 C=CODE     S=.text    G=(none)   M=Wincodec ACBP=A9
 0001:0004C774 00000134 C=CODE     S=.text    G=(none)   M=StrUtils ACBP=A9
 0001:0004C8A8 000002B0 C=CODE     S=.text    G=(none)   M=TimeSpan ACBP=A9
 0001:0004CB58 000015CC C=CODE     S=.text    G=(none)   M=SyncObjs ACBP=A9
 0001:0004E124 000009C0 C=CODE     S=.text    G=(none)   M=IOUtils  ACBP=A9
 0001:0004EAE4 00003CA0 C=CODE     S=.text    G=(none)   M=IniFiles ACBP=A9
 0001:00052784 0000555C C=CODE     S=.text    G=(none)   M=Registry ACBP=A9
 0001:00057CE0 00000348 C=CODE     S=.text    G=(none)   M=Consts   ACBP=A9
 0001:00058028 00011E48 C=CODE     S=.text    G=(none)   M=Graphics ACBP=A9
 0001:00069E70 00000390 C=CODE     S=.text    G=(none)   M=Contnrs  ACBP=A9
 0001:0006A200 00000548 C=CODE     S=.text    G=(none)   M=CommCtrl ACBP=A9
 0001:0006A748 00000D58 C=CODE     S=.text    G=(none)   M=UxTheme  ACBP=A9
 0001:0006B4A0 00000044 C=CODE     S=.text    G=(none)   M=MultiMon ACBP=A9
 0001:0006B4E4 00002938 C=CODE     S=.text    G=(none)   M=ActnList ACBP=A9
 0001:0006DE1C 00000064 C=CODE     S=.text    G=(none)   M=Dwmapi   ACBP=A9
 0001:0006DE80 0001FE68 C=CODE     S=.text    G=(none)   M=Controls ACBP=A9
 0001:0008DCE8 00005850 C=CODE     S=.text    G=(none)   M=Themes   ACBP=A9
 0001:00093538 0000398C C=CODE     S=.text    G=(none)   M=ImgList  ACBP=A9
 0001:00096EC4 00009B94 C=CODE     S=.text    G=(none)   M=Menus    ACBP=A9
 0001:000A0A58 00002068 C=CODE     S=.text    G=(none)   M=HelpIntfs ACBP=A9
 0001:000A2AC0 00000388 C=CODE     S=.text    G=(none)   M=FlatSB   ACBP=A9
 0001:000A2E48 00000028 C=CODE     S=.text    G=(none)   M=WinSpool ACBP=A9
 0001:000A2E70 00001DEC C=CODE     S=.text    G=(none)   M=Printers ACBP=A9
 0001:000A4C5C 00003A6C C=CODE     S=.text    G=(none)   M=StdCtrls ACBP=A9
 0001:000A86C8 0000003C C=CODE     S=.text    G=(none)   M=RichEdit ACBP=A9
 0001:000A8704 00000D68 C=CODE     S=.text    G=(none)   M=ToolWin  ACBP=A9
 0001:000A946C 000021D4 C=CODE     S=.text    G=(none)   M=GraphUtil ACBP=A9
 0001:000AB640 00002FE8 C=CODE     S=.text    G=(none)   M=ExtCtrls ACBP=A9
 0001:000AE628 00002730 C=CODE     S=.text    G=(none)   M=ListActns ACBP=A9
 0001:000B0D58 00000040 C=CODE     S=.text    G=(none)   M=ComStrs  ACBP=A9
 0001:000B0D98 00028E60 C=CODE     S=.text    G=(none)   M=ComCtrls ACBP=A9
 0001:000D9BF8 000009EC C=CODE     S=.text    G=(none)   M=Dialogs  ACBP=A9
 0001:000DA5E4 00001050 C=CODE     S=.text    G=(none)   M=Clipbrd  ACBP=A9
 0001:000DB634 0000018C C=CODE     S=.text    G=(none)   M=StdActns ACBP=A9
 0001:000DB7C0 00015594 C=CODE     S=.text    G=(none)   M=Forms    ACBP=A9
 0001:000F0D54 000000F8 C=CODE     S=.text    G=(none)   M=DUnitConsts ACBP=A9
 0001:000F0E4C 0000C3FC C=CODE     S=.text    G=(none)   M=TestFramework ACBP=A9
 0001:000FD248 000000A8 C=CODE     S=.text    G=(none)   M=Buttons  ACBP=A9
 0001:000FD2F0 0000A3EC C=CODE     S=.text    G=(none)   M=GUITestRunner ACBP=A9
 0001:001076DC 000016D0 C=CODE     S=.text    G=(none)   M=TextTestRunner ACBP=A9
 0001:00108DAC 00000034 C=CODE     S=.text    G=(none)   M=thundax.mock ACBP=A9
 0001:00108DE0 00000AE0 C=CODE     S=.text    G=(none)   M=thundax.mock.example ACBP=A9
 0001:001098C0 00000B48 C=CODE     S=.text    G=(none)   M=TestThundax.mock ACBP=A9
 0001:0010A408 00004F18 C=CODE     S=.text    G=(none)   M=thundax.MockTest ACBP=A9
 0002:00000000 000000AC C=ICODE    S=.itext   G=(none)   M=System   ACBP=A9
 0002:000000AC 00000018 C=ICODE    S=.itext   G=(none)   M=Windows  ACBP=A9
 0002:000000C4 00000020 C=ICODE    S=.itext   G=(none)   M=ExcUtils ACBP=A9
 0002:000000E4 000000C4 C=ICODE    S=.itext   G=(none)   M=SysUtils ACBP=A9
 0002:000001A8 00000010 C=ICODE    S=.itext   G=(none)   M=VarUtils ACBP=A9
 0002:000001B8 000000AC C=ICODE    S=.itext   G=(none)   M=Variants ACBP=A9
 0002:00000264 00000008 C=ICODE    S=.itext   G=(none)   M=TypInfo  ACBP=A9
 0002:0000026C 000000AC C=ICODE    S=.itext   G=(none)   M=Classes  ACBP=A9
 0002:00000318 00000034 C=ICODE    S=.itext   G=(none)   M=TimeSpan ACBP=A9
 0002:0000034C 00000010 C=ICODE    S=.itext   G=(none)   M=SyncObjs ACBP=A9
 0002:0000035C 00000460 C=ICODE    S=.itext   G=(none)   M=IOUtils  ACBP=A9
 0002:000007BC 00000008 C=ICODE    S=.itext   G=(none)   M=IniFiles ACBP=A9
 0002:000007C4 00000008 C=ICODE    S=.itext   G=(none)   M=Registry ACBP=A9
 0002:000007CC 000000FC C=ICODE    S=.itext   G=(none)   M=Graphics ACBP=A9
 0002:000008C8 0000001C C=ICODE    S=.itext   G=(none)   M=UxTheme  ACBP=A9
 0002:000008E4 0000002C C=ICODE    S=.itext   G=(none)   M=ActnList ACBP=A9
 0002:00000910 00000088 C=ICODE    S=.itext   G=(none)   M=Controls ACBP=A9
 0002:00000998 00000008 C=ICODE    S=.itext   G=(none)   M=Themes   ACBP=A9
 0002:000009A0 00000088 C=ICODE    S=.itext   G=(none)   M=Menus    ACBP=A9
 0002:00000A28 00000008 C=ICODE    S=.itext   G=(none)   M=HelpIntfs ACBP=A9
 0002:00000A30 00000010 C=ICODE    S=.itext   G=(none)   M=FlatSB   ACBP=A9
 0002:00000A40 00000008 C=ICODE    S=.itext   G=(none)   M=Printers ACBP=A9
 0002:00000A48 00000088 C=ICODE    S=.itext   G=(none)   M=GraphUtil ACBP=A9
 0002:00000AD0 00000054 C=ICODE    S=.itext   G=(none)   M=ExtCtrls ACBP=A9
 0002:00000B24 0000003C C=ICODE    S=.itext   G=(none)   M=ComCtrls ACBP=A9
 0002:00000B60 00000040 C=ICODE    S=.itext   G=(none)   M=Dialogs  ACBP=A9
 0002:00000BA0 00000078 C=ICODE    S=.itext   G=(none)   M=Clipbrd  ACBP=A9
 0002:00000C18 0000005C C=ICODE    S=.itext   G=(none)   M=Forms    ACBP=A9
 0002:00000C74 0000000C C=ICODE    S=.itext   G=(none)   M=TestFramework ACBP=A9
 0002:00000C80 00000028 C=ICODE    S=.itext   G=(none)   M=Buttons  ACBP=A9
 0002:00000CA8 00000008 C=ICODE    S=.itext   G=(none)   M=TextTestRunner ACBP=A9
 0002:00000CB0 0000005C C=ICODE    S=.itext   G=(none)   M=TestThundax.mock ACBP=A9
 0002:00000D0C 00000048 C=ICODE    S=.itext   G=(none)   M=thundax.MockTest ACBP=A9
 0003:00000000 000009F4 C=DATA     S=.data    G=DGROUP   M=System   ACBP=A9
 0003:000009F4 00000024 C=DATA     S=.data    G=DGROUP   M=SysInit  ACBP=A9
 0003:00000A18 0000000C C=DATA     S=.data    G=DGROUP   M=Windows  ACBP=A9
 0003:00000A24 00000100 C=DATA     S=.data    G=DGROUP   M=Character ACBP=A9
 0003:00000B24 00000118 C=DATA     S=.data    G=DGROUP   M=ExcUtils ACBP=A9
 0003:00000C3C 000001E4 C=DATA     S=.data    G=DGROUP   M=SysUtils ACBP=A9
 0003:00000E20 00000010 C=DATA     S=.data    G=DGROUP   M=ActiveX  ACBP=A9
 0003:00000E30 00000008 C=DATA     S=.data    G=DGROUP   M=VarUtils ACBP=A9
 0003:00000E38 00000144 C=DATA     S=.data    G=DGROUP   M=Variants ACBP=A9
 0003:00000F7C 0000000C C=DATA     S=.data    G=DGROUP   M=TypInfo  ACBP=A9
 0003:00000F88 00000138 C=DATA     S=.data    G=DGROUP   M=Classes  ACBP=A9
 0003:000010C0 00000090 C=DATA     S=.data    G=DGROUP   M=Wincodec ACBP=A9
 0003:00001150 00000030 C=DATA     S=.data    G=DGROUP   M=IOUtils  ACBP=A9
 0003:00001180 0000000C C=DATA     S=.data    G=DGROUP   M=IniFiles ACBP=A9
 0003:0000118C 00000024 C=DATA     S=.data    G=DGROUP   M=Registry ACBP=A9
 0003:000011B0 000003C4 C=DATA     S=.data    G=DGROUP   M=Graphics ACBP=A9
 0003:00001574 000001B8 C=DATA     S=.data    G=DGROUP   M=Controls ACBP=A9
 0003:0000172C 00000068 C=DATA     S=.data    G=DGROUP   M=Themes   ACBP=A9
 0003:00001794 00000050 C=DATA     S=.data    G=DGROUP   M=ImgList  ACBP=A9
 0003:000017E4 00000140 C=DATA     S=.data    G=DGROUP   M=Menus    ACBP=A9
 0003:00001924 0000000C C=DATA     S=.data    G=DGROUP   M=Printers ACBP=A9
 0003:00001930 0000008C C=DATA     S=.data    G=DGROUP   M=StdCtrls ACBP=A9
 0003:000019BC 00000020 C=DATA     S=.data    G=DGROUP   M=ToolWin  ACBP=A9
 0003:000019DC 000004B8 C=DATA     S=.data    G=DGROUP   M=GraphUtil ACBP=A9
 0003:00001E94 00000020 C=DATA     S=.data    G=DGROUP   M=ExtCtrls ACBP=A9
 0003:00001EB4 000001A8 C=DATA     S=.data    G=DGROUP   M=ComCtrls ACBP=A9
 0003:0000205C 0000007C C=DATA     S=.data    G=DGROUP   M=Dialogs  ACBP=A9
 0003:000020D8 00000144 C=DATA     S=.data    G=DGROUP   M=Forms    ACBP=A9
 0003:0000221C 00000014 C=DATA     S=.data    G=DGROUP   M=TestFramework ACBP=A9
 0003:00002230 0000002C C=DATA     S=.data    G=DGROUP   M=Buttons  ACBP=A9
 0003:0000225C 00000004 C=DATA     S=.data    G=DGROUP   M=TextTestRunner ACBP=A9
 0004:00000000 00002C30 C=BSS      S=.bss     G=DGROUP   M=System   ACBP=A9
 0004:00002C30 0000000C C=BSS      S=.bss     G=DGROUP   M=SysInit  ACBP=A9
 0004:00002C3C 00000008 C=BSS      S=.bss     G=DGROUP   M=Windows  ACBP=A9
 0004:00002C44 0000001C C=BSS      S=.bss     G=DGROUP   M=Character ACBP=A9
 0004:00002C60 00000004 C=BSS      S=.bss     G=DGROUP   M=ExcUtils ACBP=A9
 0004:00002C64 00002250 C=BSS      S=.bss     G=DGROUP   M=SysUtils ACBP=A9
 0004:00004EB4 0000005C C=BSS      S=.bss     G=DGROUP   M=VarUtils ACBP=A9
 0004:00004F10 00000040 C=BSS      S=.bss     G=DGROUP   M=Variants ACBP=A9
 0004:00004F50 00000004 C=BSS      S=.bss     G=DGROUP   M=TypInfo  ACBP=A9
 0004:00004F54 00000038 C=BSS      S=.bss     G=DGROUP   M=Classes  ACBP=A9
 0004:00004F8C 00000014 C=BSS      S=.bss     G=DGROUP   M=TimeSpan ACBP=A9
 0004:00004FA0 00000018 C=BSS      S=.bss     G=DGROUP   M=SyncObjs ACBP=A9
 0004:00004FB8 00000024 C=BSS      S=.bss     G=DGROUP   M=IOUtils  ACBP=A9
 0004:00004FDC 00000004 C=BSS      S=.bss     G=DGROUP   M=IniFiles ACBP=A9
 0004:00004FE0 00000004 C=BSS      S=.bss     G=DGROUP   M=Registry ACBP=A9
 0004:00004FE4 00000064 C=BSS      S=.bss     G=DGROUP   M=Graphics ACBP=A9
 0004:00005048 00000008 C=BSS      S=.bss     G=DGROUP   M=CommCtrl ACBP=A9
 0004:00005050 000000CC C=BSS      S=.bss     G=DGROUP   M=UxTheme  ACBP=A9
 0004:0000511C 00000004 C=BSS      S=.bss     G=DGROUP   M=ActnList ACBP=A9
 0004:00005120 00000090 C=BSS      S=.bss     G=DGROUP   M=Controls ACBP=A9
 0004:000051B0 0000000C C=BSS      S=.bss     G=DGROUP   M=Themes   ACBP=A9
 0004:000051BC 00000008 C=BSS      S=.bss     G=DGROUP   M=ImgList  ACBP=A9
 0004:000051C4 00000010 C=BSS      S=.bss     G=DGROUP   M=Menus    ACBP=A9
 0004:000051D4 00000008 C=BSS      S=.bss     G=DGROUP   M=HelpIntfs ACBP=A9
 0004:000051DC 00000034 C=BSS      S=.bss     G=DGROUP   M=FlatSB   ACBP=A9
 0004:00005210 00000004 C=BSS      S=.bss     G=DGROUP   M=Printers ACBP=A9
 0004:00005214 00000010 C=BSS      S=.bss     G=DGROUP   M=GraphUtil ACBP=A9
 0004:00005224 00000008 C=BSS      S=.bss     G=DGROUP   M=ExtCtrls ACBP=A9
 0004:0000522C 00000038 C=BSS      S=.bss     G=DGROUP   M=ComCtrls ACBP=A9
 0004:00005264 0000000C C=BSS      S=.bss     G=DGROUP   M=Dialogs  ACBP=A9
 0004:00005270 0000000C C=BSS      S=.bss     G=DGROUP   M=Clipbrd  ACBP=A9
 0004:0000527C 00000028 C=BSS      S=.bss     G=DGROUP   M=Forms    ACBP=A9
 0004:000052A4 00000004 C=BSS      S=.bss     G=DGROUP   M=TestFramework ACBP=A9
 0004:000052A8 00000030 C=BSS      S=.bss     G=DGROUP   M=Buttons  ACBP=A9
 0004:000052D8 00000004 C=BSS      S=.bss     G=DGROUP   M=TextTestRunner ACBP=A9
 0004:000052DC 00000004 C=BSS      S=.bss     G=DGROUP   M=TestThundax.mock ACBP=A9
 0005:00000000 00000008 C=TLS      S=.tls     G=(none)   M=System   ACBP=A9
 0005:00000008 0000000C C=TLS      S=.tls     G=(none)   M=Classes  ACBP=A9
 0005:00000014 00000004 C=TLS      S=.tls     G=(none)   M=SyncObjs ACBP=A9
 0005:00000018 00000030 C=TLS      S=.tls     G=(none)   M=GraphUtil ACBP=A9


  Address             Publics by Name

 0001:00026DDC       ActiveX.CoCreateInstance
 0003:00000E20       ActiveX.GUID_NULL
 0001:00026DD4       ActiveX.IsEqualGUID
 0001:00026DE4       ActiveX.OleInitialize
 0001:00026DEC       ActiveX.OleUninitialize
 0004:0000511C       ActnList..9
 0001:0006C898       ActnList..TAction
 0001:0006CC68       ActnList..TActionLink
 0001:0006BE70       ActnList..TActionList
 0001:0006B7EC       ActnList..TActionListEnumerator
 0001:0006B4E4       ActnList..TContainedAction
 0001:0006C264       ActnList..TCustomAction
 0001:0006BA5C       ActnList..TCustomActionList
 0001:0006C03C       ActnList..TShortCutList
 0002:000008E4       ActnList.ActnList
 0001:0006DE14       ActnList.Finalization
 0001:0006DD94       ActnList.TAction.Create
 0001:0006D420       ActnList.TActionLink.IsCaptionLinked
 0001:0006D434       ActnList.TActionLink.IsCheckedLinked
 0001:0006D448       ActnList.TActionLink.IsEnabledLinked
 0001:0006D45C       ActnList.TActionLink.IsGroupIndexLinked
 0001:0006D470       ActnList.TActionLink.IsHelpContextLinked
 0001:0006D484       ActnList.TActionLink.IsHelpLinked
 0001:0006D498       ActnList.TActionLink.IsHintLinked
 0001:0006D4AC       ActnList.TActionLink.IsImageIndexLinked
 0001:0006D4C0       ActnList.TActionLink.IsShortCutLinked
 0001:0006D4D4       ActnList.TActionLink.IsVisibleLinked
 0001:0006D4E8       ActnList.TActionLink.SetAutoCheck
 0001:0006D4EC       ActnList.TActionLink.SetCaption
 0001:0006D4F0       ActnList.TActionLink.SetChecked
 0001:0006D4F4       ActnList.TActionLink.SetEnabled
 0001:0006D4F8       ActnList.TActionLink.SetGroupIndex
 0001:0006D4FC       ActnList.TActionLink.SetHelpContext
 0001:0006D500       ActnList.TActionLink.SetHelpKeyword
 0001:0006D504       ActnList.TActionLink.SetHelpType
 0001:0006D508       ActnList.TActionLink.SetHint
 0001:0006D50C       ActnList.TActionLink.SetImageIndex
 0001:0006D510       ActnList.TActionLink.SetShortCut
 0001:0006D514       ActnList.TActionLink.SetVisible
 0001:0006CF84       ActnList.TActionListEnumerator.Create
 0001:0006CFC8       ActnList.TActionListEnumerator.GetCurrent
 0001:0006CFD4       ActnList.TActionListEnumerator.MoveNext
 0001:0006CD70       ActnList.TContainedAction.Destroy
 0001:0006CEDC       ActnList.TContainedAction.Execute
 0001:0006CDA4       ActnList.TContainedAction.GetIndex
 0001:0006CDC0       ActnList.TContainedAction.GetParentComponent
 0001:0006CDD0       ActnList.TContainedAction.HasParent
 0001:0006CDBC       ActnList.TContainedAction.IsCategoryStored
 0001:0006CDE0       ActnList.TContainedAction.ReadState
 0001:0006CE88       ActnList.TContainedAction.SetActionList
 0001:0006CE5C       ActnList.TContainedAction.SetCategory
 0001:0006CE14       ActnList.TContainedAction.SetIndex
 0001:0006CEB0       ActnList.TContainedAction.SetParentComponent
 0001:0006CF34       ActnList.TContainedAction.Update
 0001:0006D5C4       ActnList.TCustomAction.AssignTo
 0001:0006D518       ActnList.TCustomAction.Create
 0001:0006D56C       ActnList.TCustomAction.Destroy
 0001:0006DC50       ActnList.TCustomAction.DoHint
 0001:0006DC78       ActnList.TCustomAction.Execute
 0001:0006DCDC       ActnList.TCustomAction.GetSecondaryShortCuts
 0001:0006DD5C       ActnList.TCustomAction.HandleShortCut
 0001:0006DD38       ActnList.TCustomAction.IsSecondaryShortCutsStored
 0001:0006D6D0       ActnList.TCustomAction.SetAutoCheck
 0001:0006D730       ActnList.TCustomAction.SetCaption
 0001:0006D790       ActnList.TCustomAction.SetChecked
 0001:0006D898       ActnList.TCustomAction.SetEnabled
 0001:0006D914       ActnList.TCustomAction.SetGroupIndex
 0001:0006DA2C       ActnList.TCustomAction.SetHelpContext
 0001:0006D9C4       ActnList.TCustomAction.SetHelpKeyword
 0001:0006D96C       ActnList.TCustomAction.SetHelpType
 0001:0006DA84       ActnList.TCustomAction.SetHint
 0001:0006DAE4       ActnList.TCustomAction.SetImageIndex
 0001:0006DC04       ActnList.TCustomAction.SetName
 0001:0006DD04       ActnList.TCustomAction.SetSecondaryShortCuts
 0001:0006DB40       ActnList.TCustomAction.SetShortCut
 0001:0006DBA4       ActnList.TCustomAction.SetVisible
 0001:0006D1E8       ActnList.TCustomActionList.AddAction
 0001:0006D230       ActnList.TCustomActionList.Change
 0001:0006CFF0       ActnList.TCustomActionList.Create
 0001:0006D05C       ActnList.TCustomActionList.Destroy
 0001:0006D33C       ActnList.TCustomActionList.ExecuteAction
 0001:0006D12C       ActnList.TCustomActionList.GetAction
 0001:0006D140       ActnList.TCustomActionList.GetActionCount
 0001:0006D0B4       ActnList.TCustomActionList.GetChildren
 0001:0006D148       ActnList.TCustomActionList.GetEnumerator
 0001:0006D18C       ActnList.TCustomActionList.ImageListChange
 0001:0006D298       ActnList.TCustomActionList.IsShortCut
 0001:0006D198       ActnList.TCustomActionList.Notification
 0001:0006D208       ActnList.TCustomActionList.RemoveAction
 0001:0006D0FC       ActnList.TCustomActionList.SetChildOrder
 0001:0006D158       ActnList.TCustomActionList.SetImages
 0001:0006D37C       ActnList.TCustomActionList.SetState
 0001:0006D35C       ActnList.TCustomActionList.UpdateAction
 0001:0006DD68       ActnList.TShortCutList.Add
 0001:0006DDD0       ActnList.TShortCutList.IndexOfShortCut
 0004:000052A8       Buttons..5
 0003:00002230       Buttons.BitBtnCaptions
 0004:000052AC       Buttons.BitBtnGlyphs
 0002:00000C80       Buttons.Buttons
 0001:000FD248       Buttons.DestroyLocals
 0001:000FD2E0       Buttons.Finalization
 0001:0000C598       Character.bin_data
 0004:00002C50       Character.CategoryTable
 0004:00002C48       Character.CatIndexPrimary
 0004:00002C4C       Character.CatIndexSecondary
 0004:00002C44       Character.DataTable
 0003:00000A24       Character.Latin1Categories
 0004:00002C5C       Character.NumericValueTable
 0004:00002C54       Character.NumIndexPrimary
 0004:00002C58       Character.NumIndexSecondary
 0001:0000C410       Character.TCharacter.CheckLetter
 0001:0000C41C       Character.TCharacter.CheckLetterOrDigit
 0001:0000C538       Character.TCharacter.GetUnicodeCategory
 0001:000154D4       Character.TCharacter.Initialize
 0001:0000C52C       Character.TCharacter.IsAscii
 0001:0000C42C       Character.TCharacter.IsLatin1
 0001:0000C438       Character.TCharacter.IsLetter
 0001:0000C4C4       Character.TCharacter.IsLetterOrDigit
 0004:00004F68       Classes..96
 0001:00031A20       Classes..EBitsError
 0001:000317B8       Classes..EClassNotFound
 0001:00031B58       Classes..EComponentError
 0001:000314C0       Classes..EFCreateError
 0001:000315F4       Classes..EFilerError
 0001:000313C4       Classes..EFileStreamError
 0001:0003155C       Classes..EFOpenError
 0001:00031854       Classes..EInvalidImage
 0001:00031C98       Classes..EInvalidOperation
 0001:0003198C       Classes..EListError
 0001:00031BF8       Classes..EOutOfResources
 0001:0003168C       Classes..EReadError
 0001:000318F0       Classes..EResNotFound
 0001:00031328       Classes..EStreamError
 0001:00031AB4       Classes..EStringListError
 0001:00039838       Classes..EThread
 0001:000398C8       Classes..EThreadExternalException
 0001:00031720       Classes..EWriteError
 0001:00049600       Classes..TAnonymousThread
 0001:0003B3BC       Classes..TBasicAction
 0001:0003B1A0       Classes..TBasicActionLink
 0001:000332A4       Classes..TBits
 0001:000370A4       Classes..TClassFinder
 0001:00033B2C       Classes..TCollection
 0001:00033988       Classes..TCollectionEnumerator
 0001:0003371C       Classes..TCollectionItem
 0001:0003A858       Classes..TComponent
 0001:0004B310       Classes..TComponent.FindComponent$1499$ActRec
 0001:0003A3F8       Classes..TComponentEnumerator
 0001:000362E4       Classes..TCustomMemoryStream
 0001:0004952C       Classes..TExternalThread
 0001:000374C0       Classes..TFiler
 0001:00036100       Classes..TFileStream
 0001:00035EE8       Classes..THandleStream
 0001:0003D2F0       Classes..TIntConst
 0001:000335A8       Classes..TInterfacedPersistent
 0001:00032DB8       Classes..TInterfaceList
 0001:00032AB4       Classes..TInterfaceListEnumerator
 0001:00032074       Classes..TList
 0001:0003E298       Classes..TList.Sort$876$ActRec
 0001:00031EA0       Classes..TListEnumerator
 0001:0003652C       Classes..TMemoryStream
 0001:00033FC4       Classes..TOwnedCollection
 0001:000333DC       Classes..TPersistent
 0001:00043398       Classes..TPropFixup
 0001:000435C4       Classes..TPropIntfFixup
 0001:00037ED8       Classes..TReader
 0001:0003B9D0       Classes..TRegGroup
 0001:0003BE30       Classes..TRegGroups
 0001:00036774       Classes..TResourceStream
 0001:000358A4       Classes..TStream
 0001:00036AF8       Classes..TStreamAdapter
 0001:000351EC       Classes..TStringList
 0001:00034364       Classes..TStrings
 0001:000341BC       Classes..TStringsEnumerator
 0001:00039AE0       Classes..TThread
 0001:00032788       Classes..TThreadList
 0001:00038DE0       Classes..TWriter
 0001:0003D27C       Classes.ActivateClassGroup
 0003:00000F88       Classes.AddDataModule
 0001:000438F0       Classes.AddFinished
 0001:00043928       Classes.AddNotFinished
 0001:00044550       Classes.AddSubComponentsToLoaded
 0001:0004C480       Classes.AllocateHWnd
 0001:00047ABC       Classes.AncestorIsValid
 0003:00000F98       Classes.ApplicationHandleException
 0003:00000FA0       Classes.ApplicationShowException
 0001:0003D758       Classes.BeginGlobalLoading
 0001:00049460       Classes.BinToHex
 0003:00001094       Classes.BlockCode
 0001:0003B95C       Classes.Bounds
 0001:0004C2E0       Classes.CalcJmpOffset
 0001:0004458C       Classes.CheckSubComponents
 0001:000498B0       Classes.CheckSynchronize
 0002:00000288       Classes.Classes
 0001:0003CFC0       Classes.ClassNotFound
 0001:0004C394       Classes.CleanupInstFreeList
 0001:0003D9F8       Classes.CollectionsEqual
 0001:0004466C       Classes.ComponentCreated
 0003:00001004       Classes.Convert
 0003:00000FE4       Classes.Convert
 0001:0004655C       Classes.CopyBinary
 0001:000464CC       Classes.CopyBytes
 0001:00046480       Classes.CopyList
 0001:000463F8       Classes.CopySetBody
 0001:000446EC       Classes.CreateComponent
 0003:00000FA8       Classes.CreateVCLComObjectProc
 0001:0004C534       Classes.DeallocateHWnd
 0001:000497E4       Classes.DoneThreadSynchronization
 0001:00040224       Classes.DoWrite
 0003:00000FBC       Classes.Dummy32bitResHeader
 0001:0004C55C       Classes.EFileStreamError.Create
 0001:0003D7E0       Classes.EndGlobalLoading
 0001:000431D0       Classes.Error
 0001:0003CA64       Classes.Error
 0004:00004F80       Classes.ExternalThreads
 0003:00000FB8       Classes.FilerSignature
 0001:0004C60C       Classes.Finalization
 0001:000471AC       Classes.FindAncestor
 0001:0003D098       Classes.FindClass
 0001:0004489C       Classes.FindExistingComponent
 0001:0003D670       Classes.FindGlobalComponent
 0004:00004F74       Classes.FindGlobalComponentProcs
 0001:0003D518       Classes.FindIdentToInt
 0001:0003D49C       Classes.FindIntToIdent
 0001:00047F30       Classes.FindMethodName
 0001:000437F8       Classes.FindNestedComponent
 0001:000458E8       Classes.FindUniqueName
 0001:000497FC       Classes.FreeExternalThreads
 0001:0004C248       Classes.FreeIntConstList
 0001:0004C380       Classes.FreeObjectInstance
 0001:0003D02C       Classes.GetClass
 0001:00048624       Classes.GetComponentValue
 0001:0003F490       Classes.GetDesigner
 0001:0003CFB4       Classes.GetFieldClassTable
 0001:0004C3D0       Classes.GetFreeInstBlockItemCount
 0004:00004F78       Classes.GlobalFixupList
 0001:00043970       Classes.GlobalFixupReferences
 0005:00000010       Classes.GlobalLists
 0005:0000000C       Classes.GlobalLoaded
 0004:00004F5C       Classes.GlobalNameSpace
 0001:0003D210       Classes.GroupDescendentsWith
 0001:00045088       Classes.HandleException
 0001:000494A0       Classes.HexToBin
 0001:0003D594       Classes.IdentToInt
 0001:0003D83C       Classes.InitComponent
 0001:0003D8C8       Classes.InitInheritedComponent
 0001:000497A8       Classes.InitThreadSynchronization
 0004:00004F84       Classes.InstBlockList
 0004:00004F88       Classes.InstFreeList
 0004:00004F6C       Classes.IntConstList
 0001:0003B9B4       Classes.InterlockedCompareExchangePointer
 0001:0003B9BC       Classes.InterlockedExchange
 0001:0003B9C8       Classes.InterlockedExchangePointer
 0001:0003D6D4       Classes.InternalReadComponentRes
 0001:0003D5D4       Classes.IntToIdent
 0001:0003B984       Classes.InvalidPoint
 0001:0003B998       Classes.InvalidPoint
 0001:00047CB0       Classes.IsDefault
 0001:00047B2C       Classes.IsDefaultFloatProp
 0001:00047B88       Classes.IsDefaultInt64Prop
 0001:00047E54       Classes.IsDefaultInterfaceProp
 0001:00047F88       Classes.IsDefaultMethodProp
 0001:00047D08       Classes.IsDefaultObjectProp
 0001:00047AD4       Classes.IsDefaultOrdProp
 0001:000480C0       Classes.IsDefaultPropertyValue
 0001:00047BE0       Classes.IsDefaultStrProp
 0001:00047D88       Classes.IsDefaultValue
 0001:00048028       Classes.IsDefaultVariantProp
 0001:0003D6B0       Classes.IsUniqueGlobalComponentName
 0004:00004F60       Classes.IsUniqueGlobalComponentNameProc
 0001:0004C2E8       Classes.MakeObjectInstance
 0001:0003F0C8       Classes.Min
 0001:0004C2B8       Classes.ModuleUnload
 0003:00000FDC       Classes.NilMethod
 0001:0003F530       Classes.NotifyDesigner
 0001:0003D7B0       Classes.NotifyGlobalLoading
 0001:00047C70       Classes.ObjectAncestorMatch
 0001:0004860C       Classes.OwnedBy
 0003:00001078       Classes.Priorities
 0001:00043C98       Classes.PropertyNotFound
 0001:00045158       Classes.PropPathError
 0001:00043C8C       Classes.PropValueError
 0001:0003E11C       Classes.QuickSort
 0001:00042360       Classes.RaiseException
 0001:00046A44       Classes.ReadCustomVariant
 0001:00043C74       Classes.ReadError
 0001:0004468C       Classes.Recover
 0001:0003B940       Classes.Rect
 0004:00004F70       Classes.RegGroups
 0001:0003D0B8       Classes.RegisterClass
 0001:0003D618       Classes.RegisterFindGlobalComponentProc
 0001:0003D470       Classes.RegisterIntegerConsts
 0001:0004C400       Classes.ReleaseObjectInstanceBlocks
 0003:00000F90       Classes.RemoveDataModule
 0001:00043B40       Classes.RemoveFixupReferences
 0001:00043BEC       Classes.RemoveFixups
 0001:00043FDC       Classes.RemoveGlobalFixup
 0001:0004987C       Classes.ResetSyncEvent
 0001:000447FC       Classes.SetCompName
 0001:00043CC4       Classes.SetElementValue
 0001:000454B0       Classes.SetInterfaceReference
 0001:000453CC       Classes.SetIntIdent
 0001:00045414       Classes.SetObjectIdent
 0001:00044604       Classes.SetSubComponentState
 0001:00045454       Classes.SetVariantReference
 0001:000498A4       Classes.SignalSyncEvent
 0001:000461B4       Classes.SkipBinary
 0001:000461E4       Classes.SkipCollection
 0001:00046188       Classes.SkipList
 0001:0003D1A8       Classes.StartClassGroup
 0001:0004C2C0       Classes.StdWndProc
 0001:0004214C       Classes.StringListCompareStrings
 0004:00004F64       Classes.SyncEvent
 0003:00001074       Classes.SyncList
 0001:00049750       Classes.TAnonymousThread.Create
 0001:0004979C       Classes.TAnonymousThread.Execute
 0001:0004BCB4       Classes.TBasicAction.Change
 0001:0004BB40       Classes.TBasicAction.Create
 0001:0004BB84       Classes.TBasicAction.Destroy
 0001:0004BC20       Classes.TBasicAction.Execute
 0001:0004BBF0       Classes.TBasicAction.ExecuteTarget
 0001:0004BBEC       Classes.TBasicAction.HandlesTarget
 0001:0004BBF4       Classes.TBasicAction.Notification
 0001:0004BCC8       Classes.TBasicAction.RegisterChanges
 0001:0004BD14       Classes.TBasicAction.SetActionComponent
 0001:0004BC58       Classes.TBasicAction.SetOnExecute
 0001:0004BCD4       Classes.TBasicAction.UnRegisterChanges
 0001:0004BC3C       Classes.TBasicAction.Update
 0001:0004BC1C       Classes.TBasicAction.UpdateTarget
 0001:0004BA90       Classes.TBasicActionLink.AssignClient
 0001:0004BAC8       Classes.TBasicActionLink.Change
 0001:0004BA4C       Classes.TBasicActionLink.Create
 0001:0004BA94       Classes.TBasicActionLink.Destroy
 0001:0004BAE0       Classes.TBasicActionLink.Execute
 0001:0004BB28       Classes.TBasicActionLink.IsOnExecuteLinked
 0001:0004BAFC       Classes.TBasicActionLink.SetAction
 0001:0004BB2C       Classes.TBasicActionLink.SetOnExecute
 0001:0004BB34       Classes.TBasicActionLink.Update
 0001:0003F080       Classes.TBits.Destroy
 0001:0003F0B0       Classes.TBits.Error
 0001:0003F1A4       Classes.TBits.GetBit
 0001:0003F1BC       Classes.TBits.OpenBit
 0001:0003F178       Classes.TBits.SetBit
 0001:0003F0D4       Classes.TBits.SetSize
 0001:0003CD20       Classes.TClassFinder.Create
 0001:0003CE60       Classes.TClassFinder.Destroy
 0001:0003CE90       Classes.TClassFinder.GetClass
 0001:0003CF2C       Classes.TClassFinder.GetClasses
 0001:0003F860       Classes.TCollection.Add
 0001:0003FD78       Classes.TCollection.Added
 0001:0003F880       Classes.TCollection.Assign
 0001:0003F928       Classes.TCollection.BeginUpdate
 0001:0003F92C       Classes.TCollection.Changed
 0001:0003F93C       Classes.TCollection.Clear
 0001:0003F7C8       Classes.TCollection.Create
 0001:0003FD3C       Classes.TCollection.Delete
 0001:0003FD7C       Classes.TCollection.Deleting
 0001:0003F814       Classes.TCollection.Destroy
 0001:0003F9A4       Classes.TCollection.EndUpdate
 0001:0003F9B0       Classes.TCollection.FindItemID
 0001:0003F9E4       Classes.TCollection.GetAttr
 0001:0003F9E0       Classes.TCollection.GetAttrCount
 0001:0003FA00       Classes.TCollection.GetCapacity
 0001:0003FA28       Classes.TCollection.GetCount
 0001:0003F9F0       Classes.TCollection.GetEnumerator
 0001:0003FA30       Classes.TCollection.GetItem
 0001:0003FA08       Classes.TCollection.GetItemAttr
 0001:0003FA44       Classes.TCollection.GetNamePath
 0001:0003FAF8       Classes.TCollection.GetPropName
 0001:0003FC4C       Classes.TCollection.Insert
 0001:0003FC68       Classes.TCollection.InsertItem
 0001:0003FD80       Classes.TCollection.Notify
 0001:0003FD6C       Classes.TCollection.Owner
 0001:0003FCD0       Classes.TCollection.RemoveItem
 0001:0003FD24       Classes.TCollection.SetCapacity
 0001:0003FD34       Classes.TCollection.SetItemName
 0001:0003FD38       Classes.TCollection.Update
 0001:0003F75C       Classes.TCollectionEnumerator.Create
 0001:0003F7A0       Classes.TCollectionEnumerator.GetCurrent
 0001:0003F7AC       Classes.TCollectionEnumerator.MoveNext
 0001:0003F5FC       Classes.TCollectionItem.Changed
 0001:0003F594       Classes.TCollectionItem.Create
 0001:0003F5CC       Classes.TCollectionItem.Destroy
 0001:0003F638       Classes.TCollectionItem.GetDisplayName
 0001:0003F620       Classes.TCollectionItem.GetIndex
 0001:0003F64C       Classes.TCollectionItem.GetNamePath
 0001:0003F6F8       Classes.TCollectionItem.GetOwner
 0001:0003F6FC       Classes.TCollectionItem.SetCollection
 0001:0003F724       Classes.TCollectionItem.SetDisplayName
 0001:0003F72C       Classes.TCollectionItem.SetIndex
 0001:0004B544       Classes.TComponent.AddSortedComponent
 0001:0004ABC0       Classes.TComponent.BeforeDestruction
 0001:0004B5F8       Classes.TComponent.ChangeName
 0001:0004AB2C       Classes.TComponent.Create
 0001:0004B0AC       Classes.TComponent.DefineProperties
 0001:0004AB78       Classes.TComponent.Destroy
 0001:0004AF30       Classes.TComponent.DestroyComponents
 0001:0004AF9C       Classes.TComponent.Destroying
 0001:0004B754       Classes.TComponent.ExecuteAction
 0001:0004B3E0       Classes.TComponent.FindComponent
 0001:0004B3D4       Classes.TComponent.FindComponent$1499$ActRec.$0$Body
 0001:0004B4CC       Classes.TComponent.FindSortedComponent
 0001:0004AC0C       Classes.TComponent.FreeNotification
 0001:0004B888       Classes.TComponent.FreeOnRelease
 0001:0004B150       Classes.TComponent.GetChildOwner
 0001:0004B154       Classes.TComponent.GetChildParent
 0001:0004B148       Classes.TComponent.GetChildren
 0001:0004B7B8       Classes.TComponent.GetComObject
 0001:0004B64C       Classes.TComponent.GetComponent
 0001:0004B678       Classes.TComponent.GetComponentCount
 0001:0004B630       Classes.TComponent.GetComponentIndex
 0001:0004B158       Classes.TComponent.GetEnumerator
 0001:0004B168       Classes.TComponent.GetNamePath
 0001:0004B17C       Classes.TComponent.GetOwner
 0001:0004B184       Classes.TComponent.GetParentComponent
 0001:0004B144       Classes.TComponent.HasParent
 0001:0004ADE0       Classes.TComponent.Insert
 0001:0004AE94       Classes.TComponent.InsertComponent
 0001:0004B920       Classes.TComponent.IntfGetComponent
 0001:0004B924       Classes.TComponent.IsImplementorOf
 0001:0004B1A4       Classes.TComponent.Loaded
 0001:0004B04C       Classes.TComponent.Notification
 0001:0004B1B0       Classes.TComponent.PaletteCreated
 0001:0004B8A0       Classes.TComponent.QueryInterface
 0001:0004ADA0       Classes.TComponent.ReadLeft
 0001:0004B1B4       Classes.TComponent.ReadState
 0001:0004ADB4       Classes.TComponent.ReadTop
 0001:0004B9A4       Classes.TComponent.ReferenceInterface
 0001:0004AE1C       Classes.TComponent.Remove
 0001:0004AEF8       Classes.TComponent.RemoveComponent
 0001:0004B030       Classes.TComponent.RemoveFreeNotification
 0001:0004ABCC       Classes.TComponent.RemoveFreeNotifications
 0001:0004AFD8       Classes.TComponent.RemoveNotification
 0001:0004B870       Classes.TComponent.SafeCallException
 0001:0004B180       Classes.TComponent.SetChildOrder
 0001:0004B688       Classes.TComponent.SetComponentIndex
 0001:0004B6DC       Classes.TComponent.SetDesigning
 0001:0004B568       Classes.TComponent.SetName
 0001:0004B188       Classes.TComponent.SetParentComponent
 0001:0004B72C       Classes.TComponent.SetReference
 0001:0004B7A4       Classes.TComponent.SetSubComponent
 0001:0004B77C       Classes.TComponent.UpdateAction
 0001:0004B198       Classes.TComponent.Updated
 0001:0004B898       Classes.TComponent.UpdateRegistry
 0001:0004B18C       Classes.TComponent.Updating
 0001:0004B24C       Classes.TComponent.ValidateContainer
 0001:0004B260       Classes.TComponent.ValidateInsert
 0001:0004B1C4       Classes.TComponent.ValidateRename
 0001:0004ADC8       Classes.TComponent.WriteLeft
 0001:0004B1BC       Classes.TComponent.WriteState
 0001:0004ADD4       Classes.TComponent.WriteTop
 0001:0004B8E0       Classes.TComponent._AddRef
 0001:0004B900       Classes.TComponent._Release
 0001:0004AAC0       Classes.TComponentEnumerator.Create
 0001:0004AB04       Classes.TComponentEnumerator.GetCurrent
 0001:0004AB10       Classes.TComponentEnumerator.MoveNext
 0001:00042E64       Classes.TCustomMemoryStream.Read
 0001:00042ED8       Classes.TCustomMemoryStream.SaveToFile
 0001:00042EC0       Classes.TCustomMemoryStream.SaveToStream
 0001:00042E9C       Classes.TCustomMemoryStream.Seek
 0001:00042E5C       Classes.TCustomMemoryStream.SetPointer
 0001:00049710       Classes.TExternalThread.Create
 0001:0004974C       Classes.TExternalThread.Execute
 0001:00043324       Classes.TFiler.Create
 0001:00037878       Classes.TFiler.DefineBinaryProperty
 0001:00037870       Classes.TFiler.DefineProperty
 0001:0004336C       Classes.TFiler.Destroy
 0001:00037880       Classes.TFiler.FlushBuffer
 0001:00043394       Classes.TFiler.SetRoot
 0001:00042CB4       Classes.TFileStream.Create
 0001:00042C70       Classes.TFileStream.Create
 0001:00042E28       Classes.TFileStream.Destroy
 0001:00042BAC       Classes.THandleStream.Create
 0001:00042BE8       Classes.THandleStream.Read
 0001:00042C08       Classes.THandleStream.Seek
 0001:00042C34       Classes.THandleStream.SetSize
 0001:00042C48       Classes.THandleStream.SetSize
 0001:00042BF8       Classes.THandleStream.Write
 0004:00004F7C       Classes.ThreadLock
 0001:00049ADC       Classes.ThreadProc
 0001:0003D438       Classes.TIntConst.Create
 0001:0003F3D8       Classes.TInterfacedPersistent.AfterConstruction
 0001:0003F468       Classes.TInterfacedPersistent.QueryInterface
 0001:0003F428       Classes.TInterfacedPersistent._AddRef
 0001:0003F448       Classes.TInterfacedPersistent._Release
 0001:0003ED2C       Classes.TInterfaceList.Add
 0001:0003EA50       Classes.TInterfaceList.Clear
 0001:0003E9D0       Classes.TInterfaceList.Create
 0001:0003EAC4       Classes.TInterfaceList.Delete
 0001:0003EA14       Classes.TInterfaceList.Destroy
 0001:0003F010       Classes.TInterfaceList.Exchange
 0001:0003EB28       Classes.TInterfaceList.Expand
 0001:0003EB80       Classes.TInterfaceList.First
 0001:0003EB94       Classes.TInterfaceList.Get
 0001:0003EC0C       Classes.TInterfaceList.GetCapacity
 0001:0003EC60       Classes.TInterfaceList.GetCount
 0001:0003ECB4       Classes.TInterfaceList.GetEnumerator
 0001:0003ECC4       Classes.TInterfaceList.IndexOf
 0001:0003ECCC       Classes.TInterfaceList.IndexOfItem
 0001:0003ED9C       Classes.TInterfaceList.Insert
 0001:0003EE08       Classes.TInterfaceList.Last
 0001:0003F068       Classes.TInterfaceList.Lock
 0001:0003EE64       Classes.TInterfaceList.Put
 0001:0003EEDC       Classes.TInterfaceList.Remove
 0001:0003EEE4       Classes.TInterfaceList.RemoveItem
 0001:0003EF68       Classes.TInterfaceList.SetCapacity
 0001:0003EFBC       Classes.TInterfaceList.SetCount
 0001:0003F074       Classes.TInterfaceList.Unlock
 0001:0003E958       Classes.TInterfaceListEnumerator.Create
 0001:0003E99C       Classes.TInterfaceListEnumerator.GetCurrent
 0001:0003E9B4       Classes.TInterfaceListEnumerator.MoveNext
 0001:0003DB9C       Classes.TList.Add
 0001:0003E460       Classes.TList.Assign
 0001:0003DBDC       Classes.TList.Clear
 0001:0003DBF4       Classes.TList.Delete
 0001:0003DB7C       Classes.TList.Destroy
 0001:0003DCA4       Classes.TList.Error
 0001:0003DC5C       Classes.TList.Error
 0001:0003DD28       Classes.TList.Exchange
 0001:0003DD78       Classes.TList.Expand
 0001:0003E404       Classes.TList.Extract
 0001:0003E40C       Classes.TList.ExtractItem
 0001:0003DD90       Classes.TList.First
 0001:0003DD98       Classes.TList.Get
 0001:0003DDBC       Classes.TList.GetEnumerator
 0001:0003DDCC       Classes.TList.Grow
 0001:0003DE00       Classes.TList.IndexOf
 0001:0003DE24       Classes.TList.IndexOfItem
 0001:0003DE50       Classes.TList.Insert
 0001:0003DEC8       Classes.TList.Last
 0001:0003DEEC       Classes.TList.Move
 0001:0003E45C       Classes.TList.Notify
 0001:0003DFC8       Classes.TList.Pack
 0001:0003DF44       Classes.TList.Put
 0001:0003DFA0       Classes.TList.Remove
 0001:0003DFA8       Classes.TList.RemoveItem
 0001:0003E03C       Classes.TList.SetCapacity
 0001:0003E078       Classes.TList.SetCount
 0001:0003E364       Classes.TList.Sort
 0001:0003E358       Classes.TList.Sort$876$ActRec.$0$Body
 0001:0003E3E4       Classes.TList.SortList
 0001:0003DB14       Classes.TListEnumerator.Create
 0001:0003DB58       Classes.TListEnumerator.GetCurrent
 0001:0003DB64       Classes.TListEnumerator.MoveNext
 0001:00042F5C       Classes.TMemoryStream.Clear
 0001:00042F30       Classes.TMemoryStream.Destroy
 0001:00042FAC       Classes.TMemoryStream.LoadFromFile
 0001:00042F74       Classes.TMemoryStream.LoadFromStream
 0001:00043054       Classes.TMemoryStream.Realloc
 0001:00043000       Classes.TMemoryStream.SetCapacity
 0001:00043028       Classes.TMemoryStream.SetSize
 0001:000430D4       Classes.TMemoryStream.Write
 0001:0003FDA4       Classes.TOwnedCollection.Create
 0001:0003FDE8       Classes.TOwnedCollection.GetOwner
 0001:0003F260       Classes.TPersistent.Assign
 0001:0003F274       Classes.TPersistent.AssignError
 0001:0003F330       Classes.TPersistent.AssignTo
 0001:0003F338       Classes.TPersistent.DefineProperties
 0001:0003F234       Classes.TPersistent.Destroy
 0001:0003F33C       Classes.TPersistent.GetNamePath
 0001:0003F3D4       Classes.TPersistent.GetOwner
 0001:000436AC       Classes.TPropFixup.Create
 0001:00043704       Classes.TPropFixup.MakeGlobalReference
 0001:00043764       Classes.TPropFixup.ResolveReference
 0001:00043774       Classes.TPropIntfFixup.ResolveReference
 0001:00043D18       Classes.TReader.BeginReferences
 0001:00043D80       Classes.TReader.CheckValue
 0001:000465B4       Classes.TReader.CopyValue
 0001:00043DE0       Classes.TReader.DefineBinaryProperty
 0001:00043DA4       Classes.TReader.DefineProperty
 0001:00043CDC       Classes.TReader.Destroy
 0001:0004405C       Classes.TReader.DoFixupReferences
 0001:00043EC8       Classes.TReader.EndOfList
 0001:00043EDC       Classes.TReader.EndReferences
 0001:00043EF8       Classes.TReader.Error
 0001:00046890       Classes.TReader.FindAncestorComponent
 0001:00046988       Classes.TReader.FindComponentClass
 0001:00043F8C       Classes.TReader.FindMethod
 0001:00043F1C       Classes.TReader.FindMethodInstance
 0001:000441A0       Classes.TReader.FixupReferences
 0001:000441D8       Classes.TReader.FlushBuffer
 0001:000441FC       Classes.TReader.FreeFixups
 0001:00044238       Classes.TReader.GetFieldClass
 0001:000442CC       Classes.TReader.GetPosition
 0001:000442E4       Classes.TReader.NextValue
 0001:000442F4       Classes.TReader.PropertyError
 0001:00044308       Classes.TReader.Read
 0001:00044390       Classes.TReader.ReadBoolean
 0001:00044354       Classes.TReader.ReadBuffer
 0001:000443B4       Classes.TReader.ReadChar
 0001:00044474       Classes.TReader.ReadCollection
 0001:00044940       Classes.TReader.ReadComponent
 0001:00045C84       Classes.TReader.ReadComponents
 0001:00044D80       Classes.TReader.ReadCurrency
 0001:00044B80       Classes.TReader.ReadData
 0001:00044BF0       Classes.TReader.ReadDataInner
 0001:00044DD0       Classes.TReader.ReadDate
 0001:00044CF8       Classes.TReader.ReadDouble
 0001:00044CC0       Classes.TReader.ReadFloat
 0001:00044E14       Classes.TReader.ReadIdent
 0001:00044FF4       Classes.TReader.ReadInt64
 0001:00044F88       Classes.TReader.ReadInteger
 0001:00045038       Classes.TReader.ReadListBegin
 0001:00045040       Classes.TReader.ReadListEnd
 0001:00045048       Classes.TReader.ReadPrefix
 0001:00045174       Classes.TReader.ReadProperty
 0001:00045570       Classes.TReader.ReadPropValue
 0001:00045950       Classes.TReader.ReadRootComponent
 0001:00045D74       Classes.TReader.ReadSet
 0001:00045E30       Classes.TReader.ReadSignature
 0001:00044D3C       Classes.TReader.ReadSingle
 0001:00045E54       Classes.TReader.ReadStr
 0001:00045EE4       Classes.TReader.ReadString
 0001:0004610C       Classes.TReader.ReadValue
 0001:00046C0C       Classes.TReader.ReadVariant
 0001:00044414       Classes.TReader.ReadWideChar
 0001:00045FCC       Classes.TReader.ReadWideString
 0001:00046948       Classes.TReader.ReferenceName
 0001:00046960       Classes.TReader.SetName
 0001:00046120       Classes.TReader.SetPosition
 0001:000469FC       Classes.TReader.SkipBytes
 0001:000467E4       Classes.TReader.SkipComponent
 0001:0004679C       Classes.TReader.SkipProperty
 0001:00046140       Classes.TReader.SkipSetBody
 0001:00046248       Classes.TReader.SkipValue
 0001:0003C30C       Classes.TRegGroup.AddClass
 0001:0003C318       Classes.TRegGroup.BestClass
 0001:0003C378       Classes.TRegGroup.BestGroup
 0001:0003C3E8       Classes.TRegGroup.Create
 0001:0003C444       Classes.TRegGroup.Destroy
 0001:0003C484       Classes.TRegGroup.GetClass
 0001:0003C4D4       Classes.TRegGroup.GetClasses
 0001:0003C51C       Classes.TRegGroup.IndexOfClass
 0001:0003C594       Classes.TRegGroup.InGroup
 0001:0003C5D8       Classes.TRegGroup.RegisterClass
 0001:0003C68C       Classes.TRegGroup.RegisterClassAlias
 0001:0003C6C4       Classes.TRegGroup.Registered
 0001:0003C6DC       Classes.TRegGroup.UnregisterClass
 0001:0003C73C       Classes.TRegGroup.UnregisterModuleClasses
 0001:0003C87C       Classes.TRegGroups.Activate
 0001:0003C8C8       Classes.TRegGroups.AddClass
 0001:0003C8E8       Classes.TRegGroups.Create
 0001:0003C95C       Classes.TRegGroups.Destroy
 0001:0003C9BC       Classes.TRegGroups.FindGroup
 0001:0003CA00       Classes.TRegGroups.GetClass
 0001:0003CA44       Classes.TRegGroups.GroupedWith
 0001:0003CAE8       Classes.TRegGroups.GroupWith
 0001:0003CBBC       Classes.TRegGroups.Lock
 0001:0003CBC8       Classes.TRegGroups.RegisterClass
 0001:0003CBE0       Classes.TRegGroups.RegisterClassAlias
 0001:0003CC00       Classes.TRegGroups.Registered
 0001:0003CC44       Classes.TRegGroups.StartGroup
 0001:0003CC94       Classes.TRegGroups.Unlock
 0001:0003CCA0       Classes.TRegGroups.UnregisterClass
 0001:0003CCD0       Classes.TRegGroups.UnregisterModuleClasses
 0001:00043124       Classes.TResourceStream.Create
 0001:0004317C       Classes.TResourceStream.CreateFromID
 0001:000432DC       Classes.TResourceStream.Destroy
 0001:00043270       Classes.TResourceStream.Initialize
 0001:0004330C       Classes.TResourceStream.Write
 0001:00042588       Classes.TStream.CopyFrom
 0001:000429C8       Classes.TStream.FixupResourceHeader
 0001:00042274       Classes.TStream.GetPosition
 0001:000422A8       Classes.TStream.GetSize
 0001:00035EA0       Classes.TStream.Read
 0001:000424C8       Classes.TStream.ReadBuffer
 0001:0004267C       Classes.TStream.ReadComponent
 0001:00042740       Classes.TStream.ReadComponentRes
 0001:00042AC0       Classes.TStream.ReadResHeader
 0001:00042458       Classes.TStream.Seek
 0001:000423D4       Classes.TStream.Seek
 0001:00042294       Classes.TStream.SetPosition
 0001:000422F4       Classes.TStream.SetSize
 0001:0004230C       Classes.TStream.SetSize
 0001:000422F8       Classes.TStream.SetSize64
 0001:00035EA8       Classes.TStream.Write
 0001:00042528       Classes.TStream.WriteBuffer
 0001:000426DC       Classes.TStream.WriteComponent
 0001:0004275C       Classes.TStream.WriteComponentRes
 0001:000426E4       Classes.TStream.WriteDescendent
 0001:00042A8C       Classes.TStream.WriteDescendentRes
 0001:00042764       Classes.TStream.WriteResourceHeader
 0001:0004C230       Classes.TStreamAdapter.Clone
 0001:0004C184       Classes.TStreamAdapter.Commit
 0001:0004BF7C       Classes.TStreamAdapter.CopyTo
 0001:0004BD40       Classes.TStreamAdapter.Create
 0001:0004BD8C       Classes.TStreamAdapter.Destroy
 0001:0004C19C       Classes.TStreamAdapter.LockRegion
 0001:0004BDC4       Classes.TStreamAdapter.Read
 0001:0004C190       Classes.TStreamAdapter.Revert
 0001:0004BE94       Classes.TStreamAdapter.Seek
 0001:0004BF18       Classes.TStreamAdapter.SetSize
 0001:0004C1B4       Classes.TStreamAdapter.Stat
 0001:0004C1A8       Classes.TStreamAdapter.UnlockRegion
 0001:0004BE2C       Classes.TStreamAdapter.Write
 0001:00041A94       Classes.TStringList.Add
 0001:00041AA4       Classes.TStringList.AddObject
 0001:00041B08       Classes.TStringList.Assign
 0001:00041B44       Classes.TStringList.Changed
 0001:00041B60       Classes.TStringList.Changing
 0001:00041B7C       Classes.TStringList.Clear
 0001:000421B4       Classes.TStringList.CompareStrings
 0001:000421D0       Classes.TStringList.Create
 0001:00042208       Classes.TStringList.Create
 0001:0004217C       Classes.TStringList.CustomSort
 0001:00041C64       Classes.TStringList.Delete
 0001:00041988       Classes.TStringList.Destroy
 0001:00041CF0       Classes.TStringList.Exchange
 0001:00041D4C       Classes.TStringList.ExchangeItems
 0001:00041D70       Classes.TStringList.Find
 0001:00041DF4       Classes.TStringList.Get
 0001:00041E24       Classes.TStringList.GetCapacity
 0001:00041E28       Classes.TStringList.GetCount
 0001:00041E2C       Classes.TStringList.GetObject
 0001:00041E50       Classes.TStringList.Grow
 0001:00041E84       Classes.TStringList.IndexOf
 0001:00041EC0       Classes.TStringList.Insert
 0001:00041F24       Classes.TStringList.InsertItem
 0001:00041ED0       Classes.TStringList.InsertObject
 0001:00041FA0       Classes.TStringList.Put
 0001:00041FF8       Classes.TStringList.PutObject
 0001:00042034       Classes.TStringList.QuickSort
 0001:000420CC       Classes.TStringList.SetCapacity
 0001:0004224C       Classes.TStringList.SetCaseSensitive
 0001:0004210C       Classes.TStringList.SetSorted
 0001:0004212C       Classes.TStringList.SetUpdateState
 0001:0004216C       Classes.TStringList.Sort
 0001:0003FF1C       Classes.TStrings.Add
 0001:0003FF40       Classes.TStrings.AddObject
 0001:0003FF70       Classes.TStrings.AddStrings
 0001:0004008C       Classes.TStrings.AddStrings
 0001:00040028       Classes.TStrings.AddStrings
 0001:0003FF64       Classes.TStrings.Append
 0001:00040130       Classes.TStrings.Assign
 0001:0004020C       Classes.TStrings.BeginUpdate
 0001:000350EC       Classes.TStrings.Clear
 0001:00041858       Classes.TStrings.CompareStrings
 0001:0003FE64       Classes.TStrings.Create
 0001:0004027C       Classes.TStrings.DefineProperties
 0001:000350F4       Classes.TStrings.Delete
 0001:0003FEAC       Classes.TStrings.Destroy
 0001:000402D4       Classes.TStrings.EndUpdate
 0001:000402E8       Classes.TStrings.Equals
 0001:00040390       Classes.TStrings.Error
 0001:00040414       Classes.TStrings.Exchange
 0001:00040500       Classes.TStrings.ExtractName
 0001:0004057C       Classes.TStrings.GetCapacity
 0001:00040584       Classes.TStrings.GetCommaText
 0001:0004061C       Classes.TStrings.GetDelimitedText
 0001:000416B4       Classes.TStrings.GetDelimiter
 0001:0004088C       Classes.TStrings.GetEnumerator
 0001:000416D0       Classes.TStrings.GetLineBreak
 0001:0004089C       Classes.TStrings.GetName
 0001:00041864       Classes.TStrings.GetNameValueSeparator
 0001:000408FC       Classes.TStrings.GetObject
 0001:0004170C       Classes.TStrings.GetQuoteChar
 0001:00041728       Classes.TStrings.GetStrictDelimiter
 0001:00040900       Classes.TStrings.GetText
 0001:00040954       Classes.TStrings.GetTextStr
 0001:00040A98       Classes.TStrings.IndexOf
 0001:00040B24       Classes.TStrings.IndexOfName
 0001:00040BF8       Classes.TStrings.IndexOfObject
 0001:000350FC       Classes.TStrings.Insert
 0001:00040C2C       Classes.TStrings.InsertObject
 0001:00040C5C       Classes.TStrings.LoadFromFile
 0001:00040CB0       Classes.TStrings.LoadFromFile
 0001:00040D18       Classes.TStrings.LoadFromStream
 0001:00040D0C       Classes.TStrings.LoadFromStream
 0001:00040E1C       Classes.TStrings.Move
 0001:00040EDC       Classes.TStrings.Put
 0001:00040F0C       Classes.TStrings.PutObject
 0001:00040F10       Classes.TStrings.ReadData
 0001:00040FC0       Classes.TStrings.SaveToFile
 0001:00040FD0       Classes.TStrings.SaveToFile
 0001:00041040       Classes.TStrings.SaveToStream
 0001:00041030       Classes.TStrings.SaveToStream
 0001:000410FC       Classes.TStrings.SetCapacity
 0001:00041100       Classes.TStrings.SetCommaText
 0001:00041740       Classes.TStrings.SetDefaultEncoding
 0001:00041504       Classes.TStrings.SetDelimitedText
 0001:00041788       Classes.TStrings.SetDelimiter
 0001:000417A8       Classes.TStrings.SetEncoding
 0001:000417F0       Classes.TStrings.SetLineBreak
 0001:00041880       Classes.TStrings.SetNameValueSeparator
 0001:0004181C       Classes.TStrings.SetQuoteChar
 0001:0004183C       Classes.TStrings.SetStrictDelimiter
 0001:00041198       Classes.TStrings.SetStringsAdapter
 0001:000411CC       Classes.TStrings.SetText
 0001:0004121C       Classes.TStrings.SetTextStr
 0001:000413C8       Classes.TStrings.SetUpdateState
 0001:000413CC       Classes.TStrings.SetValue
 0001:00041938       Classes.TStrings.ToObjectArray
 0001:000418A0       Classes.TStrings.ToStringArray
 0001:00041480       Classes.TStrings.WriteData
 0001:0003FDEC       Classes.TStringsEnumerator.Create
 0001:0003FE30       Classes.TStringsEnumerator.GetCurrent
 0001:0003FE48       Classes.TStringsEnumerator.MoveNext
 0004:00004F58       Classes.TThread.$ClassInitFlag
 0001:00049D78       Classes.TThread.AfterConstruction
 0001:00049E58       Classes.TThread.CallOnTerminate
 0001:00049D8C       Classes.TThread.CheckTerminated
 0001:00049DC4       Classes.TThread.CheckThreadError
 0001:00049E40       Classes.TThread.CheckThreadError
 0001:00049BC8       Classes.TThread.Create
 0001:00049B90       Classes.TThread.Create
 0002:0000026C       Classes.TThread.Create@
 0001:00049CCC       Classes.TThread.CreateAnonymousThread
 0001:00049CDC       Classes.TThread.Destroy
 0001:00049D50       Classes.TThread.Destroy@
 0001:00049E6C       Classes.TThread.DoTerminate
 0005:00000008       Classes.TThread.FCurrentThread
 0004:00004F54       Classes.TThread.FProcessorCount
 0001:00049E80       Classes.TThread.GetCurrentThread
 0001:00049FA0       Classes.TThread.GetPriority
 0001:00049EF4       Classes.TThread.InternalStart
 0001:0004AA20       Classes.TThread.NameThreadForDebugging
 0001:0004A5F8       Classes.TThread.Queue
 0001:0004A094       Classes.TThread.Queue
 0001:0004A008       Classes.TThread.Queue
 0001:0004A160       Classes.TThread.Queue
 0001:0004A200       Classes.TThread.RemoveQueuedEvents
 0001:0004A78C       Classes.TThread.RemoveQueuedEvents
 0001:0004A840       Classes.TThread.RemoveQueuedEvents
 0001:0004A910       Classes.TThread.Resume
 0001:00049FDC       Classes.TThread.SetPriority
 0001:0004A2D4       Classes.TThread.SetReturnValue
 0001:0004A854       Classes.TThread.SetSuspended
 0001:0004A888       Classes.TThread.Sleep
 0001:0004A86C       Classes.TThread.SpinWait
 0001:0004A898       Classes.TThread.Start
 0001:0004A310       Classes.TThread.StaticQueue
 0001:0004A778       Classes.TThread.StaticSynchronize
 0001:0004A8A0       Classes.TThread.Suspend
 0001:0004A6DC       Classes.TThread.Synchronize
 0001:0004A568       Classes.TThread.Synchronize
 0001:0004A500       Classes.TThread.Synchronize
 0001:0004A324       Classes.TThread.Synchronize
 0001:0004A4CC       Classes.TThread.Synchronize
 0001:0004A938       Classes.TThread.Terminate
 0001:0004A95C       Classes.TThread.WaitFor
 0001:0004A890       Classes.TThread.Yield
 0001:0003E800       Classes.TThreadList.Add
 0001:0003E888       Classes.TThreadList.Clear
 0001:0003E72C       Classes.TThreadList.Create
 0001:0003E784       Classes.TThreadList.Destroy
 0001:0003E8D0       Classes.TThreadList.LockList
 0001:0003E8F0       Classes.TThreadList.Remove
 0001:0003E8F8       Classes.TThreadList.RemoveItem
 0001:0003E94C       Classes.TThreadList.UnlockList
 0001:00046E58       Classes.TWriter.AddAncestor
 0001:00046E8C       Classes.TWriter.DefineBinaryProperty
 0001:00046E64       Classes.TWriter.DefineProperty
 0001:00046E2C       Classes.TWriter.Destroy
 0001:00046EC8       Classes.TWriter.FindMethodName
 0001:00046F10       Classes.TWriter.FlushBuffer
 0001:0004943C       Classes.TWriter.GetLookupInfo
 0001:00046EB8       Classes.TWriter.GetPosition
 0001:00046F18       Classes.TWriter.SetPosition
 0001:00046F54       Classes.TWriter.SetRoot
 0001:00046F6C       Classes.TWriter.Write
 0001:00046FB8       Classes.TWriter.WriteBinary
 0001:00047058       Classes.TWriter.WriteBoolean
 0001:00047040       Classes.TWriter.WriteBuffer
 0001:0004706C       Classes.TWriter.WriteChar
 0001:0004710C       Classes.TWriter.WriteCollection
 0001:000471FC       Classes.TWriter.WriteComponent
 0001:000477A4       Classes.TWriter.WriteCurrency
 0001:00047350       Classes.TWriter.WriteData
 0001:000477C8       Classes.TWriter.WriteDate
 0001:00047710       Classes.TWriter.WriteDescendent
 0001:00047780       Classes.TWriter.WriteDouble
 0001:00047738       Classes.TWriter.WriteFloat
 0001:000477EC       Classes.TWriter.WriteIdent
 0001:000478D0       Classes.TWriter.WriteInteger
 0001:00047944       Classes.TWriter.WriteInteger
 0001:0004799C       Classes.TWriter.WriteListBegin
 0001:000479A4       Classes.TWriter.WriteListEnd
 0001:00049214       Classes.TWriter.WriteMinStr
 0001:000479AC       Classes.TWriter.WritePrefix
 0001:000479F4       Classes.TWriter.WriteProperties
 0001:00048C28       Classes.TWriter.WriteProperty
 0001:0004915C       Classes.TWriter.WritePropName
 0001:000491B0       Classes.TWriter.WriteRootComponent
 0001:000491B8       Classes.TWriter.WriteSignature
 0001:0004775C       Classes.TWriter.WriteSingle
 0001:000491C8       Classes.TWriter.WriteStr
 0001:000492D8       Classes.TWriter.WriteString
 0001:0004938C       Classes.TWriter.WriteUTF8Str
 0001:00049428       Classes.TWriter.WriteValue
 0001:00048D7C       Classes.TWriter.WriteVariant
 0001:000470BC       Classes.TWriter.WriteWideChar
 0001:00049420       Classes.TWriter.WriteWideString
 0001:0003D658       Classes.UnregisterFindGlobalComponentProc
 0001:0003D140       Classes.UnRegisterModuleClasses
 0003:00001098       Classes.UtilWindowClass
 0001:00049888       Classes.WaitForSyncEvent
 0003:00000FB0       Classes.WakeMainThread
 0001:0003D98C       Classes.WriteCollection
 0001:0004837C       Classes.WriteCollectionProp
 0001:00048518       Classes.WriteFloatProp
 0001:00048558       Classes.WriteInt64Prop
 0001:00048978       Classes.WriteInterfaceProp
 0001:00048310       Classes.WriteIntProp
 0001:00048B34       Classes.WriteMethodProp
 0001:00048764       Classes.WriteObjectProp
 0001:00048420       Classes.WriteOrdProp
 0001:00048224       Classes.WritePropPath
 0001:0004827C       Classes.WriteSet
 0001:00048594       Classes.WriteStrProp
 0001:00048BC4       Classes.WriteVariantProp
 0004:00005274       Clipbrd..3
 0001:000DAA48       Clipbrd..EClipboardException
 0001:000DA5E4       Clipbrd..TClipboard
 0004:00005272       Clipbrd.CF_COMPONENT
 0004:00005270       Clipbrd.CF_PICTURE
 0001:000DB570       Clipbrd.Clipboard
 0002:00000BA0       Clipbrd.Clipbrd
 0004:00005278       Clipbrd.FClipboard
 0001:000DB620       Clipbrd.Finalization
 0001:000DB4B8       Clipbrd.HasAPicture
 0001:000DAB34       Clipbrd.TClipboard.Adding
 0001:000DB3B8       Clipbrd.TClipboard.Assign
 0001:000DB334       Clipbrd.TClipboard.AssignGraphic
 0001:000DB2B0       Clipbrd.TClipboard.AssignPicture
 0001:000DB248       Clipbrd.TClipboard.AssignTo
 0001:000DB178       Clipbrd.TClipboard.AssignToBitmap
 0001:000DB1E4       Clipbrd.TClipboard.AssignToMetafile
 0001:000DB0C0       Clipbrd.TClipboard.AssignToPicture
 0001:000DAAF0       Clipbrd.TClipboard.Clear
 0001:000DAB50       Clipbrd.TClipboard.Close
 0001:000DB5EC       Clipbrd.TClipboard.Destroy
 0001:000DB404       Clipbrd.TClipboard.GetAsHandle
 0001:000DB00C       Clipbrd.TClipboard.GetAsText
 0001:000DAC50       Clipbrd.TClipboard.GetComponent
 0001:000DB4B0       Clipbrd.TClipboard.GetFormatCount
 0001:000DAF64       Clipbrd.TClipboard.GetTextBuf
 0001:000DB538       Clipbrd.TClipboard.HasFormat
 0001:000DB590       Clipbrd.TClipboard.MainWndProc
 0001:000DAB7C       Clipbrd.TClipboard.Open
 0001:000DB458       Clipbrd.TClipboard.SetAsHandle
 0001:000DB08C       Clipbrd.TClipboard.SetAsText
 0001:000DADF4       Clipbrd.TClipboard.SetBuffer
 0001:000DAEF4       Clipbrd.TClipboard.SetComponent
 0001:000DAFE8       Clipbrd.TClipboard.SetTextBuf
 0001:000DAC30       Clipbrd.TClipboard.WndProc
 0004:0000522C       ComCtrls..96
 0001:000B2798       ComCtrls..ETreeViewError
 0001:000B67A4       ComCtrls..TConversion
 0001:000BB120       ComCtrls..TCustomListView
 0001:000B6930       ComCtrls..TCustomRichEdit
 0001:000B3120       ComCtrls..TCustomTreeView
 0001:000B9B20       ComCtrls..TIconOptions
 0001:000B8444       ComCtrls..TListColumn
 0001:000B8808       ComCtrls..TListColumns
 0001:000B7ED4       ComCtrls..TListGroup
 0001:000B82A4       ComCtrls..TListGroups
 0001:000B89F0       ComCtrls..TListItem
 0001:000B936C       ComCtrls..TListItems
 0001:000B91C8       ComCtrls..TListItemsEnumerator
 0001:000BC624       ComCtrls..TListView
 0001:000BDAD4       ComCtrls..TListViewActionLink
 0001:000B6304       ComCtrls..TParaAttributes
 0001:000B53D4       ComCtrls..TProgressBar
 0001:000B7028       ComCtrls..TRichEdit
 0001:000C8500       ComCtrls..TRichEditStrings
 0001:000CB374       ComCtrls..TSubItems
 0001:000B5FE8       ComCtrls..TTextAttributes
 0001:000BF000       ComCtrls..TToolBar
 0001:000BEE64       ComCtrls..TToolBarEnumerator
 0001:000BDDEC       ComCtrls..TToolButton
 0001:000BDC98       ComCtrls..TToolButtonActionLink
 0001:000B1010       ComCtrls..TTreeNode
 0001:000B1E60       ComCtrls..TTreeNodes
 0001:000B1C70       ComCtrls..TTreeNodesEnumerator
 0001:000C2FF8       ComCtrls..TTreeStrings
 0001:000B41B4       ComCtrls..TTreeView
 0001:000B9768       ComCtrls..TWorkArea
 0001:000B9984       ComCtrls..TWorkAreas
 0001:000C8EB4       ComCtrls.AdjustLineBreaks
 0001:000CA91C       ComCtrls.AppendConversionFormat
 0003:00001F70       ComCtrls.Arrangements
 0003:00001F78       ComCtrls.AutoArrange
 0003:00001F14       ComCtrls.AutoExpandStyles
 0003:00001F50       ComCtrls.BorderStyles
 0003:00001ECC       ComCtrls.BorderStyles
 0003:0000200C       ComCtrls.ButtonStates
 0003:0000201C       ComCtrls.ButtonStyles
 0003:00001EE4       ComCtrls.ButtonStyles
 0003:00001EC4       ComCtrls.cAddMode
 0001:000D5AC8       ComCtrls.CalcSize
 0003:00001F40       ComCtrls.Codes
 0003:00001FDC       ComCtrls.Codes
 0003:00001FA0       ComCtrls.ColumnClicks
 0004:00005230       ComCtrls.ComCtlVersion
 0002:00000B24       ComCtrls.ComCtrls
 0001:000D63D8       ComCtrls.ContainsActiveControl
 0001:000C932C       ComCtrls.ContainsPreamble
 0004:00005234       ComCtrls.ConversionFormatList
 0001:000CEFF4       ComCtrls.ConvertFlags
 0001:000CEE5C       ComCtrls.ConvertMask
 0001:000CF018       ComCtrls.ConvertStates
 0001:000C8B0C       ComCtrls.CountLineBreaks
 0003:00002050       ComCtrls.CustomizeStyles
 0001:000CD3AC       ComCtrls.DefaultListViewSort
 0001:000C0B0C       ComCtrls.DefaultTreeViewSort
 0003:00001FC8       ComCtrls.Directions
 0001:000CDFB4       ComCtrls.DoBufferedPaint
 0003:00002028       ComCtrls.DownMessage
 0003:00001EFC       ComCtrls.DragStyles
 0003:00001F58       ComCtrls.EditStyles
 0003:00001EEC       ComCtrls.EditStyles
 0001:000D9B78       ComCtrls.Finalization
 0001:000D7F6C       ComCtrls.FindButton
 0003:00002040       ComCtrls.FlatOnXp
 0003:00002038       ComCtrls.FlatStyles
 0001:000D9B18       ComCtrls.FreeConversionFormatList
 0004:0000523C       ComCtrls.FRichEditModule
 0003:00001FB8       ComCtrls.FullString
 0001:000CCD9C       ComCtrls.GetByteLength
 0001:000C0A7C       ComCtrls.GetComCtlVersion
 0001:000D4C24       ComCtrls.GetImageBitmap
 0001:000CCDB4       ComCtrls.GetListItemsFromStream
 0001:000D4EE8       ComCtrls.HasDropDownButton
 0003:00001F2C       ComCtrls.HideScrollBars
 0003:00001EF4       ComCtrls.HideSelections
 0003:00001F34       ComCtrls.HideSelections
 0003:00001F68       ComCtrls.HideSelections
 0003:00001F1C       ComCtrls.HotTrackStyles
 0003:00001FF4       ComCtrls.IAlignment
 0001:000C0A50       ComCtrls.InitCommonControl
 0003:00002058       ComCtrls.InitDone
 0001:000D82F0       ComCtrls.InitToolMenuHooks
 0001:000D83F0       ComCtrls.InitToolMenuKeyHooks
 0001:000D87FC       ComCtrls.IsMenuBar
 0001:000D7084       ComCtrls.IsToolButtonMouseMsg
 0004:00005250       ComCtrls.LastMenuItem
 0004:00005254       ComCtrls.LastMousePos
 0003:00001ED4       ComCtrls.LineStyles
 0003:00002030       ComCtrls.ListStyles
 0004:0000524C       ComCtrls.MenuButtonIndex
 0004:00005244       ComCtrls.MenuToolBar
 0004:00005248       ComCtrls.MenuToolBar2
 0003:00001F60       ComCtrls.MultiSelections
 0001:000C6F0C       ComCtrls.NodeInList
 0003:00001F3C       ComCtrls.Painting
 0001:000C7074       ComCtrls.ProgressLimitError
 0001:000CD898       ComCtrls.ReadCols
 0001:000D8328       ComCtrls.ReleaseToolMenuHooks
 0001:000D8414       ComCtrls.ReleaseToolMenuKeyHooks
 0003:00001EDC       ComCtrls.RootStyles
 0003:00001F24       ComCtrls.RowSelectStyles
 0003:00001EB4       ComCtrls.RTFConversionFormat
 0003:00001F04       ComCtrls.RTLStyles
 0001:000D7144       ComCtrls.SendDropdownMsg
 0001:000C0AC4       ComCtrls.SetComCtlStyle
 0004:00005238       ComCtrls.ShellModule
 0003:00001F98       ComCtrls.ShowColumns
 0001:000C6F3C       ComCtrls.SiblingNotInList
 0004:0000525C       ComCtrls.StillModal
 0001:000C9114       ComCtrls.StreamLoad
 0001:000C8F94       ComCtrls.StreamSave
 0001:000D9058       ComCtrls.TComboExItems.Add
 0001:000C8448       ComCtrls.TConversion.ConvertReadStream
 0001:000C84A4       ComCtrls.TConversion.ConvertWriteStream
 0001:000C8410       ComCtrls.TConversion.Create
 0001:000D2730       ComCtrls.TCustomListView.ActionChange
 0001:000D0074       ComCtrls.TCustomListView.AddItem
 0001:000D0710       ComCtrls.TCustomListView.AlphaSort
 0001:000D2398       ComCtrls.TCustomListView.AreItemsStored
 0001:000D0F90       ComCtrls.TCustomListView.Arrange
 0001:000D00DC       ComCtrls.TCustomListView.CanChange
 0001:000D01AC       ComCtrls.TCustomListView.CanEdit
 0001:000D1BE8       ComCtrls.TCustomListView.CanvasChanged
 0001:000D012C       ComCtrls.TCustomListView.Change
 0001:000CFF60       ComCtrls.TCustomListView.ChangeScale
 0001:000D26D0       ComCtrls.TCustomListView.Clear
 0001:000D2530       ComCtrls.TCustomListView.ClearSelection
 0001:000CE8C4       ComCtrls.TCustomListView.CMColorChanged
 0001:000CE8E8       ComCtrls.TCustomListView.CMCtl3DChanged
 0001:000D04E0       ComCtrls.TCustomListView.CMDrag
 0001:000CEB98       ComCtrls.TCustomListView.CMFontChanged
 0001:000D20B8       ComCtrls.TCustomListView.CMHintShow
 0001:000D1AB4       ComCtrls.TCustomListView.CNDrawItem
 0001:000CF064       ComCtrls.TCustomListView.CNNotify
 0001:000CFFFC       ComCtrls.TCustomListView.ColClick
 0001:000D001C       ComCtrls.TCustomListView.ColRightClick
 0001:000CEB80       ComCtrls.TCustomListView.ColumnsShowing
 0001:000D256C       ComCtrls.TCustomListView.CopySelection
 0001:000CD418       ComCtrls.TCustomListView.Create
 0001:000CEE14       ComCtrls.TCustomListView.CreateListItem
 0001:000CEE4C       ComCtrls.TCustomListView.CreateListItems
 0001:000CD76C       ComCtrls.TCustomListView.CreateParams
 0001:000CD94C       ComCtrls.TCustomListView.CreateWnd
 0001:000D1D04       ComCtrls.TCustomListView.CustomDraw
 0001:000D1D5C       ComCtrls.TCustomListView.CustomDrawItem
 0001:000D1DD0       ComCtrls.TCustomListView.CustomDrawSubItem
 0001:000D06CC       ComCtrls.TCustomListView.CustomSort
 0001:000D016C       ComCtrls.TCustomListView.Delete
 0001:000D25E0       ComCtrls.TCustomListView.DeleteSelected
 0001:000CD654       ComCtrls.TCustomListView.Destroy
 0001:000CDC48       ComCtrls.TCustomListView.DestroyWnd
 0001:000D188C       ComCtrls.TCustomListView.DoAutoSize
 0001:000D0614       ComCtrls.TCustomListView.DoDragOver
 0001:000D04B4       ComCtrls.TCustomListView.DoEndDrag
 0001:000D0354       ComCtrls.TCustomListView.DoGesture
 0001:000D21E0       ComCtrls.TCustomListView.DoInfoTip
 0001:000D03D4       ComCtrls.TCustomListView.DoStartDrag
 0001:000D1E48       ComCtrls.TCustomListView.DrawItem
 0001:000D1F04       ComCtrls.TCustomListView.DrawWorkAreas
 0001:000D01D8       ComCtrls.TCustomListView.Edit
 0001:000CE200       ComCtrls.TCustomListView.EditWndProc
 0001:000D0A64       ComCtrls.TCustomListView.FindCaption
 0001:000D0B34       ComCtrls.TCustomListView.FindData
 0001:000D2728       ComCtrls.TCustomListView.GetActionLinkClass
 0001:000D0808       ComCtrls.TCustomListView.GetBoundingRect
 0001:000D0A58       ComCtrls.TCustomListView.GetColumnFromIndex
 0001:000D2418       ComCtrls.TCustomListView.GetColumnFromTag
 0001:000D2688       ComCtrls.TCustomListView.GetCount
 0001:000D0288       ComCtrls.TCustomListView.GetDragImages
 0001:000D0D00       ComCtrls.TCustomListView.GetDropTarget
 0001:000D0D6C       ComCtrls.TCustomListView.GetFocused
 0001:000D0BD4       ComCtrls.TCustomListView.GetHitTestInfoAt
 0001:000D227C       ComCtrls.TCustomListView.GetHoverTime
 0001:000D0DC8       ComCtrls.TCustomListView.GetImageIndex
 0001:000CEEA8       ComCtrls.TCustomListView.GetItem
 0001:000D0F28       ComCtrls.TCustomListView.GetItemAt
 0001:000CED18       ComCtrls.TCustomListView.GetItemIndex
 0001:000D0EBC       ComCtrls.TCustomListView.GetNearestItem
 0001:000D0DE8       ComCtrls.TCustomListView.GetNextItem
 0001:000D1A54       ComCtrls.TCustomListView.GetSearchString
 0001:000CEFDC       ComCtrls.TCustomListView.GetSelCount
 0001:000D0C80       ComCtrls.TCustomListView.GetSelected
 0001:000D1EC0       ComCtrls.TCustomListView.GetSubItemImage
 0001:000D07C8       ComCtrls.TCustomListView.GetTopItem
 0001:000D07AC       ComCtrls.TCustomListView.GetViewOrigin
 0001:000D0784       ComCtrls.TCustomListView.GetVisibleRowCount
 0001:000CE040       ComCtrls.TCustomListView.HeaderWndProc
 0001:000CDD40       ComCtrls.TCustomListView.ImageListChange
 0001:000D004C       ComCtrls.TCustomListView.InsertItem
 0001:000D1BF0       ComCtrls.TCustomListView.IsCustomDrawn
 0001:000D0258       ComCtrls.TCustomListView.IsEditing
 0001:000CDDC8       ComCtrls.TCustomListView.Loaded
 0001:000D23D0       ComCtrls.TCustomListView.MouseUp
 0001:000CDE08       ComCtrls.TCustomListView.Notification
 0001:000CED40       ComCtrls.TCustomListView.OwnerDataFetch
 0001:000CED68       ComCtrls.TCustomListView.OwnerDataFind
 0001:000CEDB4       ComCtrls.TCustomListView.OwnerDataHint
 0001:000CEDDC       ComCtrls.TCustomListView.OwnerDataStateChange
 0001:000CE3B8       ComCtrls.TCustomListView.ResetExStyles
 0001:000CE4C0       ComCtrls.TCustomListView.RestoreChecks
 0001:000D2318       ComCtrls.TCustomListView.RestoreIndents
 0001:000CE554       ComCtrls.TCustomListView.SaveChecks
 0001:000D22AC       ComCtrls.TCustomListView.SaveIndents
 0001:000D0824       ComCtrls.TCustomListView.Scroll
 0001:000D2694       ComCtrls.TCustomListView.SelectAll
 0001:000CE88C       ComCtrls.TCustomListView.SetAllocBy
 0001:000CE764       ComCtrls.TCustomListView.SetBorderStyle
 0001:000CE5E0       ComCtrls.TCustomListView.SetCheckboxes
 0001:000CE778       ComCtrls.TCustomListView.SetColumnClick
 0001:000CE800       ComCtrls.TCustomListView.SetColumnHeaders
 0001:000D0D28       ComCtrls.TCustomListView.SetDropTarget
 0001:000CE73C       ComCtrls.TCustomListView.SetFlatScrollBars
 0001:000D0D84       ComCtrls.TCustomListView.SetFocused
 0001:000CE750       ComCtrls.TCustomListView.SetFullDrag
 0001:000CE698       ComCtrls.TCustomListView.SetGridLines
 0001:000D0844       ComCtrls.TCustomListView.SetGroupHeaderImages
 0001:000D223C       ComCtrls.TCustomListView.SetGroupView
 0001:000CEBD8       ComCtrls.TCustomListView.SetHideSelection
 0001:000CE6AC       ComCtrls.TCustomListView.SetHotTrack
 0001:000CE6C0       ComCtrls.TCustomListView.SetHotTrackStyles
 0001:000D2200       ComCtrls.TCustomListView.SetHoverTime
 0001:000CEC00       ComCtrls.TCustomListView.SetIconOptions
 0001:000CDCFC       ComCtrls.TCustomListView.SetImageList
 0001:000CE78C       ComCtrls.TCustomListView.SetItemIndex
 0001:000D06A0       ComCtrls.TCustomListView.SetItems
 0001:000D08C0       ComCtrls.TCustomListView.SetLargeImages
 0001:000D06AC       ComCtrls.TCustomListView.SetListColumns
 0001:000D06BC       ComCtrls.TCustomListView.SetListGroups
 0001:000CE7EC       ComCtrls.TCustomListView.SetMultiSelect
 0001:000CE6E8       ComCtrls.TCustomListView.SetOwnerData
 0001:000CE714       ComCtrls.TCustomListView.SetOwnerDraw
 0001:000CEBEC       ComCtrls.TCustomListView.SetReadOnly
 0001:000CE728       ComCtrls.TCustomListView.SetRowSelect
 0001:000D0C98       ComCtrls.TCustomListView.SetSelected
 0001:000D20A0       ComCtrls.TCustomListView.SetShowWorkAreas
 0001:000D0934       ComCtrls.TCustomListView.SetSmallImages
 0001:000D0748       ComCtrls.TCustomListView.SetSortType
 0001:000D09B0       ComCtrls.TCustomListView.SetStateImages
 0001:000CE840       ComCtrls.TCustomListView.SetTextBkColor
 0001:000CE814       ComCtrls.TCustomListView.SetTextColor
 0001:000CEC30       ComCtrls.TCustomListView.SetViewStyle
 0001:000CDD2C       ComCtrls.TCustomListView.StoreGroups
 0001:000D0FB8       ComCtrls.TCustomListView.StringWidth
 0001:000D158C       ComCtrls.TCustomListView.UpdateColumn
 0001:000D101C       ComCtrls.TCustomListView.UpdateColumns
 0001:000D1300       ComCtrls.TCustomListView.UpdateGroup
 0001:000D1094       ComCtrls.TCustomListView.UpdateGroups
 0001:000CE398       ComCtrls.TCustomListView.UpdateItems
 0001:000CEB8C       ComCtrls.TCustomListView.ValidHeaderHandle
 0001:000D2454       ComCtrls.TCustomListView.WMContextMenu
 0001:000D24DC       ComCtrls.TCustomListView.WMCtlColorEdit
 0001:000D16F8       ComCtrls.TCustomListView.WMLButtonDown
 0001:000CE90C       ComCtrls.TCustomListView.WMNotify
 0001:000D2078       ComCtrls.TCustomListView.WMPaint
 0001:000CECC8       ComCtrls.TCustomListView.WMParentNotify
 0001:000D2794       ComCtrls.TCustomListView.WMVScroll
 0001:000D1A20       ComCtrls.TCustomListView.WMWindowPosChanged
 0001:000D02A4       ComCtrls.TCustomListView.WndProc
 0001:000C9CC0       ComCtrls.TCustomRichEdit.Clear
 0001:000CA2AC       ComCtrls.TCustomRichEdit.CMBiDiModeChanged
 0001:000CA3D4       ComCtrls.TCustomRichEdit.CMColorChanged
 0001:000CA098       ComCtrls.TCustomRichEdit.CMFontChanged
 0001:000CA7A8       ComCtrls.TCustomRichEdit.CNNotify
 0001:000C9B28       ComCtrls.TCustomRichEdit.Create
 0001:000C9CF4       ComCtrls.TCustomRichEdit.CreateParams
 0001:000C9D98       ComCtrls.TCustomRichEdit.CreateWnd
 0001:000C9C64       ComCtrls.TCustomRichEdit.Destroy
 0001:000C9EF8       ComCtrls.TCustomRichEdit.DestroyWnd
 0001:000CA0A8       ComCtrls.TCustomRichEdit.DoSetMaxLength
 0001:000CA8C4       ComCtrls.TCustomRichEdit.FindText
 0001:000C9CD8       ComCtrls.TCustomRichEdit.GetActiveLineNo
 0001:000CA0C8       ComCtrls.TCustomRichEdit.GetCaretPos
 0001:000CA3BC       ComCtrls.TCustomRichEdit.GetPlainText
 0001:000CA16C       ComCtrls.TCustomRichEdit.GetSelLength
 0001:000CA194       ComCtrls.TCustomRichEdit.GetSelStart
 0001:000CA23C       ComCtrls.TCustomRichEdit.GetSelText
 0001:000CA1B8       ComCtrls.TCustomRichEdit.GetSelTextBuf
 0001:000CA440       ComCtrls.TCustomRichEdit.Print
 0001:000CA854       ComCtrls.TCustomRichEdit.ProtectChange
 0001:000CA99C       ComCtrls.TCustomRichEdit.RegisterConversionFormat
 0001:000CA8A4       ComCtrls.TCustomRichEdit.RequestSize
 0001:000CA824       ComCtrls.TCustomRichEdit.SaveClipboard
 0001:000CA884       ComCtrls.TCustomRichEdit.SelectionChange
 0001:000CA124       ComCtrls.TCustomRichEdit.SetCaretPos
 0001:000CA3AC       ComCtrls.TCustomRichEdit.SetDefAttributes
 0001:000CA300       ComCtrls.TCustomRichEdit.SetHideScrollBars
 0001:000CA314       ComCtrls.TCustomRichEdit.SetHideSelection
 0001:000CA3C8       ComCtrls.TCustomRichEdit.SetPlainText
 0001:000CA400       ComCtrls.TCustomRichEdit.SetRichEditStrings
 0001:000CA344       ComCtrls.TCustomRichEdit.SetSelAttributes
 0001:000CA354       ComCtrls.TCustomRichEdit.SetSelLength
 0001:000CA418       ComCtrls.TCustomRichEdit.SetSelStart
 0001:000CA00C       ComCtrls.TCustomRichEdit.WMNCDestroy
 0001:000CA638       ComCtrls.TCustomRichEdit.WMPaint
 0001:000CA024       ComCtrls.TCustomRichEdit.WMRButtonUp
 0001:000CA6FC       ComCtrls.TCustomRichEdit.WMSetCursor
 0001:000CA014       ComCtrls.TCustomRichEdit.WMSetFont
 0001:000C5908       ComCtrls.TCustomTreeView.Added
 0001:000C449C       ComCtrls.TCustomTreeView.AlphaSort
 0001:000C587C       ComCtrls.TCustomTreeView.CanChange
 0001:000C59D4       ComCtrls.TCustomTreeView.CanCollapse
 0001:000C5A00       ComCtrls.TCustomTreeView.CanEdit
 0001:000C5980       ComCtrls.TCustomTreeView.CanExpand
 0001:000C634C       ComCtrls.TCustomTreeView.CanvasChanged
 0001:000C58B0       ComCtrls.TCustomTreeView.Change
 0001:000C64C8       ComCtrls.TCustomTreeView.ClearSelection
 0001:000C43E8       ComCtrls.TCustomTreeView.CMColorChanged
 0001:000C4424       ComCtrls.TCustomTreeView.CMCtl3DChanged
 0001:000C5758       ComCtrls.TCustomTreeView.CMDrag
 0001:000C4440       ComCtrls.TCustomTreeView.CMFontChanged
 0001:000C4480       ComCtrls.TCustomTreeView.CMSysColorChange
 0001:000C4A88       ComCtrls.TCustomTreeView.CNNotify
 0001:000C59B4       ComCtrls.TCustomTreeView.Collapse
 0001:000C6500       ComCtrls.TCustomTreeView.ControlSelectNode
 0001:000C6564       ComCtrls.TCustomTreeView.ControlShiftSelectNode
 0001:000C3A08       ComCtrls.TCustomTreeView.Create
 0001:000C5ADC       ComCtrls.TCustomTreeView.CreateNode
 0001:000C5B14       ComCtrls.TCustomTreeView.CreateNodes
 0001:000C3C84       ComCtrls.TCustomTreeView.CreateParams
 0001:000C3DB0       ComCtrls.TCustomTreeView.CreateWnd
 0001:000C63F4       ComCtrls.TCustomTreeView.CustomDraw
 0001:000C644C       ComCtrls.TCustomTreeView.CustomDrawItem
 0001:000C44A8       ComCtrls.TCustomTreeView.CustomSort
 0001:000C5930       ComCtrls.TCustomTreeView.Delete
 0001:000C6EE8       ComCtrls.TCustomTreeView.Deselect
 0001:000C3BD4       ComCtrls.TCustomTreeView.Destroy
 0001:000C4068       ComCtrls.TCustomTreeView.DestroyWnd
 0001:000C57E0       ComCtrls.TCustomTreeView.DoDragOver
 0001:000C5738       ComCtrls.TCustomTreeView.DoEndDrag
 0001:000C6580       ComCtrls.TCustomTreeView.DoEnter
 0001:000C6594       ComCtrls.TCustomTreeView.DoExit
 0001:000C56A0       ComCtrls.TCustomTreeView.DoStartDrag
 0001:000C5A2C       ComCtrls.TCustomTreeView.Edit
 0001:000C4250       ComCtrls.TCustomTreeView.EditWndProc
 0001:000C5958       ComCtrls.TCustomTreeView.Expand
 0001:000C6FA4       ComCtrls.TCustomTreeView.FindNextToSelect
 0001:000C65A8       ComCtrls.TCustomTreeView.FinishSelection
 0001:000C4878       ComCtrls.TCustomTreeView.FullCollapse
 0001:000C484C       ComCtrls.TCustomTreeView.FullExpand
 0001:000C49B8       ComCtrls.TCustomTreeView.GetChangeDelay
 0001:000C55EC       ComCtrls.TCustomTreeView.GetDragImages
[...]
   967 0001:00103FB1   969 0001:00103FC3   971 0001:00104008   973 0001:00104019
   974 0001:00104020   979 0001:0010402D   983 0001:00104040   985 0001:00104056
   987 0001:0010408B   988 0001:00104090   989 0001:0010409F   987 0001:001040A0
   992 0001:001040AA   993 0001:001040DC   994 0001:001040E1   995 0001:001040F0
   993 0001:001040F1   997 0001:001040FB   998 0001:0010412C  1003 0001:001041A1
  1006 0001:001041A8  1010 0001:001041AE  1011 0001:001041B8  1013 0001:001041C4
  1016 0001:00104240  1017 0001:00104243  1018 0001:00104250  1019 0001:0010425B
  1020 0001:00104268  1021 0001:00104275  1022 0001:00104282  1028 0001:00104284
  1029 0001:001042A9  1030 0001:001042C1  1031 0001:001042D7  1032 0001:001042F4
  1033 0001:00104312  1034 0001:00104327  1035 0001:0010433C  1039 0001:00104373
  1041 0001:00104388  1042 0001:0010439E  1044 0001:001043A2  1045 0001:001043AB
  1042 0001:001043B4  1048 0001:001043B8  1049 0001:001043BA  1055 0001:001044FC
  1056 0001:0010452F  1059 0001:00104539  1060 0001:00104561  1062 0001:0010457C
  1063 0001:00104587  1065 0001:00104599  1066 0001:001045C4  1063 0001:001045C5
  1067 0001:001045C8  1070 0001:0010461C  1071 0001:00104630  1072 0001:00104641
  1073 0001:0010464C  1074 0001:0010465B  1077 0001:00104674  1078 0001:0010467A
  1080 0001:0010467E  1082 0001:00104683  1083 0001:0010468C  1085 0001:00104695
  1086 0001:0010469A  1088 0001:0010469E  1078 0001:001046A7  1090 0001:001046AB
  1093 0001:001046B0  1094 0001:001046D0  1095 0001:001046DE  1097 0001:001046E7
  1098 0001:001046EE  1099 0001:001046F7  1102 0001:00104703  1103 0001:0010470C
  1110 0001:00104730  1111 0001:00104756  1112 0001:00104767  1113 0001:00104782
  1114 0001:00104787  1115 0001:0010478D  1116 0001:00104792  1118 0001:0010479B
  1119 0001:001047A5  1120 0001:001047BD  1121 0001:001047CF  1123 0001:001047E9
  1124 0001:001047F6  1125 0001:00104808  1127 0001:0010481F  1128 0001:0010482C
  1129 0001:0010483C  1130 0001:0010484E  1132 0001:00104878  1134 0001:0010488E
  1135 0001:0010489E  1136 0001:001048AB  1137 0001:001048BB  1138 0001:001048CD
  1139 0001:001048E7  1142 0001:001048FF  1143 0001:0010490A  1145 0001:00104910
  1146 0001:0010491D  1147 0001:0010492A  1148 0001:0010493C  1149 0001:0010494C
  1150 0001:0010495E  1153 0001:0010496C  1155 0001:00104982  1156 0001:0010498F
  1157 0001:001049A1  1158 0001:001049B1  1159 0001:001049C3  1162 0001:001049DD
  1165 0001:00104A98  1166 0001:00104A9B  1167 0001:00104AA9  1170 0001:00104AAC
  1171 0001:00104AAF  1173 0001:00104AB9  1174 0001:00104ABE  1175 0001:00104AC6
  1177 0001:00104ACD  1183 0001:00104AD0  1184 0001:00104AEE  1185 0001:00104AFF
  1186 0001:00104B06  1188 0001:00104B10  1190 0001:00104B25  1192 0001:00104B2E
  1193 0001:00104B3C  1194 0001:00104B54  1198 0001:00104B64  1199 0001:00104B70
  1201 0001:00104B80  1203 0001:00104B98  1204 0001:00104BA7  1205 0001:00104BB6
  1206 0001:00104BC5  1207 0001:00104BD4  1208 0001:00104BE3  1211 0001:00104BF2
  1213 0001:00104C12  1214 0001:00104C28  1215 0001:00104C31  1216 0001:00104C3A
  1211 0001:00104C3D  1217 0001:00104C40  1218 0001:00104C47  1221 0001:00104C6C
  1222 0001:00104C72  1223 0001:00104C7F  1224 0001:00104C8C  1225 0001:00104C99
  1226 0001:00104CA6  1227 0001:00104CB3  1228 0001:00104CC0  1229 0001:00104CCD
  1232 0001:00104CD0  1234 0001:00104CD4  1235 0001:00104CE6  1237 0001:00104CED
  1238 0001:00104CF8  1239 0001:00104CFF  1240 0001:00104D06  1241 0001:00104D17
  1242 0001:00104D20  1243 0001:00104D27  1244 0001:00104D3D  1245 0001:00104D49
  1246 0001:00104D56  1247 0001:00104D67  1258 0001:00104D6E  1259 0001:00104D7B
  1260 0001:00104D88  1263 0001:00104D95  1264 0001:00104DA1  1265 0001:00104DA8
  1267 0001:00104DBD  1268 0001:00104DC9  1269 0001:00104DD0  1272 0001:00104DD4
  1273 0001:00104DD7  1274 0001:00104DEA  1275 0001:00104DF1  1276 0001:00104DF8
  1277 0001:00104E01  1278 0001:00104E0C  1280 0001:00104E14  1288 0001:00104E18
  1289 0001:00104E1D  1292 0001:00104E20  1293 0001:00104E26  1296 0001:00104E2F
  1297 0001:00104E36  1298 0001:00104E4C  1303 0001:00104E50  1304 0001:00104E58
  1306 0001:00104E6B  1307 0001:00104E78  1309 0001:00104E93  1311 0001:00104EAB
  1312 0001:00104EC7  1314 0001:00104EC9  1307 0001:00104ECA  1315 0001:00104ECD
  1317 0001:00104ED6  1320 0001:00104EDC  1321 0001:00104EDF  1323 0001:00104EEE
  1325 0001:00104F07  1328 0001:00104F0C  1329 0001:00104F0F  1330 0001:00104F15
  1332 0001:00104F1C  1333 0001:00104F23  1336 0001:00104F28  1337 0001:00104F46
  1338 0001:00104F50  1339 0001:00104F52  1342 0001:00104F78  1343 0001:00104F96
  1344 0001:00104FA0  1345 0001:00104FA2  1353 0001:00104FC8  1354 0001:00104FDF
  1356 0001:00104FE3  1357 0001:00104FF3  1359 0001:00105005  1360 0001:0010500E
  1362 0001:00105012  1363 0001:0010501E  1360 0001:00105027  1367 0001:0010502B
  1368 0001:00105050  1369 0001:0010505A  1370 0001:0010506E  1371 0001:0010507C
  1373 0001:00105092  1375 0001:001050AE  1376 0001:001050B6  1379 0001:001050BC
  1380 0001:001050C2  1382 0001:001050D7  1383 0001:001050EB  1384 0001:001050F4
  1386 0001:001050F9  1389 0001:001050FC  1390 0001:001050FF  1391 0001:0010511F
  1392 0001:00105128  1395 0001:0010512C  1396 0001:0010512F  1397 0001:0010514F
  1398 0001:00105158  1404 0001:0010515C  1406 0001:00105161  1409 0001:00105183
  1411 0001:0010519E  1412 0001:001051B4  1413 0001:001051BF  1409 0001:001051C0
  1414 0001:001051C3  1415 0001:001051CC  1419 0001:001051D0  1420 0001:001051D5
  1424 0001:001051D8  1425 0001:001051DD  1428 0001:001051E0  1429 0001:001051E3
  1431 0001:001051E9  1433 0001:001051F5  1434 0001:001051FC  1437 0001:00105200
  1438 0001:00105204  1440 0001:0010520A  1441 0001:00105218  1442 0001:00105227
  1443 0001:00105236  1446 0001:0010523C  1449 0001:00105253  1452 0001:00105258
  1454 0001:0010525B  1455 0001:00105272  1456 0001:0010527C  1461 0001:00105280
  1462 0001:00105297  1467 0001:00105298  1468 0001:0010529D  1469 0001:0010529F
  1471 0001:001052AA  1472 0001:001052B3  1474 0001:001052B7  1475 0001:001052C0
  1472 0001:001052CB  1478 0001:001052CF  1483 0001:001052D8  1484 0001:001052DF
  1485 0001:001052EC  1487 0001:001052F5  1488 0001:001052FE  1490 0001:00105302
  1491 0001:0010530B  1488 0001:00105316  1493 0001:0010531A  1498 0001:00105320
  1500 0001:00105328  1503 0001:00105344  1504 0001:00105358  1505 0001:00105366
  1506 0001:0010537E  1508 0001:00105382  1509 0001:0010538B  1510 0001:00105395
  1513 0001:001053AC  1515 0001:001053C8  1519 0001:001053CC  1520 0001:001053E2
  1523 0001:001053E4  1524 0001:001053E8  1525 0001:001053F3  1526 0001:00105402
  1527 0001:00105419  1528 0001:0010542E  1529 0001:0010544A  1532 0001:00105450
  1533 0001:00105473  1535 0001:0010547D  1538 0001:00105489  1539 0001:001054A9
  1540 0001:001054B7  1543 0001:001054BC  1544 0001:001054C6  1545 0001:001054D4
  1546 0001:001054E4  1548 0001:001054F4  1550 0001:00105504  1551 0001:0010550E
  1552 0001:00105516  1553 0001:0010551E  1554 0001:00105535  1555 0001:00105543
  1556 0001:00105557  1557 0001:00105570  1558 0001:00105580  1559 0001:00105590
  1561 0001:001055A0  1563 0001:001055B7  1564 0001:001055CE  1565 0001:001055E5
  1566 0001:001055F3  1569 0001:00105613  1570 0001:0010561D  1572 0001:0010562F
  1575 0001:0010573C  1576 0001:0010573F  1579 0001:00105748  1580 0001:0010574F
  1581 0001:0010575C  1584 0001:00105760  1585 0001:00105763  1586 0001:0010576D
  1587 0001:00105772  1588 0001:0010577C  1589 0001:00105783  1593 0001:00105788
  1594 0001:0010578E  1595 0001:0010579A  1599 0001:0010579C  1600 0001:001057A2
  1601 0001:001057AE  1604 0001:001057B0  1605 0001:001057B4  1607 0001:001057BA
  1608 0001:001057C8  1609 0001:001057D7  1610 0001:001057DD  1612 0001:001057EA
  1616 0001:001057F0  1617 0001:001057F4  1619 0001:001057FA  1620 0001:00105808
  1621 0001:0010580E  1623 0001:0010581B  1627 0001:00105820  1628 0001:00105824
  1630 0001:0010582A  1631 0001:00105838  1632 0001:0010583E  1634 0001:0010584B
  1638 0001:00105850  1639 0001:00105856  1640 0001:00105862  1643 0001:00105864
  1644 0001:00105867  1645 0001:00105878  1646 0001:00105889  1647 0001:0010589A
  1650 0001:0010589C  1651 0001:001058B2  1652 0001:001058BB  1653 0001:001058DF
  1657 0001:00105900  1658 0001:00105907  1665 0001:00105908  1666 0001:0010590F
  1667 0001:00105915  1670 0001:00105935  1671 0001:00105949  1673 0001:0010595B
  1675 0001:00105966  1677 0001:0010596F  1682 0001:00105978  1683 0001:00105991
  1684 0001:0010599D  1686 0001:001059A9  1688 0001:001059B7  1691 0001:001059CF
  1695 0001:001059DD  1697 0001:001059E9  1700 0001:00105A0C  1701 0001:00105A0F
  1702 0001:00105A1A  1703 0001:00105A25  1707 0001:00105A28  1708 0001:00105A2E
  1709 0001:00105A3A  1712 0001:00105A3C  1713 0001:00105A52  1714 0001:00105A5E
  1716 0001:00105A83  1717 0001:00105A93  1720 0001:00105AB8  1721 0001:00105AD6
  1722 0001:00105AF2  1723 0001:00105B00  1726 0001:00105B33  1728 0001:00105B43
  1731 0001:00105BC4  1732 0001:00105BE5  1733 0001:00105BF1  1735 0001:00105C62
  1736 0001:00105C7E  1737 0001:00105C8C  1739 0001:00105CB6  1741 0001:00105CC6
  1744 0001:00105D50  1745 0001:00105D53  1746 0001:00105D85  1749 0001:00105D88
  1750 0001:00105D8B  1751 0001:00105DA6  1754 0001:00105DA8  1755 0001:00105DAB
  1756 0001:00105DC5  1757 0001:00105DDB  1758 0001:00105DE4  1761 0001:00105DE8
  1762 0001:00105DEB  1763 0001:00105E05  1764 0001:00105E0E  1768 0001:00105E10
  1769 0001:00105E1A  1770 0001:00105E21  1774 0001:00105E24  1775 0001:00105E47
  1778 0001:00105E48  1779 0001:00105E72  1780 0001:00105E87  1782 0001:00105EB3
  1784 0001:00105EC6  1785 0001:00105ED4  1788 0001:00105F10  1789 0001:00105F3A
  1790 0001:00105F4F  1792 0001:00105F7B  1794 0001:00105F8E  1795 0001:00105F9C
  1798 0001:00105FD8  1799 0001:00105FDB  1800 0001:00105FEC  1804 0001:00105FF0
  1805 0001:00105FF3  1806 0001:00106007  1809 0001:0010600C  1810 0001:0010600F
  1812 0001:00106013  1814 0001:00106020  1818 0001:00106024  1819 0001:0010603D
  1821 0001:00106089  1824 0001:001060AC  1825 0001:001060B2  1826 0001:001060C1
  1828 0001:001060CB  1829 0001:001060E1  1835 0001:001060E4  1836 0001:001060FD
  1837 0001:00106108  1838 0001:00106110  1840 0001:00106122  1842 0001:0010612F
  1844 0001:00106133  1845 0001:0010613F  1846 0001:0010615D  1842 0001:00106166
  1848 0001:0010616A  1851 0001:001061A8  1852 0001:001061AB  1853 0001:001061B2
  1854 0001:001061B9  1855 0001:001061C9  1856 0001:001061D9  1860 0001:001061E6
  1861 0001:001061F1  1863 0001:001061F9  1868 0001:001061FC  1869 0001:00106212
  1870 0001:0010621C  1871 0001:0010623E  1876 0001:00106260  1877 0001:0010627F
  1878 0001:00106294  1881 0001:001062A2  1882 0001:001062AD  1884 0001:001062C5
  1887 0001:001062D5  1890 0001:001062F8  1891 0001:0010630E  1892 0001:00106320
  1895 0001:00106344  1896 0001:00106358  1897 0001:00106361  1900 0001:0010637C
  1901 0001:0010638D  1907 0001:001063A4  1923 0001:001063B6  1925 0001:001063CF
  1926 0001:001063E0  1927 0001:001063EF  1929 0001:001063FC  1935 0001:00106404
  1936 0001:00106408  1938 0001:00106417  1939 0001:00106429  1941 0001:0010642D
  1944 0001:0010643A  1939 0001:00106443  1947 0001:00106447  1952 0001:0010644C
  1953 0001:00106466  1954 0001:00106472  1956 0001:0010648A  1957 0001:0010648C
  1960 0001:00106497  1961 0001:00106499  1967 0001:001064C0  1968 0001:001064C4
  1970 0001:001064D3  1971 0001:001064E5  1973 0001:001064E9  1976 0001:001064F6
  1971 0001:001064FF  1979 0001:00106503  1982 0001:00106508  1983 0001:0010650E
  1984 0001:00106517  1985 0001:00106520  1988 0001:00106524  1991 0001:00106527
  1992 0001:00106544  1993 0001:00106561  1999 0001:00106568  2005 0001:0010657F
  2006 0001:00106592  2010 0001:00106596  2011 0001:001065A2  2015 0001:001065BC
  2017 0001:001065C6  2006 0001:001065CF  2019 0001:001065D3  2037 0001:001066E0
  2038 0001:001066F9  2040 0001:0010670C  2041 0001:00106719  2043 0001:00106721
  2044 0001:0010672D  2046 0001:0010673D  2047 0001:00106749  2049 0001:0010675B
  2050 0001:0010676B  2053 0001:0010678F  2054 0001:0010679E  2056 0001:001067B0
  2057 0001:001067C0  2059 0001:001067E7  2060 0001:00106805  2062 0001:00106817
  2064 0001:00106827  2065 0001:00106845  2067 0001:00106857  2068 0001:00106867
  2071 0001:0010689D  2072 0001:001068CD  2073 0001:001068E3  2076 0001:0010690C
  2078 0001:00106914  2081 0001:00106C4C  2082 0001:00106C4F  2083 0001:00106C58
  2084 0001:00106C61  2087 0001:00106C64  2088 0001:00106C67  2089 0001:00106C70
  2090 0001:00106C79  2096 0001:00106C7C  2097 0001:00106C9A  2102 0001:00106CE7
  2103 0001:00106CF2  2105 0001:00106CFD  2117 0001:00106D2C  2118 0001:00106D5E
  2119 0001:00106D63  2120 0001:00106D72  2121 0001:00106D78  2122 0001:00106D82
  2123 0001:00106D88  2125 0001:00106D97  2126 0001:00106DA4  2127 0001:00106DAE
  2128 0001:00106DBD  2129 0001:00106DC1  2140 0001:00106DF6  2142 0001:00106E1C
  2143 0001:00106E44  2144 0001:00106E50  2145 0001:00106E66  2151 0001:00106E96
  2158 0001:00106EDC  2159 0001:00106F06  2160 0001:00106F10  2165 0001:00106F42
  2169 0001:00106F68  2170 0001:00106F92  2171 0001:00106FB8  2175 0001:00106FE0
  2176 0001:0010700A  2177 0001:0010702E  2181 0001:00107054  2182 0001:0010707E
  2183 0001:001070A2  2187 0001:001070C8  2188 0001:001070F2  2189 0001:00107116
  2193 0001:0010713C  2194 0001:0010714E  2196 0001:0010716E  2200 0001:00107178
  2201 0001:0010718A  2203 0001:001071AA  2207 0001:001071B4  2208 0001:001071C6
  2210 0001:001071E0  2214 0001:001071E8  2215 0001:001071FA  2216 0001:00107214
  2220 0001:0010721C  2221 0001:0010722E  2223 0001:0010724E  2230 0001:00107258
  2231 0001:0010726F  2233 0001:0010727E  2234 0001:0010728B  2236 0001:0010728F
  2237 0001:0010729B  2239 0001:001072B0  2241 0001:001072B8  2247 0001:001072DC
  2248 0001:001072F5  2249 0001:001072FF  2250 0001:0010730E  2251 0001:00107313
  2252 0001:00107324  2255 0001:00107358  2256 0001:0010736E  2257 0001:0010738C
  2260 0001:00107404  2261 0001:0010741A  2262 0001:00107438  2265 0001:001074B0
  2266 0001:001074C6  2267 0001:001074E4  2271 0001:00107544  2272 0001:0010755A
  2273 0001:00107578  2277 0001:001075F0  2278 0001:00107606  2279 0001:00107624
  2282 0001:0010769C  2283 0001:0010769F  2284 0001:001076A8  2285 0001:001076B1
  2290 0001:001076B4  2291 0001:001076BA  2292 0001:001076C6  2297 0001:001076C8
  2299 0001:001076CE  2306 0001:001076DA  2308 0001:001076E2

Line numbers for TextTestRunner(TextTestRunner.pas) segment .text

   112 0001:00107E04   114 0001:00107E15   118 0001:00107E2C   119 0001:00107E44
   123 0001:00107E48   124 0001:00107E60   130 0001:00107E64   131 0001:00107E87
   134 0001:00107EC1   140 0001:00107EEC   141 0001:00107F16   142 0001:00107F1D
   143 0001:00107F2C   144 0001:00107F36   146 0001:00107F7C   148 0001:00107FC0
   149 0001:00107FD7   151 0001:00107FE3   157 0001:00108028   158 0001:0010805B
   159 0001:00108063   160 0001:0010807A   161 0001:00108086   169 0001:00108127
   159 0001:00108128   170 0001:00108131   176 0001:00108188   177 0001:001081BB
   178 0001:001081C3   179 0001:001081DA   180 0001:001081E6   188 0001:00108287
   178 0001:00108288   189 0001:00108291   195 0001:001082E8   196 0001:00108312
   197 0001:00108319   198 0001:00108328   199 0001:00108332   201 0001:00108378
   203 0001:001083BC   204 0001:001083D3   206 0001:001083DF   212 0001:00108424
   213 0001:0010844B   214 0001:00108452   216 0001:0010845D   217 0001:00108469
   221 0001:001084B3   222 0001:001084BF   223 0001:001084E2   224 0001:00108505
   228 0001:0010859B   231 0001:001085EC   232 0001:001085FD   233 0001:00108615
   236 0001:0010862C   238 0001:0010863D   241 0001:00108654   242 0001:0010867F
   243 0001:0010868F   245 0001:001086B3   246 0001:001086BD   249 0001:001086FC
   250 0001:00108712   251 0001:00108721   252 0001:00108745   253 0001:0010874E
   258 0001:00108770   259 0001:00108795   260 0001:0010879E   261 0001:001087A8
   262 0001:001087B7   263 0001:001087CF   264 0001:00108833   265 0001:00108856
   266 0001:00108865   269 0001:00108898   270 0001:001088C1   271 0001:001088E7
   273 0001:001088F1   274 0001:001088FF   276 0001:00108923   277 0001:00108941
   282 0001:00108948   283 0001:00108954   288 0001:0010896F   291 0001:001089A0
   292 0001:001089B9   293 0001:001089CF   296 0001:001089F4   297 0001:00108A1D
   298 0001:00108A43   300 0001:00108A4D   301 0001:00108A5B   303 0001:00108A7F
   304 0001:00108A9D   309 0001:00108AA4   310 0001:00108AB0   315 0001:00108ACB
   318 0001:00108AFC   319 0001:00108B12   320 0001:00108B26   324 0001:00108B4C
   325 0001:00108B76   326 0001:00108BBF   329 0001:00108C10   330 0001:00108C3A
   331 0001:00108C83   334 0001:00108CD4   335 0001:00108CF2   336 0001:00108CFC
   339 0001:00108D20   340 0001:00108D31   343 0001:00108D48   344 0001:00108D59

Line numbers for TextTestRunner(TextTestRunner.pas) segment .itext

   346 0002:00000CA8

Line numbers for thundax.mock(..\..\src\Mock\thundax.mock.pas) segment .text

    63 0001:00000000

Line numbers for thundax.mock.example(..\..\src\Mock\thundax.mock.example.pas) segment .text

    82 0001:0010949C    83 0001:001094EC    81 0001:00109500    82 0001:0010954A
    83 0001:00109558    84 0001:00109569    87 0001:001095A4    88 0001:001095AA
    89 0001:001095B4    92 0001:001095B8    93 0001:001095BE    94 0001:001095C8
    97 0001:001095CC    98 0001:001095CF    99 0001:001095DB   102 0001:00109638
   103 0001:00109656   104 0001:00109666   107 0001:001096C0   108 0001:001096C6
   109 0001:001096D0   112 0001:001096D4   113 0001:001096DA   114 0001:001096E4
   121 0001:001096E8   122 0001:00109703   123 0001:00109705   124 0001:00109721
   126 0001:00109747   129 0001:00109808   130 0001:00109837   131 0001:00109841
   134 0001:0010987C   135 0001:00109887   136 0001:0010988F   137 0001:0010989B
   140 0001:001098AC   141 0001:001098B2   142 0001:001098BC   144 0001:001098C6

Line numbers for TestThundax.mock(TestThundax.mock.pas) segment .text

    61 0001:00109B3C    62 0001:00109B59    63 0001:00109B76    64 0001:00109B8D
    65 0001:00109B9B    66 0001:00109BA2    68 0001:00109BBE    69 0001:00109BC9
    71 0001:00109BD9    86 0001:0010A124    87 0001:0010A136    88 0001:0010A138
    91 0001:0010A154    93 0001:0010A157    94 0001:0010A163    78 0001:0010A1C0
    79 0001:0010A1FD    81 0001:0010A21A    85 0001:0010A22C    90 0001:0010A248
    96 0001:0010A264    97 0001:0010A286    98 0001:0010A294    99 0001:0010A29B
   101 0001:0010A2B7   102 0001:0010A2BF   103 0001:0010A2C7   104 0001:0010A2D2
   106 0001:0010A2E2

Line numbers for TestThundax.mock(TestThundax.mock.pas) segment .itext

   108 0002:00000CB0   111 0002:00000CCC   112 0002:00000CD4   114 0002:00000CE9

Line numbers for TestThundax.mock(..\..\src\Mock\thundax.mock.pas) segment .text

    59 0001:0010A380    60 0001:0010A386    61 0001:0010A390

Line numbers for TestThundax.mock(..\..\src\Mock\thundax.mock.pas) segment .text

    54 0001:0010A394    55 0001:0010A3C3    56 0001:0010A3CE

Line numbers for thundax.MockTest(thundax.MockTest.dpr) segment .itext

    55 0002:00000D0C    56 0002:00000D1C    57 0002:00000D28    58 0002:00000D30
    59 0002:00000D3A    60 0002:00000D41    62 0002:00000D48    63 0002:00000D4D

Bound resource files

c:\program files (x86)\embarcadero\rad studio\8.0\lib\Win32\release\Controls.res
c:\program files (x86)\embarcadero\rad studio\8.0\lib\Win32\release\Buttons.res
c:\program files (x86)\embarcadero\rad studio\8.0\Source\DUnit\src\GUITestRunner.DFM
thundax.drf


Program entry point at 0002:00000D0C
