
 Start         Length     Name                   Class
 0001:00401000 0011D764H .text                   CODE
 0002:0051F000 00000D50H .itext                  ICODE
 0003:00520000 00002DE4H .data                   DATA
 0004:00523000 000052E0H .bss                    BSS
 0005:00000000 00000048H .tls                    TLS
 000A:00000000 00000000H .xdata                  PDATA


Detailed map of segments

 0001:00000000 00009C84 C=CODE     S=.text    G=(none)   M=System   ACBP=A9
 0001:00009C84 00000110 C=CODE     S=.text    G=(none)   M=SysInit  ACBP=A9
 0001:00009D94 0000045C C=CODE     S=.text    G=(none)   M=Types    ACBP=A9
 0001:0000A1F0 00001B18 C=CODE     S=.text    G=(none)   M=Windows  ACBP=A9
 0001:0000BD08 00000258 C=CODE     S=.text    G=(none)   M=Messages ACBP=A9
 0001:0000BF60 00000358 C=CODE     S=.text    G=(none)   M=SysConst ACBP=A9
 0001:0000C2B8 00000220 C=CODE     S=.text    G=(none)   M=RTLConsts ACBP=A9
 0001:0000C4D8 00009118 C=CODE     S=.text    G=(none)   M=Character ACBP=A9
 0001:000155F0 0000041C C=CODE     S=.text    G=(none)   M=ExcUtils ACBP=A9
 0001:00015A0C 00011338 C=CODE     S=.text    G=(none)   M=SysUtils ACBP=A9
 0001:00026D44 00000184 C=CODE     S=.text    G=(none)   M=ActiveX  ACBP=A9
 0001:00026EC8 00000800 C=CODE     S=.text    G=(none)   M=VarUtils ACBP=A9
 0001:000276C8 00008298 C=CODE     S=.text    G=(none)   M=Variants ACBP=A9
 0001:0002F960 00001804 C=CODE     S=.text    G=(none)   M=TypInfo  ACBP=A9
 0001:00031164 0001B64C C=CODE     S=.text    G=(none)   M=Classes  ACBP=A9
 0001:0004C7B0 00000098 C=CODE     S=.text    G=(none)   M=Wincodec ACBP=A9
 0001:0004C848 00000134 C=CODE     S=.text    G=(none)   M=StrUtils ACBP=A9
 0001:0004C97C 00000030 C=CODE     S=.text    G=(none)   M=Math     ACBP=A9
 0001:0004C9AC 000002B0 C=CODE     S=.text    G=(none)   M=TimeSpan ACBP=A9
 0001:0004CC5C 000015D8 C=CODE     S=.text    G=(none)   M=SyncObjs ACBP=A9
 0001:0004E234 00000068 C=CODE     S=.text    G=(none)   M=AnsiStrings ACBP=A9
 0001:0004E29C 00001500 C=CODE     S=.text    G=(none)   M=Generics.Defaults ACBP=A9
 0001:0004F79C 000001A4 C=CODE     S=.text    G=(none)   M=Generics.Collections ACBP=A9
 0001:0004F940 000009C0 C=CODE     S=.text    G=(none)   M=IOUtils  ACBP=A9
 0001:00050300 00003CA0 C=CODE     S=.text    G=(none)   M=IniFiles ACBP=A9
 0001:00053FA0 0000555C C=CODE     S=.text    G=(none)   M=Registry ACBP=A9
 0001:000594FC 00000348 C=CODE     S=.text    G=(none)   M=Consts   ACBP=A9
 0001:00059844 00011E48 C=CODE     S=.text    G=(none)   M=Graphics ACBP=A9
 0001:0006B68C 00000390 C=CODE     S=.text    G=(none)   M=Contnrs  ACBP=A9
 0001:0006BA1C 00000548 C=CODE     S=.text    G=(none)   M=CommCtrl ACBP=A9
 0001:0006BF64 00000D58 C=CODE     S=.text    G=(none)   M=UxTheme  ACBP=A9
 0001:0006CCBC 00000044 C=CODE     S=.text    G=(none)   M=MultiMon ACBP=A9
 0001:0006CD00 00002938 C=CODE     S=.text    G=(none)   M=ActnList ACBP=A9
 0001:0006F638 00000064 C=CODE     S=.text    G=(none)   M=Dwmapi   ACBP=A9
 0001:0006F69C 0001FE68 C=CODE     S=.text    G=(none)   M=Controls ACBP=A9
 0001:0008F504 00005850 C=CODE     S=.text    G=(none)   M=Themes   ACBP=A9
 0001:00094D54 0000398C C=CODE     S=.text    G=(none)   M=ImgList  ACBP=A9
 0001:000986E0 00009B94 C=CODE     S=.text    G=(none)   M=Menus    ACBP=A9
 0001:000A2274 00002068 C=CODE     S=.text    G=(none)   M=HelpIntfs ACBP=A9
 0001:000A42DC 00000388 C=CODE     S=.text    G=(none)   M=FlatSB   ACBP=A9
 0001:000A4664 00000028 C=CODE     S=.text    G=(none)   M=WinSpool ACBP=A9
 0001:000A468C 00001DEC C=CODE     S=.text    G=(none)   M=Printers ACBP=A9
 0001:000A6478 00003A6C C=CODE     S=.text    G=(none)   M=StdCtrls ACBP=A9
 0001:000A9EE4 0000003C C=CODE     S=.text    G=(none)   M=RichEdit ACBP=A9
 0001:000A9F20 00000D68 C=CODE     S=.text    G=(none)   M=ToolWin  ACBP=A9
 0001:000AAC88 000021D4 C=CODE     S=.text    G=(none)   M=GraphUtil ACBP=A9
 0001:000ACE5C 00002FE8 C=CODE     S=.text    G=(none)   M=ExtCtrls ACBP=A9
 0001:000AFE44 00002730 C=CODE     S=.text    G=(none)   M=ListActns ACBP=A9
 0001:000B2574 00000040 C=CODE     S=.text    G=(none)   M=ComStrs  ACBP=A9
 0001:000B25B4 00028E60 C=CODE     S=.text    G=(none)   M=ComCtrls ACBP=A9
 0001:000DB414 000009EC C=CODE     S=.text    G=(none)   M=Dialogs  ACBP=A9
 0001:000DBE00 00001050 C=CODE     S=.text    G=(none)   M=Clipbrd  ACBP=A9
 0001:000DCE50 0000018C C=CODE     S=.text    G=(none)   M=StdActns ACBP=A9
 0001:000DCFDC 00015594 C=CODE     S=.text    G=(none)   M=Forms    ACBP=A9
 0001:000F2570 000000F8 C=CODE     S=.text    G=(none)   M=DUnitConsts ACBP=A9
 0001:000F2668 0000CDC4 C=CODE     S=.text    G=(none)   M=TestFramework ACBP=A9
 0001:000FF42C 000000A8 C=CODE     S=.text    G=(none)   M=Buttons  ACBP=A9
 0001:000FF4D4 0000AFA8 C=CODE     S=.text    G=(none)   M=GUITestRunner ACBP=A9
 0001:0010A47C 00001854 C=CODE     S=.text    G=(none)   M=TextTestRunner ACBP=A9
 0001:0010BCD0 0000B724 C=CODE     S=.text    G=(none)   M=thundax.Prototype ACBP=A9
 0001:001173F4 00000CC4 C=CODE     S=.text    G=(none)   M=thundax.AbstractFactory ACBP=A9
 0001:001180B8 00000718 C=CODE     S=.text    G=(none)   M=Testthundax.DesignPatterns ACBP=A9
 0001:001187D0 00004F94 C=CODE     S=.text    G=(none)   M=thundax.DesignPatternsTest ACBP=A9
 0002:00000000 000000AC C=ICODE    S=.itext   G=(none)   M=System   ACBP=A9
 0002:000000AC 00000018 C=ICODE    S=.itext   G=(none)   M=Windows  ACBP=A9
 0002:000000C4 00000020 C=ICODE    S=.itext   G=(none)   M=ExcUtils ACBP=A9
 0002:000000E4 000000C4 C=ICODE    S=.itext   G=(none)   M=SysUtils ACBP=A9
 0002:000001A8 00000010 C=ICODE    S=.itext   G=(none)   M=VarUtils ACBP=A9
 0002:000001B8 000000AC C=ICODE    S=.itext   G=(none)   M=Variants ACBP=A9
 0002:00000264 00000008 C=ICODE    S=.itext   G=(none)   M=TypInfo  ACBP=A9
 0002:0000026C 000000AC C=ICODE    S=.itext   G=(none)   M=Classes  ACBP=A9
 0002:00000318 00000034 C=ICODE    S=.itext   G=(none)   M=TimeSpan ACBP=A9
 0002:0000034C 00000010 C=ICODE    S=.itext   G=(none)   M=SyncObjs ACBP=A9
 0002:0000035C 00000460 C=ICODE    S=.itext   G=(none)   M=IOUtils  ACBP=A9
 0002:000007BC 00000008 C=ICODE    S=.itext   G=(none)   M=IniFiles ACBP=A9
 0002:000007C4 00000008 C=ICODE    S=.itext   G=(none)   M=Registry ACBP=A9
 0002:000007CC 000000FC C=ICODE    S=.itext   G=(none)   M=Graphics ACBP=A9
 0002:000008C8 0000001C C=ICODE    S=.itext   G=(none)   M=UxTheme  ACBP=A9
 0002:000008E4 0000002C C=ICODE    S=.itext   G=(none)   M=ActnList ACBP=A9
 0002:00000910 00000088 C=ICODE    S=.itext   G=(none)   M=Controls ACBP=A9
 0002:00000998 00000008 C=ICODE    S=.itext   G=(none)   M=Themes   ACBP=A9
 0002:000009A0 00000088 C=ICODE    S=.itext   G=(none)   M=Menus    ACBP=A9
 0002:00000A28 00000008 C=ICODE    S=.itext   G=(none)   M=HelpIntfs ACBP=A9
 0002:00000A30 00000010 C=ICODE    S=.itext   G=(none)   M=FlatSB   ACBP=A9
 0002:00000A40 00000008 C=ICODE    S=.itext   G=(none)   M=Printers ACBP=A9
 0002:00000A48 00000088 C=ICODE    S=.itext   G=(none)   M=GraphUtil ACBP=A9
 0002:00000AD0 00000054 C=ICODE    S=.itext   G=(none)   M=ExtCtrls ACBP=A9
 0002:00000B24 0000003C C=ICODE    S=.itext   G=(none)   M=ComCtrls ACBP=A9
 0002:00000B60 00000040 C=ICODE    S=.itext   G=(none)   M=Dialogs  ACBP=A9
 0002:00000BA0 00000078 C=ICODE    S=.itext   G=(none)   M=Clipbrd  ACBP=A9
 0002:00000C18 0000005C C=ICODE    S=.itext   G=(none)   M=Forms    ACBP=A9
 0002:00000C74 0000000C C=ICODE    S=.itext   G=(none)   M=TestFramework ACBP=A9
 0002:00000C80 00000028 C=ICODE    S=.itext   G=(none)   M=Buttons  ACBP=A9
 0002:00000CA8 00000008 C=ICODE    S=.itext   G=(none)   M=TextTestRunner ACBP=A9
 0002:00000CB0 00000054 C=ICODE    S=.itext   G=(none)   M=Testthundax.DesignPatterns ACBP=A9
 0002:00000D04 0000004C C=ICODE    S=.itext   G=(none)   M=thundax.DesignPatternsTest ACBP=A9
 0003:00000000 000009F4 C=DATA     S=.data    G=DGROUP   M=System   ACBP=A9
 0003:000009F4 00000024 C=DATA     S=.data    G=DGROUP   M=SysInit  ACBP=A9
 0003:00000A18 0000000C C=DATA     S=.data    G=DGROUP   M=Windows  ACBP=A9
 0003:00000A24 00000100 C=DATA     S=.data    G=DGROUP   M=Character ACBP=A9
 0003:00000B24 00000118 C=DATA     S=.data    G=DGROUP   M=ExcUtils ACBP=A9
 0003:00000C3C 000001E4 C=DATA     S=.data    G=DGROUP   M=SysUtils ACBP=A9
 0003:00000E20 00000010 C=DATA     S=.data    G=DGROUP   M=ActiveX  ACBP=A9
 0003:00000E30 00000008 C=DATA     S=.data    G=DGROUP   M=VarUtils ACBP=A9
 0003:00000E38 00000144 C=DATA     S=.data    G=DGROUP   M=Variants ACBP=A9
 0003:00000F7C 0000000C C=DATA     S=.data    G=DGROUP   M=TypInfo  ACBP=A9
 0003:00000F88 00000138 C=DATA     S=.data    G=DGROUP   M=Classes  ACBP=A9
 0003:000010C0 00000090 C=DATA     S=.data    G=DGROUP   M=Wincodec ACBP=A9
 0003:00001150 0000053C C=DATA     S=.data    G=DGROUP   M=Generics.Defaults ACBP=A9
 0003:0000168C 00000030 C=DATA     S=.data    G=DGROUP   M=IOUtils  ACBP=A9
 0003:000016BC 0000000C C=DATA     S=.data    G=DGROUP   M=IniFiles ACBP=A9
 0003:000016C8 00000024 C=DATA     S=.data    G=DGROUP   M=Registry ACBP=A9
 0003:000016EC 000003C4 C=DATA     S=.data    G=DGROUP   M=Graphics ACBP=A9
 0003:00001AB0 000001B8 C=DATA     S=.data    G=DGROUP   M=Controls ACBP=A9
 0003:00001C68 00000068 C=DATA     S=.data    G=DGROUP   M=Themes   ACBP=A9
 0003:00001CD0 00000050 C=DATA     S=.data    G=DGROUP   M=ImgList  ACBP=A9
 0003:00001D20 00000140 C=DATA     S=.data    G=DGROUP   M=Menus    ACBP=A9
 0003:00001E60 0000000C C=DATA     S=.data    G=DGROUP   M=Printers ACBP=A9
 0003:00001E6C 0000008C C=DATA     S=.data    G=DGROUP   M=StdCtrls ACBP=A9
 0003:00001EF8 00000020 C=DATA     S=.data    G=DGROUP   M=ToolWin  ACBP=A9
 0003:00001F18 000004B8 C=DATA     S=.data    G=DGROUP   M=GraphUtil ACBP=A9
 0003:000023D0 00000020 C=DATA     S=.data    G=DGROUP   M=ExtCtrls ACBP=A9
 0003:000023F0 000001A8 C=DATA     S=.data    G=DGROUP   M=ComCtrls ACBP=A9
 0003:00002598 0000007C C=DATA     S=.data    G=DGROUP   M=Dialogs  ACBP=A9
 0003:00002614 00000144 C=DATA     S=.data    G=DGROUP   M=Forms    ACBP=A9
 0003:00002758 00000014 C=DATA     S=.data    G=DGROUP   M=TestFramework ACBP=A9
 0003:0000276C 0000002C C=DATA     S=.data    G=DGROUP   M=Buttons  ACBP=A9
 0003:00002798 00000004 C=DATA     S=.data    G=DGROUP   M=TextTestRunner ACBP=A9
 0004:00000000 00002C30 C=BSS      S=.bss     G=DGROUP   M=System   ACBP=A9
 0004:00002C30 0000000C C=BSS      S=.bss     G=DGROUP   M=SysInit  ACBP=A9
 0004:00002C3C 00000008 C=BSS      S=.bss     G=DGROUP   M=Windows  ACBP=A9
 0004:00002C44 0000001C C=BSS      S=.bss     G=DGROUP   M=Character ACBP=A9
 0004:00002C60 00000004 C=BSS      S=.bss     G=DGROUP   M=ExcUtils ACBP=A9
 0004:00002C64 00002250 C=BSS      S=.bss     G=DGROUP   M=SysUtils ACBP=A9
 0004:00004EB4 0000005C C=BSS      S=.bss     G=DGROUP   M=VarUtils ACBP=A9
 0004:00004F10 00000040 C=BSS      S=.bss     G=DGROUP   M=Variants ACBP=A9
 0004:00004F50 00000004 C=BSS      S=.bss     G=DGROUP   M=TypInfo  ACBP=A9
 0004:00004F54 00000038 C=BSS      S=.bss     G=DGROUP   M=Classes  ACBP=A9
 0004:00004F8C 00000014 C=BSS      S=.bss     G=DGROUP   M=TimeSpan ACBP=A9
 0004:00004FA0 00000018 C=BSS      S=.bss     G=DGROUP   M=SyncObjs ACBP=A9
 0004:00004FB8 00000024 C=BSS      S=.bss     G=DGROUP   M=IOUtils  ACBP=A9
 0004:00004FDC 00000004 C=BSS      S=.bss     G=DGROUP   M=IniFiles ACBP=A9
 0004:00004FE0 00000004 C=BSS      S=.bss     G=DGROUP   M=Registry ACBP=A9
 0004:00004FE4 00000064 C=BSS      S=.bss     G=DGROUP   M=Graphics ACBP=A9
 0004:00005048 00000008 C=BSS      S=.bss     G=DGROUP   M=CommCtrl ACBP=A9
 0004:00005050 000000CC C=BSS      S=.bss     G=DGROUP   M=UxTheme  ACBP=A9
 0004:0000511C 00000004 C=BSS      S=.bss     G=DGROUP   M=ActnList ACBP=A9
 0004:00005120 00000090 C=BSS      S=.bss     G=DGROUP   M=Controls ACBP=A9
 0004:000051B0 0000000C C=BSS      S=.bss     G=DGROUP   M=Themes   ACBP=A9
 0004:000051BC 00000008 C=BSS      S=.bss     G=DGROUP   M=ImgList  ACBP=A9
 0004:000051C4 00000010 C=BSS      S=.bss     G=DGROUP   M=Menus    ACBP=A9
 0004:000051D4 00000008 C=BSS      S=.bss     G=DGROUP   M=HelpIntfs ACBP=A9
 0004:000051DC 00000034 C=BSS      S=.bss     G=DGROUP   M=FlatSB   ACBP=A9
 0004:00005210 00000004 C=BSS      S=.bss     G=DGROUP   M=Printers ACBP=A9
 0004:00005214 00000010 C=BSS      S=.bss     G=DGROUP   M=GraphUtil ACBP=A9
 0004:00005224 00000008 C=BSS      S=.bss     G=DGROUP   M=ExtCtrls ACBP=A9
 0004:0000522C 00000038 C=BSS      S=.bss     G=DGROUP   M=ComCtrls ACBP=A9
 0004:00005264 0000000C C=BSS      S=.bss     G=DGROUP   M=Dialogs  ACBP=A9
 0004:00005270 0000000C C=BSS      S=.bss     G=DGROUP   M=Clipbrd  ACBP=A9
 0004:0000527C 00000028 C=BSS      S=.bss     G=DGROUP   M=Forms    ACBP=A9
 0004:000052A4 00000004 C=BSS      S=.bss     G=DGROUP   M=TestFramework ACBP=A9
 0004:000052A8 00000030 C=BSS      S=.bss     G=DGROUP   M=Buttons  ACBP=A9
 0004:000052D8 00000004 C=BSS      S=.bss     G=DGROUP   M=TextTestRunner ACBP=A9
 0004:000052DC 00000004 C=BSS      S=.bss     G=DGROUP   M=Testthundax.DesignPatterns ACBP=A9
 0005:00000000 00000008 C=TLS      S=.tls     G=(none)   M=System   ACBP=A9
 0005:00000008 0000000C C=TLS      S=.tls     G=(none)   M=Classes  ACBP=A9
 0005:00000014 00000004 C=TLS      S=.tls     G=(none)   M=SyncObjs ACBP=A9
 0005:00000018 00000030 C=TLS      S=.tls     G=(none)   M=GraphUtil ACBP=A9


  Address             Publics by Name

 0001:00026EB0       ActiveX.CoCreateInstance
 0003:00000E20       ActiveX.GUID_NULL
 0001:00026EA8       ActiveX.IsEqualGUID
 0001:00026EB8       ActiveX.OleInitialize
 0001:00026EC0       ActiveX.OleUninitialize
 0004:0000511C       ActnList..9
 0001:0006E0B4       ActnList..TAction
 0001:0006E484       ActnList..TActionLink
 0001:0006D68C       ActnList..TActionList
 0001:0006D008       ActnList..TActionListEnumerator
 0001:0006CD00       ActnList..TContainedAction
 0001:0006DA80       ActnList..TCustomAction
 0001:0006D278       ActnList..TCustomActionList
 0001:0006D858       ActnList..TShortCutList
 0002:000008E4       ActnList.ActnList
 0001:0006F630       ActnList.Finalization
 0001:0006F5B0       ActnList.TAction.Create
 0001:0006EC3C       ActnList.TActionLink.IsCaptionLinked
 0001:0006EC50       ActnList.TActionLink.IsCheckedLinked
 0001:0006EC64       ActnList.TActionLink.IsEnabledLinked
 0001:0006EC78       ActnList.TActionLink.IsGroupIndexLinked
 0001:0006EC8C       ActnList.TActionLink.IsHelpContextLinked
 0001:0006ECA0       ActnList.TActionLink.IsHelpLinked
 0001:0006ECB4       ActnList.TActionLink.IsHintLinked
 0001:0006ECC8       ActnList.TActionLink.IsImageIndexLinked
 0001:0006ECDC       ActnList.TActionLink.IsShortCutLinked
 0001:0006ECF0       ActnList.TActionLink.IsVisibleLinked
 0001:0006ED04       ActnList.TActionLink.SetAutoCheck
 0001:0006ED08       ActnList.TActionLink.SetCaption
 0001:0006ED0C       ActnList.TActionLink.SetChecked
 0001:0006ED10       ActnList.TActionLink.SetEnabled
 0001:0006ED14       ActnList.TActionLink.SetGroupIndex
 0001:0006ED18       ActnList.TActionLink.SetHelpContext
 0001:0006ED1C       ActnList.TActionLink.SetHelpKeyword
 0001:0006ED20       ActnList.TActionLink.SetHelpType
 0001:0006ED24       ActnList.TActionLink.SetHint
 0001:0006ED28       ActnList.TActionLink.SetImageIndex
 0001:0006ED2C       ActnList.TActionLink.SetShortCut
 0001:0006ED30       ActnList.TActionLink.SetVisible
 0001:0006E7A0       ActnList.TActionListEnumerator.Create
 0001:0006E7E4       ActnList.TActionListEnumerator.GetCurrent
 0001:0006E7F0       ActnList.TActionListEnumerator.MoveNext
 0001:0006E58C       ActnList.TContainedAction.Destroy
 0001:0006E6F8       ActnList.TContainedAction.Execute
 0001:0006E5C0       ActnList.TContainedAction.GetIndex
 0001:0006E5DC       ActnList.TContainedAction.GetParentComponent
 0001:0006E5EC       ActnList.TContainedAction.HasParent
 0001:0006E5D8       ActnList.TContainedAction.IsCategoryStored
 0001:0006E5FC       ActnList.TContainedAction.ReadState
 0001:0006E6A4       ActnList.TContainedAction.SetActionList
 0001:0006E678       ActnList.TContainedAction.SetCategory
 0001:0006E630       ActnList.TContainedAction.SetIndex
 0001:0006E6CC       ActnList.TContainedAction.SetParentComponent
 0001:0006E750       ActnList.TContainedAction.Update
 0001:0006EDE0       ActnList.TCustomAction.AssignTo
 0001:0006ED34       ActnList.TCustomAction.Create
 0001:0006ED88       ActnList.TCustomAction.Destroy
 0001:0006F46C       ActnList.TCustomAction.DoHint
 0001:0006F494       ActnList.TCustomAction.Execute
 0001:0006F4F8       ActnList.TCustomAction.GetSecondaryShortCuts
 0001:0006F578       ActnList.TCustomAction.HandleShortCut
 0001:0006F554       ActnList.TCustomAction.IsSecondaryShortCutsStored
 0001:0006EEEC       ActnList.TCustomAction.SetAutoCheck
 0001:0006EF4C       ActnList.TCustomAction.SetCaption
 0001:0006EFAC       ActnList.TCustomAction.SetChecked
 0001:0006F0B4       ActnList.TCustomAction.SetEnabled
 0001:0006F130       ActnList.TCustomAction.SetGroupIndex
 0001:0006F248       ActnList.TCustomAction.SetHelpContext
 0001:0006F1E0       ActnList.TCustomAction.SetHelpKeyword
 0001:0006F188       ActnList.TCustomAction.SetHelpType
 0001:0006F2A0       ActnList.TCustomAction.SetHint
 0001:0006F300       ActnList.TCustomAction.SetImageIndex
 0001:0006F420       ActnList.TCustomAction.SetName
 0001:0006F520       ActnList.TCustomAction.SetSecondaryShortCuts
 0001:0006F35C       ActnList.TCustomAction.SetShortCut
 0001:0006F3C0       ActnList.TCustomAction.SetVisible
 0001:0006EA04       ActnList.TCustomActionList.AddAction
 0001:0006EA4C       ActnList.TCustomActionList.Change
 0001:0006E80C       ActnList.TCustomActionList.Create
 0001:0006E878       ActnList.TCustomActionList.Destroy
 0001:0006EB58       ActnList.TCustomActionList.ExecuteAction
 0001:0006E948       ActnList.TCustomActionList.GetAction
 0001:0006E95C       ActnList.TCustomActionList.GetActionCount
 0001:0006E8D0       ActnList.TCustomActionList.GetChildren
 0001:0006E964       ActnList.TCustomActionList.GetEnumerator
 0001:0006E9A8       ActnList.TCustomActionList.ImageListChange
 0001:0006EAB4       ActnList.TCustomActionList.IsShortCut
 0001:0006E9B4       ActnList.TCustomActionList.Notification
 0001:0006EA24       ActnList.TCustomActionList.RemoveAction
 0001:0006E918       ActnList.TCustomActionList.SetChildOrder
 0001:0006E974       ActnList.TCustomActionList.SetImages
 0001:0006EB98       ActnList.TCustomActionList.SetState
 0001:0006EB78       ActnList.TCustomActionList.UpdateAction
 0001:0006F584       ActnList.TShortCutList.Add
 0001:0006F5EC       ActnList.TShortCutList.IndexOfShortCut
 0001:0004E234       AnsiStrings.CompareStr
 0004:000052A8       Buttons..5
 0003:0000276C       Buttons.BitBtnCaptions
 0004:000052AC       Buttons.BitBtnGlyphs
 0002:00000C80       Buttons.Buttons
 0001:000FF42C       Buttons.DestroyLocals
 0001:000FF4C4       Buttons.Finalization
 0001:0000C660       Character.bin_data
 0004:00002C50       Character.CategoryTable
 0004:00002C48       Character.CatIndexPrimary
 0004:00002C4C       Character.CatIndexSecondary
 0004:00002C44       Character.DataTable
 0003:00000A24       Character.Latin1Categories
 0004:00002C5C       Character.NumericValueTable
 0004:00002C54       Character.NumIndexPrimary
 0004:00002C58       Character.NumIndexSecondary
 0001:0000C4D8       Character.TCharacter.CheckLetter
 0001:0000C4E4       Character.TCharacter.CheckLetterOrDigit
 0001:0000C600       Character.TCharacter.GetUnicodeCategory
 0001:0001559C       Character.TCharacter.Initialize
 0001:0000C5F4       Character.TCharacter.IsAscii
 0001:0000C4F4       Character.TCharacter.IsLatin1
 0001:0000C500       Character.TCharacter.IsLetter
 0001:0000C58C       Character.TCharacter.IsLetterOrDigit
 0004:00004F68       Classes..96
 0001:00031AF4       Classes..EBitsError
 0001:0003188C       Classes..EClassNotFound
 0001:00031C2C       Classes..EComponentError
 0001:00031594       Classes..EFCreateError
 0001:000316C8       Classes..EFilerError
 0001:00031498       Classes..EFileStreamError
 0001:00031630       Classes..EFOpenError
 0001:00031928       Classes..EInvalidImage
 0001:00031D6C       Classes..EInvalidOperation
 0001:00031A60       Classes..EListError
 0001:00031CCC       Classes..EOutOfResources
 0001:00031760       Classes..EReadError
 0001:000319C4       Classes..EResNotFound
 0001:000313FC       Classes..EStreamError
 0001:00031B88       Classes..EStringListError
 0001:0003990C       Classes..EThread
 0001:0003999C       Classes..EThreadExternalException
 0001:000317F4       Classes..EWriteError
 0001:000496D4       Classes..TAnonymousThread
 0001:0003B490       Classes..TBasicAction
 0001:0003B274       Classes..TBasicActionLink
 0001:00033378       Classes..TBits
 0001:00037178       Classes..TClassFinder
 0001:00033C00       Classes..TCollection
 0001:00033A5C       Classes..TCollectionEnumerator
 0001:000337F0       Classes..TCollectionItem
 0001:0003A92C       Classes..TComponent
 0001:0004B3E4       Classes..TComponent.FindComponent$1499$ActRec
 0001:0003A4CC       Classes..TComponentEnumerator
 0001:000363B8       Classes..TCustomMemoryStream
 0001:00049600       Classes..TExternalThread
 0001:00037594       Classes..TFiler
 0001:000361D4       Classes..TFileStream
 0001:00035FBC       Classes..THandleStream
 0001:0003D3C4       Classes..TIntConst
 0001:0003367C       Classes..TInterfacedPersistent
 0001:00032E8C       Classes..TInterfaceList
 0001:00032B88       Classes..TInterfaceListEnumerator
 0001:00032148       Classes..TList
 0001:0003E36C       Classes..TList.Sort$876$ActRec
 0001:00031F74       Classes..TListEnumerator
 0001:00036600       Classes..TMemoryStream
 0001:00034098       Classes..TOwnedCollection
 0001:000334B0       Classes..TPersistent
 0001:0004346C       Classes..TPropFixup
 0001:00043698       Classes..TPropIntfFixup
 0001:00037FAC       Classes..TReader
 0001:0003BAA4       Classes..TRegGroup
 0001:0003BF04       Classes..TRegGroups
 0001:00036848       Classes..TResourceStream
 0001:00035978       Classes..TStream
 0001:00036BCC       Classes..TStreamAdapter
 0001:000352C0       Classes..TStringList
 0001:00034438       Classes..TStrings
 0001:00034290       Classes..TStringsEnumerator
 0001:00039BB4       Classes..TThread
 0001:0003285C       Classes..TThreadList
 0001:00038EB4       Classes..TWriter
 0001:0003D350       Classes.ActivateClassGroup
 0003:00000F88       Classes.AddDataModule
 0001:000439C4       Classes.AddFinished
 0001:000439FC       Classes.AddNotFinished
 0001:00044624       Classes.AddSubComponentsToLoaded
 0001:0004C554       Classes.AllocateHWnd
 0001:00047B90       Classes.AncestorIsValid
 0003:00000F98       Classes.ApplicationHandleException
 0003:00000FA0       Classes.ApplicationShowException
 0001:0003D82C       Classes.BeginGlobalLoading
 0001:00049534       Classes.BinToHex
 0003:00001094       Classes.BlockCode
 0001:0003BA30       Classes.Bounds
 0001:0004C3B4       Classes.CalcJmpOffset
 0001:00044660       Classes.CheckSubComponents
 0001:00049984       Classes.CheckSynchronize
 0002:00000288       Classes.Classes
 0001:0003D094       Classes.ClassNotFound
 0001:0004C468       Classes.CleanupInstFreeList
 0001:0003DACC       Classes.CollectionsEqual
 0001:00044740       Classes.ComponentCreated
 0003:00001004       Classes.Convert
 0003:00000FE4       Classes.Convert
 0001:00046630       Classes.CopyBinary
 0001:000465A0       Classes.CopyBytes
 0001:00046554       Classes.CopyList
 0001:000464CC       Classes.CopySetBody
 0001:000447C0       Classes.CreateComponent
 0003:00000FA8       Classes.CreateVCLComObjectProc
 0001:0004C608       Classes.DeallocateHWnd
 0001:000498B8       Classes.DoneThreadSynchronization
 0001:000402F8       Classes.DoWrite
 0003:00000FBC       Classes.Dummy32bitResHeader
 0001:0004C630       Classes.EFileStreamError.Create
 0001:0003D8B4       Classes.EndGlobalLoading
 0001:000432A4       Classes.Error
 0001:0003CB38       Classes.Error
 0004:00004F80       Classes.ExternalThreads
 0003:00000FB8       Classes.FilerSignature
 0001:0004C6E0       Classes.Finalization
 0001:00047280       Classes.FindAncestor
 0001:0003D16C       Classes.FindClass
 0001:00044970       Classes.FindExistingComponent
 0001:0003D744       Classes.FindGlobalComponent
 0004:00004F74       Classes.FindGlobalComponentProcs
 0001:0003D5EC       Classes.FindIdentToInt
 0001:0003D570       Classes.FindIntToIdent
 0001:00048004       Classes.FindMethodName
 0001:000438CC       Classes.FindNestedComponent
 0001:000459BC       Classes.FindUniqueName
 0001:000498D0       Classes.FreeExternalThreads
 0001:0004C31C       Classes.FreeIntConstList
 0001:0004C454       Classes.FreeObjectInstance
 0001:0003D100       Classes.GetClass
 0001:000486F8       Classes.GetComponentValue
 0001:0003F564       Classes.GetDesigner
 0001:0003D088       Classes.GetFieldClassTable
 0001:0004C4A4       Classes.GetFreeInstBlockItemCount
 0004:00004F78       Classes.GlobalFixupList
 0001:00043A44       Classes.GlobalFixupReferences
 0005:00000010       Classes.GlobalLists
 0005:0000000C       Classes.GlobalLoaded
 0004:00004F5C       Classes.GlobalNameSpace
 0001:0003D2E4       Classes.GroupDescendentsWith
 0001:0004515C       Classes.HandleException
 0001:00049574       Classes.HexToBin
 0001:0003D668       Classes.IdentToInt
 0001:0003D910       Classes.InitComponent
 0001:0003D99C       Classes.InitInheritedComponent
 0001:0004987C       Classes.InitThreadSynchronization
 0004:00004F84       Classes.InstBlockList
 0004:00004F88       Classes.InstFreeList
 0004:00004F6C       Classes.IntConstList
 0001:0003BA88       Classes.InterlockedCompareExchangePointer
 0001:0003BA90       Classes.InterlockedExchange
 0001:0003BA9C       Classes.InterlockedExchangePointer
 0001:0003D7A8       Classes.InternalReadComponentRes
 0001:0003D6A8       Classes.IntToIdent
 0001:0003BA58       Classes.InvalidPoint
 0001:0003BA6C       Classes.InvalidPoint
 0001:00047D84       Classes.IsDefault
 0001:00047C00       Classes.IsDefaultFloatProp
 0001:00047C5C       Classes.IsDefaultInt64Prop
 0001:00047F28       Classes.IsDefaultInterfaceProp
 0001:0004805C       Classes.IsDefaultMethodProp
 0001:00047DDC       Classes.IsDefaultObjectProp
 0001:00047BA8       Classes.IsDefaultOrdProp
 0001:00048194       Classes.IsDefaultPropertyValue
 0001:00047CB4       Classes.IsDefaultStrProp
 0001:00047E5C       Classes.IsDefaultValue
 0001:000480FC       Classes.IsDefaultVariantProp
 0001:0003D784       Classes.IsUniqueGlobalComponentName
 0004:00004F60       Classes.IsUniqueGlobalComponentNameProc
 0001:0004C3BC       Classes.MakeObjectInstance
 0001:0003F19C       Classes.Min
 0001:0004C38C       Classes.ModuleUnload
 0003:00000FDC       Classes.NilMethod
 0001:0003F604       Classes.NotifyDesigner
 0001:0003D884       Classes.NotifyGlobalLoading
 0001:00047D44       Classes.ObjectAncestorMatch
 0001:000486E0       Classes.OwnedBy
 0003:00001078       Classes.Priorities
 0001:00043D6C       Classes.PropertyNotFound
 0001:0004522C       Classes.PropPathError
 0001:00043D60       Classes.PropValueError
 0001:0003E1F0       Classes.QuickSort
 0001:00042434       Classes.RaiseException
 0001:00046B18       Classes.ReadCustomVariant
 0001:00043D48       Classes.ReadError
 0001:00044760       Classes.Recover
 0001:0003BA14       Classes.Rect
 0004:00004F70       Classes.RegGroups
 0001:0003D18C       Classes.RegisterClass
 0001:0003D6EC       Classes.RegisterFindGlobalComponentProc
 0001:0003D544       Classes.RegisterIntegerConsts
 0001:0004C4D4       Classes.ReleaseObjectInstanceBlocks
 0003:00000F90       Classes.RemoveDataModule
 0001:00043C14       Classes.RemoveFixupReferences
 0001:00043CC0       Classes.RemoveFixups
 0001:000440B0       Classes.RemoveGlobalFixup
 0001:00049950       Classes.ResetSyncEvent
 0001:000448D0       Classes.SetCompName
 0001:00043D98       Classes.SetElementValue
 0001:00045584       Classes.SetInterfaceReference
 0001:000454A0       Classes.SetIntIdent
 0001:000454E8       Classes.SetObjectIdent
 0001:000446D8       Classes.SetSubComponentState
 0001:00045528       Classes.SetVariantReference
 0001:00049978       Classes.SignalSyncEvent
 0001:00046288       Classes.SkipBinary
 0001:000462B8       Classes.SkipCollection
 0001:0004625C       Classes.SkipList
 0001:0003D27C       Classes.StartClassGroup
 0001:0004C394       Classes.StdWndProc
 0001:00042220       Classes.StringListCompareStrings
 0004:00004F64       Classes.SyncEvent
 0003:00001074       Classes.SyncList
 0001:00049824       Classes.TAnonymousThread.Create
 0001:00049870       Classes.TAnonymousThread.Execute
 0001:0004BD88       Classes.TBasicAction.Change
 0001:0004BC14       Classes.TBasicAction.Create
 0001:0004BC58       Classes.TBasicAction.Destroy
 0001:0004BCF4       Classes.TBasicAction.Execute
 0001:0004BCC4       Classes.TBasicAction.ExecuteTarget
 0001:0004BCC0       Classes.TBasicAction.HandlesTarget
 0001:0004BCC8       Classes.TBasicAction.Notification
 0001:0004BD9C       Classes.TBasicAction.RegisterChanges
 0001:0004BDE8       Classes.TBasicAction.SetActionComponent
 0001:0004BD2C       Classes.TBasicAction.SetOnExecute
 0001:0004BDA8       Classes.TBasicAction.UnRegisterChanges
 0001:0004BD10       Classes.TBasicAction.Update
 0001:0004BCF0       Classes.TBasicAction.UpdateTarget
 0001:0004BB64       Classes.TBasicActionLink.AssignClient
 0001:0004BB9C       Classes.TBasicActionLink.Change
 0001:0004BB20       Classes.TBasicActionLink.Create
 0001:0004BB68       Classes.TBasicActionLink.Destroy
 0001:0004BBB4       Classes.TBasicActionLink.Execute
 0001:0004BBFC       Classes.TBasicActionLink.IsOnExecuteLinked
 0001:0004BBD0       Classes.TBasicActionLink.SetAction
 0001:0004BC00       Classes.TBasicActionLink.SetOnExecute
 0001:0004BC08       Classes.TBasicActionLink.Update
 0001:0003F154       Classes.TBits.Destroy
 0001:0003F184       Classes.TBits.Error
 0001:0003F278       Classes.TBits.GetBit
 0001:0003F290       Classes.TBits.OpenBit
 0001:0003F24C       Classes.TBits.SetBit
 0001:0003F1A8       Classes.TBits.SetSize
 0001:0003CDF4       Classes.TClassFinder.Create
 0001:0003CF34       Classes.TClassFinder.Destroy
 0001:0003CF64       Classes.TClassFinder.GetClass
 0001:0003D000       Classes.TClassFinder.GetClasses
 0001:0003F934       Classes.TCollection.Add
 0001:0003FE4C       Classes.TCollection.Added
 0001:0003F954       Classes.TCollection.Assign
 0001:0003F9FC       Classes.TCollection.BeginUpdate
 0001:0003FA00       Classes.TCollection.Changed
 0001:0003FA10       Classes.TCollection.Clear
 0001:0003F89C       Classes.TCollection.Create
 0001:0003FE10       Classes.TCollection.Delete
 0001:0003FE50       Classes.TCollection.Deleting
 0001:0003F8E8       Classes.TCollection.Destroy
 0001:0003FA78       Classes.TCollection.EndUpdate
 0001:0003FA84       Classes.TCollection.FindItemID
 0001:0003FAB8       Classes.TCollection.GetAttr
 0001:0003FAB4       Classes.TCollection.GetAttrCount
 0001:0003FAD4       Classes.TCollection.GetCapacity
 0001:0003FAFC       Classes.TCollection.GetCount
 0001:0003FAC4       Classes.TCollection.GetEnumerator
 0001:0003FB04       Classes.TCollection.GetItem
 0001:0003FADC       Classes.TCollection.GetItemAttr
 0001:0003FB18       Classes.TCollection.GetNamePath
 0001:0003FBCC       Classes.TCollection.GetPropName
 0001:0003FD20       Classes.TCollection.Insert
 0001:0003FD3C       Classes.TCollection.InsertItem
 0001:0003FE54       Classes.TCollection.Notify
 0001:0003FE40       Classes.TCollection.Owner
 0001:0003FDA4       Classes.TCollection.RemoveItem
 0001:0003FDF8       Classes.TCollection.SetCapacity
 0001:0003FE08       Classes.TCollection.SetItemName
 0001:0003FE0C       Classes.TCollection.Update
 0001:0003F830       Classes.TCollectionEnumerator.Create
 0001:0003F874       Classes.TCollectionEnumerator.GetCurrent
 0001:0003F880       Classes.TCollectionEnumerator.MoveNext
 0001:0003F6D0       Classes.TCollectionItem.Changed
 0001:0003F668       Classes.TCollectionItem.Create
 0001:0003F6A0       Classes.TCollectionItem.Destroy
 0001:0003F70C       Classes.TCollectionItem.GetDisplayName
 0001:0003F6F4       Classes.TCollectionItem.GetIndex
 0001:0003F720       Classes.TCollectionItem.GetNamePath
 0001:0003F7CC       Classes.TCollectionItem.GetOwner
 0001:0003F7D0       Classes.TCollectionItem.SetCollection
 0001:0003F7F8       Classes.TCollectionItem.SetDisplayName
 0001:0003F800       Classes.TCollectionItem.SetIndex
 0001:0004B618       Classes.TComponent.AddSortedComponent
 0001:0004AC94       Classes.TComponent.BeforeDestruction
 0001:0004B6CC       Classes.TComponent.ChangeName
 0001:0004AC00       Classes.TComponent.Create
 0001:0004B180       Classes.TComponent.DefineProperties
 0001:0004AC4C       Classes.TComponent.Destroy
 0001:0004B004       Classes.TComponent.DestroyComponents
 0001:0004B070       Classes.TComponent.Destroying
 0001:0004B828       Classes.TComponent.ExecuteAction
 0001:0004B4B4       Classes.TComponent.FindComponent
 0001:0004B4A8       Classes.TComponent.FindComponent$1499$ActRec.$0$Body
 0001:0004B5A0       Classes.TComponent.FindSortedComponent
 0001:0004ACE0       Classes.TComponent.FreeNotification
 0001:0004B95C       Classes.TComponent.FreeOnRelease
 0001:0004B224       Classes.TComponent.GetChildOwner
 0001:0004B228       Classes.TComponent.GetChildParent
 0001:0004B21C       Classes.TComponent.GetChildren
 0001:0004B88C       Classes.TComponent.GetComObject
 0001:0004B720       Classes.TComponent.GetComponent
 0001:0004B74C       Classes.TComponent.GetComponentCount
 0001:0004B704       Classes.TComponent.GetComponentIndex
 0001:0004B22C       Classes.TComponent.GetEnumerator
 0001:0004B23C       Classes.TComponent.GetNamePath
 0001:0004B250       Classes.TComponent.GetOwner
 0001:0004B258       Classes.TComponent.GetParentComponent
 0001:0004B218       Classes.TComponent.HasParent
 0001:0004AEB4       Classes.TComponent.Insert
 0001:0004AF68       Classes.TComponent.InsertComponent
 0001:0004B9F4       Classes.TComponent.IntfGetComponent
 0001:0004B9F8       Classes.TComponent.IsImplementorOf
 0001:0004B278       Classes.TComponent.Loaded
 0001:0004B120       Classes.TComponent.Notification
 0001:0004B284       Classes.TComponent.PaletteCreated
 0001:0004B974       Classes.TComponent.QueryInterface
 0001:0004AE74       Classes.TComponent.ReadLeft
 0001:0004B288       Classes.TComponent.ReadState
 0001:0004AE88       Classes.TComponent.ReadTop
 0001:0004BA78       Classes.TComponent.ReferenceInterface
 0001:0004AEF0       Classes.TComponent.Remove
 0001:0004AFCC       Classes.TComponent.RemoveComponent
 0001:0004B104       Classes.TComponent.RemoveFreeNotification
 0001:0004ACA0       Classes.TComponent.RemoveFreeNotifications
 0001:0004B0AC       Classes.TComponent.RemoveNotification
 0001:0004B944       Classes.TComponent.SafeCallException
 0001:0004B254       Classes.TComponent.SetChildOrder
 0001:0004B75C       Classes.TComponent.SetComponentIndex
 0001:0004B7B0       Classes.TComponent.SetDesigning
 0001:0004B63C       Classes.TComponent.SetName
 0001:0004B25C       Classes.TComponent.SetParentComponent
 0001:0004B800       Classes.TComponent.SetReference
 0001:0004B878       Classes.TComponent.SetSubComponent
 0001:0004B850       Classes.TComponent.UpdateAction
 0001:0004B26C       Classes.TComponent.Updated
 0001:0004B96C       Classes.TComponent.UpdateRegistry
 0001:0004B260       Classes.TComponent.Updating
 0001:0004B320       Classes.TComponent.ValidateContainer
 0001:0004B334       Classes.TComponent.ValidateInsert
 0001:0004B298       Classes.TComponent.ValidateRename
 0001:0004AE9C       Classes.TComponent.WriteLeft
 0001:0004B290       Classes.TComponent.WriteState
 0001:0004AEA8       Classes.TComponent.WriteTop
 0001:0004B9B4       Classes.TComponent._AddRef
 0001:0004B9D4       Classes.TComponent._Release
 0001:0004AB94       Classes.TComponentEnumerator.Create
 0001:0004ABD8       Classes.TComponentEnumerator.GetCurrent
 0001:0004ABE4       Classes.TComponentEnumerator.MoveNext
 0001:00042F38       Classes.TCustomMemoryStream.Read
 0001:00042FAC       Classes.TCustomMemoryStream.SaveToFile
 0001:00042F94       Classes.TCustomMemoryStream.SaveToStream
 0001:00042F70       Classes.TCustomMemoryStream.Seek
 0001:00042F30       Classes.TCustomMemoryStream.SetPointer
 0001:000497E4       Classes.TExternalThread.Create
 0001:00049820       Classes.TExternalThread.Execute
 0001:000433F8       Classes.TFiler.Create
 0001:0003794C       Classes.TFiler.DefineBinaryProperty
 0001:00037944       Classes.TFiler.DefineProperty
 0001:00043440       Classes.TFiler.Destroy
 0001:00037954       Classes.TFiler.FlushBuffer
 0001:00043468       Classes.TFiler.SetRoot
 0001:00042D88       Classes.TFileStream.Create
 0001:00042D44       Classes.TFileStream.Create
 0001:00042EFC       Classes.TFileStream.Destroy
 0001:00042C80       Classes.THandleStream.Create
 0001:00042CBC       Classes.THandleStream.Read
 0001:00042CDC       Classes.THandleStream.Seek
 0001:00042D08       Classes.THandleStream.SetSize
 0001:00042D1C       Classes.THandleStream.SetSize
 0001:00042CCC       Classes.THandleStream.Write
 0004:00004F7C       Classes.ThreadLock
 0001:00049BB0       Classes.ThreadProc
 0001:0003D50C       Classes.TIntConst.Create
 0001:0003F4AC       Classes.TInterfacedPersistent.AfterConstruction
 0001:0003F53C       Classes.TInterfacedPersistent.QueryInterface
 0001:0003F4FC       Classes.TInterfacedPersistent._AddRef
 0001:0003F51C       Classes.TInterfacedPersistent._Release
 0001:0003EE00       Classes.TInterfaceList.Add
 0001:0003EB24       Classes.TInterfaceList.Clear
 0001:0003EAA4       Classes.TInterfaceList.Create
 0001:0003EB98       Classes.TInterfaceList.Delete
 0001:0003EAE8       Classes.TInterfaceList.Destroy
 0001:0003F0E4       Classes.TInterfaceList.Exchange
 0001:0003EBFC       Classes.TInterfaceList.Expand
 0001:0003EC54       Classes.TInterfaceList.First
 0001:0003EC68       Classes.TInterfaceList.Get
 0001:0003ECE0       Classes.TInterfaceList.GetCapacity
 0001:0003ED34       Classes.TInterfaceList.GetCount
 0001:0003ED88       Classes.TInterfaceList.GetEnumerator
 0001:0003ED98       Classes.TInterfaceList.IndexOf
 0001:0003EDA0       Classes.TInterfaceList.IndexOfItem
 0001:0003EE70       Classes.TInterfaceList.Insert
 0001:0003EEDC       Classes.TInterfaceList.Last
 0001:0003F13C       Classes.TInterfaceList.Lock
 0001:0003EF38       Classes.TInterfaceList.Put
 0001:0003EFB0       Classes.TInterfaceList.Remove
 0001:0003EFB8       Classes.TInterfaceList.RemoveItem
 0001:0003F03C       Classes.TInterfaceList.SetCapacity
 0001:0003F090       Classes.TInterfaceList.SetCount
 0001:0003F148       Classes.TInterfaceList.Unlock
 0001:0003EA2C       Classes.TInterfaceListEnumerator.Create
 0001:0003EA70       Classes.TInterfaceListEnumerator.GetCurrent
 0001:0003EA88       Classes.TInterfaceListEnumerator.MoveNext
 0001:0003DC70       Classes.TList.Add
 0001:0003E534       Classes.TList.Assign
 0001:0003DCB0       Classes.TList.Clear
 0001:0003DCC8       Classes.TList.Delete
 0001:0003DC50       Classes.TList.Destroy
 0001:0003DD78       Classes.TList.Error
 0001:0003DD30       Classes.TList.Error
 0001:0003DDFC       Classes.TList.Exchange
 0001:0003DE4C       Classes.TList.Expand
 0001:0003E4D8       Classes.TList.Extract
 0001:0003E4E0       Classes.TList.ExtractItem
 0001:0003DE64       Classes.TList.First
 0001:0003DE6C       Classes.TList.Get
 0001:0003DE90       Classes.TList.GetEnumerator
 0001:0003DEA0       Classes.TList.Grow
 0001:0003DED4       Classes.TList.IndexOf
 0001:0003DEF8       Classes.TList.IndexOfItem
 0001:0003DF24       Classes.TList.Insert
 0001:0003DF9C       Classes.TList.Last
 0001:0003DFC0       Classes.TList.Move
 0001:0003E530       Classes.TList.Notify
 0001:0003E09C       Classes.TList.Pack
 0001:0003E018       Classes.TList.Put
 0001:0003E074       Classes.TList.Remove
 0001:0003E07C       Classes.TList.RemoveItem
 0001:0003E110       Classes.TList.SetCapacity
 0001:0003E14C       Classes.TList.SetCount
 0001:0003E438       Classes.TList.Sort
 0001:0003E42C       Classes.TList.Sort$876$ActRec.$0$Body
 0001:0003E4B8       Classes.TList.SortList
 0001:0003DBE8       Classes.TListEnumerator.Create
 0001:0003DC2C       Classes.TListEnumerator.GetCurrent
 0001:0003DC38       Classes.TListEnumerator.MoveNext
 0001:00043030       Classes.TMemoryStream.Clear
 0001:00043004       Classes.TMemoryStream.Destroy
 0001:00043080       Classes.TMemoryStream.LoadFromFile
 0001:00043048       Classes.TMemoryStream.LoadFromStream
 0001:00043128       Classes.TMemoryStream.Realloc
 0001:000430D4       Classes.TMemoryStream.SetCapacity
 0001:000430FC       Classes.TMemoryStream.SetSize
 0001:000431A8       Classes.TMemoryStream.Write
 0001:0003FE78       Classes.TOwnedCollection.Create
 0001:0003FEBC       Classes.TOwnedCollection.GetOwner
 0001:0003F334       Classes.TPersistent.Assign
 0001:0003F348       Classes.TPersistent.AssignError
 0001:0003F404       Classes.TPersistent.AssignTo
 0001:0003F40C       Classes.TPersistent.DefineProperties
 0001:0003F308       Classes.TPersistent.Destroy
 0001:0003F410       Classes.TPersistent.GetNamePath
 0001:0003F4A8       Classes.TPersistent.GetOwner
 0001:00043780       Classes.TPropFixup.Create
 0001:000437D8       Classes.TPropFixup.MakeGlobalReference
 0001:00043838       Classes.TPropFixup.ResolveReference
 0001:00043848       Classes.TPropIntfFixup.ResolveReference
 0001:00043DEC       Classes.TReader.BeginReferences
 0001:00043E54       Classes.TReader.CheckValue
 0001:00046688       Classes.TReader.CopyValue
 0001:00043EB4       Classes.TReader.DefineBinaryProperty
 0001:00043E78       Classes.TReader.DefineProperty
 0001:00043DB0       Classes.TReader.Destroy
 0001:00044130       Classes.TReader.DoFixupReferences
 0001:00043F9C       Classes.TReader.EndOfList
 0001:00043FB0       Classes.TReader.EndReferences
 0001:00043FCC       Classes.TReader.Error
 0001:00046964       Classes.TReader.FindAncestorComponent
 0001:00046A5C       Classes.TReader.FindComponentClass
 0001:00044060       Classes.TReader.FindMethod
 0001:00043FF0       Classes.TReader.FindMethodInstance
 0001:00044274       Classes.TReader.FixupReferences
 0001:000442AC       Classes.TReader.FlushBuffer
 0001:000442D0       Classes.TReader.FreeFixups
 0001:0004430C       Classes.TReader.GetFieldClass
 0001:000443A0       Classes.TReader.GetPosition
 0001:000443B8       Classes.TReader.NextValue
 0001:000443C8       Classes.TReader.PropertyError
 0001:000443DC       Classes.TReader.Read
 0001:00044464       Classes.TReader.ReadBoolean
 0001:00044428       Classes.TReader.ReadBuffer
 0001:00044488       Classes.TReader.ReadChar
 0001:00044548       Classes.TReader.ReadCollection
 0001:00044A14       Classes.TReader.ReadComponent
 0001:00045D58       Classes.TReader.ReadComponents
 0001:00044E54       Classes.TReader.ReadCurrency
 0001:00044C54       Classes.TReader.ReadData
 0001:00044CC4       Classes.TReader.ReadDataInner
 0001:00044EA4       Classes.TReader.ReadDate
 0001:00044DCC       Classes.TReader.ReadDouble
 0001:00044D94       Classes.TReader.ReadFloat
 0001:00044EE8       Classes.TReader.ReadIdent
 0001:000450C8       Classes.TReader.ReadInt64
 0001:0004505C       Classes.TReader.ReadInteger
 0001:0004510C       Classes.TReader.ReadListBegin
 0001:00045114       Classes.TReader.ReadListEnd
 0001:0004511C       Classes.TReader.ReadPrefix
 0001:00045248       Classes.TReader.ReadProperty
 0001:00045644       Classes.TReader.ReadPropValue
 0001:00045A24       Classes.TReader.ReadRootComponent
 0001:00045E48       Classes.TReader.ReadSet
 0001:00045F04       Classes.TReader.ReadSignature
 0001:00044E10       Classes.TReader.ReadSingle
 0001:00045F28       Classes.TReader.ReadStr
 0001:00045FB8       Classes.TReader.ReadString
 0001:000461E0       Classes.TReader.ReadValue
 0001:00046CE0       Classes.TReader.ReadVariant
 0001:000444E8       Classes.TReader.ReadWideChar
 0001:000460A0       Classes.TReader.ReadWideString
 0001:00046A1C       Classes.TReader.ReferenceName
 0001:00046A34       Classes.TReader.SetName
 0001:000461F4       Classes.TReader.SetPosition
 0001:00046AD0       Classes.TReader.SkipBytes
 0001:000468B8       Classes.TReader.SkipComponent
 0001:00046870       Classes.TReader.SkipProperty
 0001:00046214       Classes.TReader.SkipSetBody
 0001:0004631C       Classes.TReader.SkipValue
 0001:0003C3E0       Classes.TRegGroup.AddClass
 0001:0003C3EC       Classes.TRegGroup.BestClass
 0001:0003C44C       Classes.TRegGroup.BestGroup
 0001:0003C4BC       Classes.TRegGroup.Create
 0001:0003C518       Classes.TRegGroup.Destroy
 0001:0003C558       Classes.TRegGroup.GetClass
 0001:0003C5A8       Classes.TRegGroup.GetClasses
 0001:0003C5F0       Classes.TRegGroup.IndexOfClass
 0001:0003C668       Classes.TRegGroup.InGroup
 0001:0003C6AC       Classes.TRegGroup.RegisterClass
 0001:0003C760       Classes.TRegGroup.RegisterClassAlias
 0001:0003C798       Classes.TRegGroup.Registered
 0001:0003C7B0       Classes.TRegGroup.UnregisterClass
 0001:0003C810       Classes.TRegGroup.UnregisterModuleClasses
 0001:0003C950       Classes.TRegGroups.Activate
 0001:0003C99C       Classes.TRegGroups.AddClass
 0001:0003C9BC       Classes.TRegGroups.Create
 0001:0003CA30       Classes.TRegGroups.Destroy
 0001:0003CA90       Classes.TRegGroups.FindGroup
 0001:0003CAD4       Classes.TRegGroups.GetClass
 0001:0003CB18       Classes.TRegGroups.GroupedWith
 0001:0003CBBC       Classes.TRegGroups.GroupWith
 0001:0003CC90       Classes.TRegGroups.Lock
 0001:0003CC9C       Classes.TRegGroups.RegisterClass
 0001:0003CCB4       Classes.TRegGroups.RegisterClassAlias
 0001:0003CCD4       Classes.TRegGroups.Registered
 0001:0003CD18       Classes.TRegGroups.StartGroup
 0001:0003CD68       Classes.TRegGroups.Unlock
 0001:0003CD74       Classes.TRegGroups.UnregisterClass
 0001:0003CDA4       Classes.TRegGroups.UnregisterModuleClasses
 0001:000431F8       Classes.TResourceStream.Create
 0001:00043250       Classes.TResourceStream.CreateFromID
 0001:000433B0       Classes.TResourceStream.Destroy
 0001:00043344       Classes.TResourceStream.Initialize
 0001:000433E0       Classes.TResourceStream.Write
 0001:0004265C       Classes.TStream.CopyFrom
 0001:00042A9C       Classes.TStream.FixupResourceHeader
 0001:00042348       Classes.TStream.GetPosition
 0001:0004237C       Classes.TStream.GetSize
 0001:00035F74       Classes.TStream.Read
 0001:0004259C       Classes.TStream.ReadBuffer
 0001:00042750       Classes.TStream.ReadComponent
 0001:00042814       Classes.TStream.ReadComponentRes
 0001:00042B94       Classes.TStream.ReadResHeader
 0001:0004252C       Classes.TStream.Seek
 0001:000424A8       Classes.TStream.Seek
 0001:00042368       Classes.TStream.SetPosition
 0001:000423C8       Classes.TStream.SetSize
 0001:000423E0       Classes.TStream.SetSize
 0001:000423CC       Classes.TStream.SetSize64
 0001:00035F7C       Classes.TStream.Write
 0001:000425FC       Classes.TStream.WriteBuffer
 0001:000427B0       Classes.TStream.WriteComponent
 0001:00042830       Classes.TStream.WriteComponentRes
 0001:000427B8       Classes.TStream.WriteDescendent
 0001:00042B60       Classes.TStream.WriteDescendentRes
 0001:00042838       Classes.TStream.WriteResourceHeader
 0001:0004C304       Classes.TStreamAdapter.Clone
 0001:0004C258       Classes.TStreamAdapter.Commit
 0001:0004C050       Classes.TStreamAdapter.CopyTo
 0001:0004BE14       Classes.TStreamAdapter.Create
 0001:0004BE60       Classes.TStreamAdapter.Destroy
 0001:0004C270       Classes.TStreamAdapter.LockRegion
 0001:0004BE98       Classes.TStreamAdapter.Read
 0001:0004C264       Classes.TStreamAdapter.Revert
 0001:0004BF68       Classes.TStreamAdapter.Seek
 0001:0004BFEC       Classes.TStreamAdapter.SetSize
 0001:0004C288       Classes.TStreamAdapter.Stat
 0001:0004C27C       Classes.TStreamAdapter.UnlockRegion
 0001:0004BF00       Classes.TStreamAdapter.Write
 0001:00041B68       Classes.TStringList.Add
 0001:00041B78       Classes.TStringList.AddObject
 0001:00041BDC       Classes.TStringList.Assign
 0001:00041C18       Classes.TStringList.Changed
 0001:00041C34       Classes.TStringList.Changing
 0001:00041C50       Classes.TStringList.Clear
 0001:00042288       Classes.TStringList.CompareStrings
 0001:000422A4       Classes.TStringList.Create
 0001:000422DC       Classes.TStringList.Create
 0001:00042250       Classes.TStringList.CustomSort
 0001:00041D38       Classes.TStringList.Delete
 0001:00041A5C       Classes.TStringList.Destroy
 0001:00041DC4       Classes.TStringList.Exchange
 0001:00041E20       Classes.TStringList.ExchangeItems
 0001:00041E44       Classes.TStringList.Find
 0001:00041EC8       Classes.TStringList.Get
 0001:00041EF8       Classes.TStringList.GetCapacity
 0001:00041EFC       Classes.TStringList.GetCount
 0001:00041F00       Classes.TStringList.GetObject
 0001:00041F24       Classes.TStringList.Grow
 0001:00041F58       Classes.TStringList.IndexOf
 0001:00041F94       Classes.TStringList.Insert
 0001:00041FF8       Classes.TStringList.InsertItem
 0001:00041FA4       Classes.TStringList.InsertObject
 0001:00042074       Classes.TStringList.Put
 0001:000420CC       Classes.TStringList.PutObject
 0001:00042108       Classes.TStringList.QuickSort
 0001:000421A0       Classes.TStringList.SetCapacity
 0001:00042320       Classes.TStringList.SetCaseSensitive
 0001:000421E0       Classes.TStringList.SetSorted
 0001:00042200       Classes.TStringList.SetUpdateState
 0001:00042240       Classes.TStringList.Sort
 0001:0003FFF0       Classes.TStrings.Add
 0001:00040014       Classes.TStrings.AddObject
 0001:00040044       Classes.TStrings.AddStrings
 0001:00040160       Classes.TStrings.AddStrings
 0001:000400FC       Classes.TStrings.AddStrings
 0001:00040038       Classes.TStrings.Append
 0001:00040204       Classes.TStrings.Assign
 0001:000402E0       Classes.TStrings.BeginUpdate
 0001:000351C0       Classes.TStrings.Clear
 0001:0004192C       Classes.TStrings.CompareStrings
 0001:0003FF38       Classes.TStrings.Create
 0001:00040350       Classes.TStrings.DefineProperties
 0001:000351C8       Classes.TStrings.Delete
 0001:0003FF80       Classes.TStrings.Destroy
 0001:000403A8       Classes.TStrings.EndUpdate
 0001:000403BC       Classes.TStrings.Equals
 0001:00040464       Classes.TStrings.Error
 0001:000404E8       Classes.TStrings.Exchange
 0001:000405D4       Classes.TStrings.ExtractName
 0001:00040650       Classes.TStrings.GetCapacity
 0001:00040658       Classes.TStrings.GetCommaText
 0001:000406F0       Classes.TStrings.GetDelimitedText
 0001:00041788       Classes.TStrings.GetDelimiter
 0001:00040960       Classes.TStrings.GetEnumerator
 0001:000417A4       Classes.TStrings.GetLineBreak
 0001:00040970       Classes.TStrings.GetName
 0001:00041938       Classes.TStrings.GetNameValueSeparator
 0001:000409D0       Classes.TStrings.GetObject
 0001:000417E0       Classes.TStrings.GetQuoteChar
 0001:000417FC       Classes.TStrings.GetStrictDelimiter
 0001:000409D4       Classes.TStrings.GetText
 0001:00040A28       Classes.TStrings.GetTextStr
 0001:00040B6C       Classes.TStrings.IndexOf
 0001:00040BF8       Classes.TStrings.IndexOfName
 0001:00040CCC       Classes.TStrings.IndexOfObject
 0001:000351D0       Classes.TStrings.Insert
 0001:00040D00       Classes.TStrings.InsertObject
 0001:00040D30       Classes.TStrings.LoadFromFile
 0001:00040D84       Classes.TStrings.LoadFromFile
 0001:00040DEC       Classes.TStrings.LoadFromStream
 0001:00040DE0       Classes.TStrings.LoadFromStream
 0001:00040EF0       Classes.TStrings.Move
 0001:00040FB0       Classes.TStrings.Put
 0001:00040FE0       Classes.TStrings.PutObject
 0001:00040FE4       Classes.TStrings.ReadData
 0001:00041094       Classes.TStrings.SaveToFile
 0001:000410A4       Classes.TStrings.SaveToFile
 0001:00041114       Classes.TStrings.SaveToStream
 0001:00041104       Classes.TStrings.SaveToStream
 0001:000411D0       Classes.TStrings.SetCapacity
 0001:000411D4       Classes.TStrings.SetCommaText
 0001:00041814       Classes.TStrings.SetDefaultEncoding
 0001:000415D8       Classes.TStrings.SetDelimitedText
 0001:0004185C       Classes.TStrings.SetDelimiter
 0001:0004187C       Classes.TStrings.SetEncoding
 0001:000418C4       Classes.TStrings.SetLineBreak
 0001:00041954       Classes.TStrings.SetNameValueSeparator
 0001:000418F0       Classes.TStrings.SetQuoteChar
 0001:00041910       Classes.TStrings.SetStrictDelimiter
 0001:0004126C       Classes.TStrings.SetStringsAdapter
 0001:000412A0       Classes.TStrings.SetText
 0001:000412F0       Classes.TStrings.SetTextStr
 0001:0004149C       Classes.TStrings.SetUpdateState
 0001:000414A0       Classes.TStrings.SetValue
 0001:00041A0C       Classes.TStrings.ToObjectArray
 0001:00041974       Classes.TStrings.ToStringArray
 0001:00041554       Classes.TStrings.WriteData
 0001:0003FEC0       Classes.TStringsEnumerator.Create
 0001:0003FF04       Classes.TStringsEnumerator.GetCurrent
 0001:0003FF1C       Classes.TStringsEnumerator.MoveNext
 0004:00004F58       Classes.TThread.$ClassInitFlag
 0001:00049E4C       Classes.TThread.AfterConstruction
 0001:00049F2C       Classes.TThread.CallOnTerminate
 0001:00049E60       Classes.TThread.CheckTerminated
 0001:00049E98       Classes.TThread.CheckThreadError
 0001:00049F14       Classes.TThread.CheckThreadError
 0001:00049C9C       Classes.TThread.Create
 0001:00049C64       Classes.TThread.Create
 0002:0000026C       Classes.TThread.Create@
 0001:00049DA0       Classes.TThread.CreateAnonymousThread
 0001:00049DB0       Classes.TThread.Destroy
 0001:00049E24       Classes.TThread.Destroy@
 0001:00049F40       Classes.TThread.DoTerminate
 0005:00000008       Classes.TThread.FCurrentThread
 0004:00004F54       Classes.TThread.FProcessorCount
 0001:00049F54       Classes.TThread.GetCurrentThread
 0001:0004A074       Classes.TThread.GetPriority
 0001:00049FC8       Classes.TThread.InternalStart
 0001:0004AAF4       Classes.TThread.NameThreadForDebugging
 0001:0004A6CC       Classes.TThread.Queue
 0001:0004A168       Classes.TThread.Queue
 0001:0004A0DC       Classes.TThread.Queue
 0001:0004A234       Classes.TThread.Queue
 0001:0004A2D4       Classes.TThread.RemoveQueuedEvents
 0001:0004A860       Classes.TThread.RemoveQueuedEvents
 0001:0004A914       Classes.TThread.RemoveQueuedEvents
 0001:0004A9E4       Classes.TThread.Resume
 0001:0004A0B0       Classes.TThread.SetPriority
 0001:0004A3A8       Classes.TThread.SetReturnValue
 0001:0004A928       Classes.TThread.SetSuspended
 0001:0004A95C       Classes.TThread.Sleep
 0001:0004A940       Classes.TThread.SpinWait
 0001:0004A96C       Classes.TThread.Start
 0001:0004A3E4       Classes.TThread.StaticQueue
 0001:0004A84C       Classes.TThread.StaticSynchronize
 0001:0004A974       Classes.TThread.Suspend
 0001:0004A7B0       Classes.TThread.Synchronize
 0001:0004A63C       Classes.TThread.Synchronize
 0001:0004A5D4       Classes.TThread.Synchronize
 0001:0004A3F8       Classes.TThread.Synchronize
 0001:0004A5A0       Classes.TThread.Synchronize
 0001:0004AA0C       Classes.TThread.Terminate
 0001:0004AA30       Classes.TThread.WaitFor
 0001:0004A964       Classes.TThread.Yield
 0001:0003E8D4       Classes.TThreadList.Add
 0001:0003E95C       Classes.TThreadList.Clear
 0001:0003E800       Classes.TThreadList.Create
 0001:0003E858       Classes.TThreadList.Destroy
 0001:0003E9A4       Classes.TThreadList.LockList
 0001:0003E9C4       Classes.TThreadList.Remove
 0001:0003E9CC       Classes.TThreadList.RemoveItem
 0001:0003EA20       Classes.TThreadList.UnlockList
 0001:00046F2C       Classes.TWriter.AddAncestor
 0001:00046F60       Classes.TWriter.DefineBinaryProperty
 0001:00046F38       Classes.TWriter.DefineProperty
 0001:00046F00       Classes.TWriter.Destroy
 0001:00046F9C       Classes.TWriter.FindMethodName
 0001:00046FE4       Classes.TWriter.FlushBuffer
 0001:00049510       Classes.TWriter.GetLookupInfo
 0001:00046F8C       Classes.TWriter.GetPosition
 0001:00046FEC       Classes.TWriter.SetPosition
 0001:00047028       Classes.TWriter.SetRoot
 0001:00047040       Classes.TWriter.Write
 0001:0004708C       Classes.TWriter.WriteBinary
 0001:0004712C       Classes.TWriter.WriteBoolean
 0001:00047114       Classes.TWriter.WriteBuffer
 0001:00047140       Classes.TWriter.WriteChar
 0001:000471E0       Classes.TWriter.WriteCollection
 0001:000472D0       Classes.TWriter.WriteComponent
 0001:00047878       Classes.TWriter.WriteCurrency
 0001:00047424       Classes.TWriter.WriteData
 0001:0004789C       Classes.TWriter.WriteDate
 0001:000477E4       Classes.TWriter.WriteDescendent
 0001:00047854       Classes.TWriter.WriteDouble
 0001:0004780C       Classes.TWriter.WriteFloat
 0001:000478C0       Classes.TWriter.WriteIdent
 0001:000479A4       Classes.TWriter.WriteInteger
 0001:00047A18       Classes.TWriter.WriteInteger
 0001:00047A70       Classes.TWriter.WriteListBegin
 0001:00047A78       Classes.TWriter.WriteListEnd
 0001:000492E8       Classes.TWriter.WriteMinStr
 0001:00047A80       Classes.TWriter.WritePrefix
 0001:00047AC8       Classes.TWriter.WriteProperties
 0001:00048CFC       Classes.TWriter.WriteProperty
 0001:00049230       Classes.TWriter.WritePropName
 0001:00049284       Classes.TWriter.WriteRootComponent
 0001:0004928C       Classes.TWriter.WriteSignature
 0001:00047830       Classes.TWriter.WriteSingle
 0001:0004929C       Classes.TWriter.WriteStr
 0001:000493AC       Classes.TWriter.WriteString
 0001:00049460       Classes.TWriter.WriteUTF8Str
 0001:000494FC       Classes.TWriter.WriteValue
 0001:00048E50       Classes.TWriter.WriteVariant
 0001:00047190       Classes.TWriter.WriteWideChar
 0001:000494F4       Classes.TWriter.WriteWideString
 0001:0003D72C       Classes.UnregisterFindGlobalComponentProc
 0001:0003D214       Classes.UnRegisterModuleClasses
 0003:00001098       Classes.UtilWindowClass
 0001:0004995C       Classes.WaitForSyncEvent
 0003:00000FB0       Classes.WakeMainThread
 0001:0003DA60       Classes.WriteCollection
 0001:00048450       Classes.WriteCollectionProp
 0001:000485EC       Classes.WriteFloatProp
 0001:0004862C       Classes.WriteInt64Prop
 0001:00048A4C       Classes.WriteInterfaceProp
 0001:000483E4       Classes.WriteIntProp
 0001:00048C08       Classes.WriteMethodProp
 0001:00048838       Classes.WriteObjectProp
 0001:000484F4       Classes.WriteOrdProp
 0001:000482F8       Classes.WritePropPath
 0001:00048350       Classes.WriteSet
 0001:00048668       Classes.WriteStrProp
 0001:00048C98       Classes.WriteVariantProp
 0004:00005274       Clipbrd..3
 0001:000DC264       Clipbrd..EClipboardException
 0001:000DBE00       Clipbrd..TClipboard
 0004:00005272       Clipbrd.CF_COMPONENT
 0004:00005270       Clipbrd.CF_PICTURE
 0001:000DCD8C       Clipbrd.Clipboard
 0002:00000BA0       Clipbrd.Clipbrd
 0004:00005278       Clipbrd.FClipboard
 0001:000DCE3C       Clipbrd.Finalization
 0001:000DCCD4       Clipbrd.HasAPicture
 0001:000DC350       Clipbrd.TClipboard.Adding
 0001:000DCBD4       Clipbrd.TClipboard.Assign
 0001:000DCB50       Clipbrd.TClipboard.AssignGraphic
 0001:000DCACC       Clipbrd.TClipboard.AssignPicture
 0001:000DCA64       Clipbrd.TClipboard.AssignTo
 0001:000DC994       Clipbrd.TClipboard.AssignToBitmap
 0001:000DCA00       Clipbrd.TClipboard.AssignToMetafile
 0001:000DC8DC       Clipbrd.TClipboard.AssignToPicture
 0001:000DC30C       Clipbrd.TClipboard.Clear
 0001:000DC36C       Clipbrd.TClipboard.Close
 0001:000DCE08       Clipbrd.TClipboard.Destroy
 0001:000DCC20       Clipbrd.TClipboard.GetAsHandle
 0001:000DC828       Clipbrd.TClipboard.GetAsText
 0001:000DC46C       Clipbrd.TClipboard.GetComponent
 0001:000DCCCC       Clipbrd.TClipboard.GetFormatCount
 0001:000DC780       Clipbrd.TClipboard.GetTextBuf
 0001:000DCD54       Clipbrd.TClipboard.HasFormat
 0001:000DCDAC       Clipbrd.TClipboard.MainWndProc
 0001:000DC398       Clipbrd.TClipboard.Open
 0001:000DCC74       Clipbrd.TClipboard.SetAsHandle
 0001:000DC8A8       Clipbrd.TClipboard.SetAsText
 0001:000DC610       Clipbrd.TClipboard.SetBuffer
 0001:000DC710       Clipbrd.TClipboard.SetComponent
 0001:000DC804       Clipbrd.TClipboard.SetTextBuf
 0001:000DC44C       Clipbrd.TClipboard.WndProc
 0004:0000522C       ComCtrls..96
 0001:000B3FB4       ComCtrls..ETreeViewError
 0001:000B7FC0       ComCtrls..TConversion
 0001:000BC93C       ComCtrls..TCustomListView
 0001:000B814C       ComCtrls..TCustomRichEdit
 0001:000B493C       ComCtrls..TCustomTreeView
 0001:000BB33C       ComCtrls..TIconOptions
 0001:000B9C60       ComCtrls..TListColumn
 0001:000BA024       ComCtrls..TListColumns
 0001:000B96F0       ComCtrls..TListGroup
 0001:000B9AC0       ComCtrls..TListGroups
 0001:000BA20C       ComCtrls..TListItem
 0001:000BAB88       ComCtrls..TListItems
 0001:000BA9E4       ComCtrls..TListItemsEnumerator
 0001:000BDE40       ComCtrls..TListView
 0001:000BF2F0       ComCtrls..TListViewActionLink
 0001:000B7B20       ComCtrls..TParaAttributes
 0001:000B6BF0       ComCtrls..TProgressBar
 0001:000B8844       ComCtrls..TRichEdit
 0001:000C9D1C       ComCtrls..TRichEditStrings
 0001:000CCB90       ComCtrls..TSubItems
 0001:000B7804       ComCtrls..TTextAttributes
 0001:000C081C       ComCtrls..TToolBar
 0001:000C0680       ComCtrls..TToolBarEnumerator
 0001:000BF608       ComCtrls..TToolButton
 0001:000BF4B4       ComCtrls..TToolButtonActionLink
 0001:000B282C       ComCtrls..TTreeNode
 0001:000B367C       ComCtrls..TTreeNodes
 0001:000B348C       ComCtrls..TTreeNodesEnumerator
 0001:000C4814       ComCtrls..TTreeStrings
 0001:000B59D0       ComCtrls..TTreeView
 0001:000BAF84       ComCtrls..TWorkArea
 0001:000BB1A0       ComCtrls..TWorkAreas
 0001:000CA6D0       ComCtrls.AdjustLineBreaks
 0001:000CC138       ComCtrls.AppendConversionFormat
 0003:000024AC       ComCtrls.Arrangements
 0003:000024B4       ComCtrls.AutoArrange
 0003:00002450       ComCtrls.AutoExpandStyles
 0003:0000248C       ComCtrls.BorderStyles
 0003:00002408       ComCtrls.BorderStyles
 0003:00002548       ComCtrls.ButtonStates
 0003:00002558       ComCtrls.ButtonStyles
 0003:00002420       ComCtrls.ButtonStyles
 0003:00002400       ComCtrls.cAddMode
 0001:000D72E4       ComCtrls.CalcSize
 0003:0000247C       ComCtrls.Codes
 0003:00002518       ComCtrls.Codes
 0003:000024DC       ComCtrls.ColumnClicks
 0004:00005230       ComCtrls.ComCtlVersion
 0002:00000B24       ComCtrls.ComCtrls
 0001:000D7BF4       ComCtrls.ContainsActiveControl
 0001:000CAB48       ComCtrls.ContainsPreamble
 0004:00005234       ComCtrls.ConversionFormatList
 0001:000D0810       ComCtrls.ConvertFlags
 0001:000D0678       ComCtrls.ConvertMask
 0001:000D0834       ComCtrls.ConvertStates
 0001:000CA328       ComCtrls.CountLineBreaks
 0003:0000258C       ComCtrls.CustomizeStyles
 0001:000CEBC8       ComCtrls.DefaultListViewSort
 0001:000C2328       ComCtrls.DefaultTreeViewSort
 0003:00002504       ComCtrls.Directions
 0001:000CF7D0       ComCtrls.DoBufferedPaint
 0003:00002564       ComCtrls.DownMessage
 0003:00002438       ComCtrls.DragStyles
 0003:00002494       ComCtrls.EditStyles
 0003:00002428       ComCtrls.EditStyles
 0001:000DB394       ComCtrls.Finalization
 0001:000D9788       ComCtrls.FindButton
 0003:0000257C       ComCtrls.FlatOnXp
 0003:00002574       ComCtrls.FlatStyles
 0001:000DB334       ComCtrls.FreeConversionFormatList
 0004:0000523C       ComCtrls.FRichEditModule
 0003:000024F4       ComCtrls.FullString
 0001:000CE5B8       ComCtrls.GetByteLength
 0001:000C2298       ComCtrls.GetComCtlVersion
 0001:000D6440       ComCtrls.GetImageBitmap
 0001:000CE5D0       ComCtrls.GetListItemsFromStream
 0001:000D6704       ComCtrls.HasDropDownButton
 0003:00002468       ComCtrls.HideScrollBars
 0003:00002430       ComCtrls.HideSelections
 0003:00002470       ComCtrls.HideSelections
 0003:000024A4       ComCtrls.HideSelections
 0003:00002458       ComCtrls.HotTrackStyles
 0003:00002530       ComCtrls.IAlignment
 0001:000C226C       ComCtrls.InitCommonControl
 0003:00002594       ComCtrls.InitDone
 0001:000D9B0C       ComCtrls.InitToolMenuHooks
 0001:000D9C0C       ComCtrls.InitToolMenuKeyHooks
 0001:000DA018       ComCtrls.IsMenuBar
 0001:000D88A0       ComCtrls.IsToolButtonMouseMsg
 0004:00005250       ComCtrls.LastMenuItem
 0004:00005254       ComCtrls.LastMousePos
 0003:00002410       ComCtrls.LineStyles
 0003:0000256C       ComCtrls.ListStyles
 0004:0000524C       ComCtrls.MenuButtonIndex
 0004:00005244       ComCtrls.MenuToolBar
 0004:00005248       ComCtrls.MenuToolBar2
 0003:0000249C       ComCtrls.MultiSelections
 0001:000C8728       ComCtrls.NodeInList
 0003:00002478       ComCtrls.Painting
 0001:000C8890       ComCtrls.ProgressLimitError
 0001:000CF0B4       ComCtrls.ReadCols
 0001:000D9B44       ComCtrls.ReleaseToolMenuHooks
 0001:000D9C30       ComCtrls.ReleaseToolMenuKeyHooks
 0003:00002418       ComCtrls.RootStyles
 0003:00002460       ComCtrls.RowSelectStyles
 0003:000023F0       ComCtrls.RTFConversionFormat
 0003:00002440       ComCtrls.RTLStyles
 0001:000D8960       ComCtrls.SendDropdownMsg
 0001:000C22E0       ComCtrls.SetComCtlStyle
 0004:00005238       ComCtrls.ShellModule
 0003:000024D4       ComCtrls.ShowColumns
 0001:000C8758       ComCtrls.SiblingNotInList
 0004:0000525C       ComCtrls.StillModal
 0001:000CA930       ComCtrls.StreamLoad
 0001:000CA7B0       ComCtrls.StreamSave
 0001:000DA874       ComCtrls.TComboExItems.Add
 0001:000C9C64       ComCtrls.TConversion.ConvertReadStream
 0001:000C9CC0       ComCtrls.TConversion.ConvertWriteStream
 0001:000C9C2C       ComCtrls.TConversion.Create
 0001:000D3F4C       ComCtrls.TCustomListView.ActionChange
 0001:000D1890       ComCtrls.TCustomListView.AddItem
 0001:000D1F2C       ComCtrls.TCustomListView.AlphaSort
 0001:000D3BB4       ComCtrls.TCustomListView.AreItemsStored
 0001:000D27AC       ComCtrls.TCustomListView.Arrange
 0001:000D18F8       ComCtrls.TCustomListView.CanChange
 0001:000D19C8       ComCtrls.TCustomListView.CanEdit
 0001:000D3404       ComCtrls.TCustomListView.CanvasChanged
 0001:000D1948       ComCtrls.TCustomListView.Change
 0001:000D177C       ComCtrls.TCustomListView.ChangeScale
 0001:000D3EEC       ComCtrls.TCustomListView.Clear
 0001:000D3D4C       ComCtrls.TCustomListView.ClearSelection
 0001:000D00E0       ComCtrls.TCustomListView.CMColorChanged
 0001:000D0104       ComCtrls.TCustomListView.CMCtl3DChanged
 0001:000D1CFC       ComCtrls.TCustomListView.CMDrag
 0001:000D03B4       ComCtrls.TCustomListView.CMFontChanged
 0001:000D38D4       ComCtrls.TCustomListView.CMHintShow
 0001:000D32D0       ComCtrls.TCustomListView.CNDrawItem
 0001:000D0880       ComCtrls.TCustomListView.CNNotify
 0001:000D1818       ComCtrls.TCustomListView.ColClick
 0001:000D1838       ComCtrls.TCustomListView.ColRightClick
 0001:000D039C       ComCtrls.TCustomListView.ColumnsShowing
 0001:000D3D88       ComCtrls.TCustomListView.CopySelection
 0001:000CEC34       ComCtrls.TCustomListView.Create
 0001:000D0630       ComCtrls.TCustomListView.CreateListItem
 0001:000D0668       ComCtrls.TCustomListView.CreateListItems
 0001:000CEF88       ComCtrls.TCustomListView.CreateParams
 0001:000CF168       ComCtrls.TCustomListView.CreateWnd
 0001:000D3520       ComCtrls.TCustomListView.CustomDraw
 0001:000D3578       ComCtrls.TCustomListView.CustomDrawItem
 0001:000D35EC       ComCtrls.TCustomListView.CustomDrawSubItem
 0001:000D1EE8       ComCtrls.TCustomListView.CustomSort
 0001:000D1988       ComCtrls.TCustomListView.Delete
 0001:000D3DFC       ComCtrls.TCustomListView.DeleteSelected
 0001:000CEE70       ComCtrls.TCustomListView.Destroy
 0001:000CF464       ComCtrls.TCustomListView.DestroyWnd
 0001:000D30A8       ComCtrls.TCustomListView.DoAutoSize
 0001:000D1E30       ComCtrls.TCustomListView.DoDragOver
 0001:000D1CD0       ComCtrls.TCustomListView.DoEndDrag
 0001:000D1B70       ComCtrls.TCustomListView.DoGesture
 0001:000D39FC       ComCtrls.TCustomListView.DoInfoTip
 0001:000D1BF0       ComCtrls.TCustomListView.DoStartDrag
 0001:000D3664       ComCtrls.TCustomListView.DrawItem
 0001:000D3720       ComCtrls.TCustomListView.DrawWorkAreas
 0001:000D19F4       ComCtrls.TCustomListView.Edit
 0001:000CFA1C       ComCtrls.TCustomListView.EditWndProc
 0001:000D2280       ComCtrls.TCustomListView.FindCaption
 0001:000D2350       ComCtrls.TCustomListView.FindData
 0001:000D3F44       ComCtrls.TCustomListView.GetActionLinkClass
 0001:000D2024       ComCtrls.TCustomListView.GetBoundingRect
 0001:000D2274       ComCtrls.TCustomListView.GetColumnFromIndex
 0001:000D3C34       ComCtrls.TCustomListView.GetColumnFromTag
 0001:000D3EA4       ComCtrls.TCustomListView.GetCount
 0001:000D1AA4       ComCtrls.TCustomListView.GetDragImages
 0001:000D251C       ComCtrls.TCustomListView.GetDropTarget
 0001:000D2588       ComCtrls.TCustomListView.GetFocused
 0001:000D23F0       ComCtrls.TCustomListView.GetHitTestInfoAt
 0001:000D3A98       ComCtrls.TCustomListView.GetHoverTime
 0001:000D25E4       ComCtrls.TCustomListView.GetImageIndex
 0001:000D06C4       ComCtrls.TCustomListView.GetItem
 0001:000D2744       ComCtrls.TCustomListView.GetItemAt
 0001:000D0534       ComCtrls.TCustomListView.GetItemIndex
 0001:000D26D8       ComCtrls.TCustomListView.GetNearestItem
 0001:000D2604       ComCtrls.TCustomListView.GetNextItem
 0001:000D3270       ComCtrls.TCustomListView.GetSearchString
 0001:000D07F8       ComCtrls.TCustomListView.GetSelCount
 0001:000D249C       ComCtrls.TCustomListView.GetSelected
 0001:000D36DC       ComCtrls.TCustomListView.GetSubItemImage
 0001:000D1FE4       ComCtrls.TCustomListView.GetTopItem
 0001:000D1FC8       ComCtrls.TCustomListView.GetViewOrigin
 0001:000D1FA0       ComCtrls.TCustomListView.GetVisibleRowCount
 0001:000CF85C       ComCtrls.TCustomListView.HeaderWndProc
 0001:000CF55C       ComCtrls.TCustomListView.ImageListChange
 0001:000D1868       ComCtrls.TCustomListView.InsertItem
 0001:000D340C       ComCtrls.TCustomListView.IsCustomDrawn
 0001:000D1A74       ComCtrls.TCustomListView.IsEditing
 0001:000CF5E4       ComCtrls.TCustomListView.Loaded
 0001:000D3BEC       ComCtrls.TCustomListView.MouseUp
 0001:000CF624       ComCtrls.TCustomListView.Notification
 0001:000D055C       ComCtrls.TCustomListView.OwnerDataFetch
 0001:000D0584       ComCtrls.TCustomListView.OwnerDataFind
 0001:000D05D0       ComCtrls.TCustomListView.OwnerDataHint
 0001:000D05F8       ComCtrls.TCustomListView.OwnerDataStateChange
 0001:000CFBD4       ComCtrls.TCustomListView.ResetExStyles
 0001:000CFCDC       ComCtrls.TCustomListView.RestoreChecks
 0001:000D3B34       ComCtrls.TCustomListView.RestoreIndents
 0001:000CFD70       ComCtrls.TCustomListView.SaveChecks
 0001:000D3AC8       ComCtrls.TCustomListView.SaveIndents
 0001:000D2040       ComCtrls.TCustomListView.Scroll
 0001:000D3EB0       ComCtrls.TCustomListView.SelectAll
 0001:000D00A8       ComCtrls.TCustomListView.SetAllocBy
 0001:000CFF80       ComCtrls.TCustomListView.SetBorderStyle
 0001:000CFDFC       ComCtrls.TCustomListView.SetCheckboxes
 0001:000CFF94       ComCtrls.TCustomListView.SetColumnClick
 0001:000D001C       ComCtrls.TCustomListView.SetColumnHeaders
 0001:000D2544       ComCtrls.TCustomListView.SetDropTarget
 0001:000CFF58       ComCtrls.TCustomListView.SetFlatScrollBars
 0001:000D25A0       ComCtrls.TCustomListView.SetFocused
 0001:000CFF6C       ComCtrls.TCustomListView.SetFullDrag
 0001:000CFEB4       ComCtrls.TCustomListView.SetGridLines
 0001:000D2060       ComCtrls.TCustomListView.SetGroupHeaderImages
 0001:000D3A58       ComCtrls.TCustomListView.SetGroupView
 0001:000D03F4       ComCtrls.TCustomListView.SetHideSelection
 0001:000CFEC8       ComCtrls.TCustomListView.SetHotTrack
 0001:000CFEDC       ComCtrls.TCustomListView.SetHotTrackStyles
 0001:000D3A1C       ComCtrls.TCustomListView.SetHoverTime
 0001:000D041C       ComCtrls.TCustomListView.SetIconOptions
 0001:000CF518       ComCtrls.TCustomListView.SetImageList
 0001:000CFFA8       ComCtrls.TCustomListView.SetItemIndex
 0001:000D1EBC       ComCtrls.TCustomListView.SetItems
 0001:000D20DC       ComCtrls.TCustomListView.SetLargeImages
 0001:000D1EC8       ComCtrls.TCustomListView.SetListColumns
 0001:000D1ED8       ComCtrls.TCustomListView.SetListGroups
 0001:000D0008       ComCtrls.TCustomListView.SetMultiSelect
 0001:000CFF04       ComCtrls.TCustomListView.SetOwnerData
 0001:000CFF30       ComCtrls.TCustomListView.SetOwnerDraw
 0001:000D0408       ComCtrls.TCustomListView.SetReadOnly
 0001:000CFF44       ComCtrls.TCustomListView.SetRowSelect
 0001:000D24B4       ComCtrls.TCustomListView.SetSelected
 0001:000D38BC       ComCtrls.TCustomListView.SetShowWorkAreas
 0001:000D2150       ComCtrls.TCustomListView.SetSmallImages
 0001:000D1F64       ComCtrls.TCustomListView.SetSortType
 0001:000D21CC       ComCtrls.TCustomListView.SetStateImages
 0001:000D005C       ComCtrls.TCustomListView.SetTextBkColor
 0001:000D0030       ComCtrls.TCustomListView.SetTextColor
 0001:000D044C       ComCtrls.TCustomListView.SetViewStyle
 0001:000CF548       ComCtrls.TCustomListView.StoreGroups
 0001:000D27D4       ComCtrls.TCustomListView.StringWidth
 0001:000D2DA8       ComCtrls.TCustomListView.UpdateColumn
 0001:000D2838       ComCtrls.TCustomListView.UpdateColumns
 0001:000D2B1C       ComCtrls.TCustomListView.UpdateGroup
 0001:000D28B0       ComCtrls.TCustomListView.UpdateGroups
 0001:000CFBB4       ComCtrls.TCustomListView.UpdateItems
 0001:000D03A8       ComCtrls.TCustomListView.ValidHeaderHandle
 0001:000D3C70       ComCtrls.TCustomListView.WMContextMenu
 0001:000D3CF8       ComCtrls.TCustomListView.WMCtlColorEdit
 0001:000D2F14       ComCtrls.TCustomListView.WMLButtonDown
 0001:000D0128       ComCtrls.TCustomListView.WMNotify
 0001:000D3894       ComCtrls.TCustomListView.WMPaint
 0001:000D04E4       ComCtrls.TCustomListView.WMParentNotify
 0001:000D3FB0       ComCtrls.TCustomListView.WMVScroll
 0001:000D323C       ComCtrls.TCustomListView.WMWindowPosChanged
 0001:000D1AC0       ComCtrls.TCustomListView.WndProc
 0001:000CB4DC       ComCtrls.TCustomRichEdit.Clear
 0001:000CBAC8       ComCtrls.TCustomRichEdit.CMBiDiModeChanged
 0001:000CBBF0       ComCtrls.TCustomRichEdit.CMColorChanged
 0001:000CB8B4       ComCtrls.TCustomRichEdit.CMFontChanged
 0001:000CBFC4       ComCtrls.TCustomRichEdit.CNNotify
 0001:000CB344       ComCtrls.TCustomRichEdit.Create
 0001:000CB510       ComCtrls.TCustomRichEdit.CreateParams
 0001:000CB5B4       ComCtrls.TCustomRichEdit.CreateWnd
 0001:000CB480       ComCtrls.TCustomRichEdit.Destroy
 0001:000CB714       ComCtrls.TCustomRichEdit.DestroyWnd
 0001:000CB8C4       ComCtrls.TCustomRichEdit.DoSetMaxLength
 0001:000CC0E0       ComCtrls.TCustomRichEdit.FindText
 0001:000CB4F4       ComCtrls.TCustomRichEdit.GetActiveLineNo
 0001:000CB8E4       ComCtrls.TCustomRichEdit.GetCaretPos
 0001:000CBBD8       ComCtrls.TCustomRichEdit.GetPlainText
 0001:000CB988       ComCtrls.TCustomRichEdit.GetSelLength
 0001:000CB9B0       ComCtrls.TCustomRichEdit.GetSelStart
 0001:000CBA58       ComCtrls.TCustomRichEdit.GetSelText
 0001:000CB9D4       ComCtrls.TCustomRichEdit.GetSelTextBuf
 0001:000CBC5C       ComCtrls.TCustomRichEdit.Print
 0001:000CC070       ComCtrls.TCustomRichEdit.ProtectChange
 0001:000CC1B8       ComCtrls.TCustomRichEdit.RegisterConversionFormat
 0001:000CC0C0       ComCtrls.TCustomRichEdit.RequestSize
 0001:000CC040       ComCtrls.TCustomRichEdit.SaveClipboard
 0001:000CC0A0       ComCtrls.TCustomRichEdit.SelectionChange
 0001:000CB940       ComCtrls.TCustomRichEdit.SetCaretPos
 0001:000CBBC8       ComCtrls.TCustomRichEdit.SetDefAttributes
 0001:000CBB1C       ComCtrls.TCustomRichEdit.SetHideScrollBars
 0001:000CBB30       ComCtrls.TCustomRichEdit.SetHideSelection
 0001:000CBBE4       ComCtrls.TCustomRichEdit.SetPlainText
 0001:000CBC1C       ComCtrls.TCustomRichEdit.SetRichEditStrings
 0001:000CBB60       ComCtrls.TCustomRichEdit.SetSelAttributes
 0001:000CBB70       ComCtrls.TCustomRichEdit.SetSelLength
 0001:000CBC34       ComCtrls.TCustomRichEdit.SetSelStart
 0001:000CB828       ComCtrls.TCustomRichEdit.WMNCDestroy
 0001:000CBE54       ComCtrls.TCustomRichEdit.WMPaint
 0001:000CB840       ComCtrls.TCustomRichEdit.WMRButtonUp
 0001:000CBF18       ComCtrls.TCustomRichEdit.WMSetCursor
 0001:000CB830       ComCtrls.TCustomRichEdit.WMSetFont
 0001:000C7124       ComCtrls.TCustomTreeView.Added
 0001:000C5CB8       ComCtrls.TCustomTreeView.AlphaSort
 0001:000C7098       ComCtrls.TCustomTreeView.CanChange
 0001:000C71F0       ComCtrls.TCustomTreeView.CanCollapse
 0001:000C721C       ComCtrls.TCustomTreeView.CanEdit
 0001:000C719C       ComCtrls.TCustomTreeView.CanExpand
 0001:000C7B68       ComCtrls.TCustomTreeView.CanvasChanged
 0001:000C70CC       ComCtrls.TCustomTreeView.Change
 0001:000C7CE4       ComCtrls.TCustomTreeView.ClearSelection
 0001:000C5C04       ComCtrls.TCustomTreeView.CMColorChanged
 0001:000C5C40       ComCtrls.TCustomTreeView.CMCtl3DChanged
 0001:000C6F74       ComCtrls.TCustomTreeView.CMDrag
 0001:000C5C5C       ComCtrls.TCustomTreeView.CMFontChanged
 0001:000C5C9C       ComCtrls.TCustomTreeView.CMSysColorChange
 0001:000C62A4       ComCtrls.TCustomTreeView.CNNotify
 0001:000C71D0       ComCtrls.TCustomTreeView.Collapse
 0001:000C7D1C       ComCtrls.TCustomTreeView.ControlSelectNode
 0001:000C7D80       ComCtrls.TCustomTreeView.ControlShiftSelectNode
 0001:000C5224       ComCtrls.TCustomTreeView.Create
 0001:000C72F8       ComCtrls.TCustomTreeView.CreateNode
 0001:000C7330       ComCtrls.TCustomTreeView.CreateNodes
 0001:000C54A0       ComCtrls.TCustomTreeView.CreateParams
 0001:000C55CC       ComCtrls.TCustomTreeView.CreateWnd
 0001:000C7C10       ComCtrls.TCustomTreeView.CustomDraw
 0001:000C7C68       ComCtrls.TCustomTreeView.CustomDrawItem
 0001:000C5CC4       ComCtrls.TCustomTreeView.CustomSort
 0001:000C714C       ComCtrls.TCustomTreeView.Delete
 0001:000C8704       ComCtrls.TCustomTreeView.Deselect
 0001:000C53F0       ComCtrls.TCustomTreeView.Destroy
 0001:000C5884       ComCtrls.TCustomTreeView.DestroyWnd
 0001:000C6FFC       ComCtrls.TCustomTreeView.DoDragOver
 0001:000C6F54       ComCtrls.TCustomTreeView.DoEndDrag
 0001:000C7D9C       ComCtrls.TCustomTreeView.DoEnter
 0001:000C7DB0       ComCtrls.TCustomTreeView.DoExit
 0001:000C6EBC       ComCtrls.TCustomTreeView.DoStartDrag
 0001:000C7248       ComCtrls.TCustomTreeView.Edit
[...]
  1065 0001:00106A74  1066 0001:00106AA0  1063 0001:00106AA3  1067 0001:00106AA8
  1070 0001:00106AFC  1071 0001:00106B1E  1072 0001:00106B32  1073 0001:00106B40
  1074 0001:00106B53  1077 0001:00106B74  1078 0001:00106B83  1080 0001:00106B89
  1082 0001:00106B94  1083 0001:00106B9F  1085 0001:00106BAA  1086 0001:00106BB0
  1088 0001:00106BB7  1078 0001:00106BC2  1090 0001:00106BC8  1093 0001:00106BCC
  1094 0001:00106BEE  1095 0001:00106BFE  1097 0001:00106C0A  1098 0001:00106C12
  1099 0001:00106C1C  1102 0001:00106C29  1103 0001:00106C33  1110 0001:00106C54
  1111 0001:00106C78  1112 0001:00106C8C  1113 0001:00106CA7  1114 0001:00106CAE
  1115 0001:00106CB7  1116 0001:00106CBE  1118 0001:00106CCA  1119 0001:00106CD5
  1120 0001:00106CF0  1121 0001:00106D04  1123 0001:00106D22  1124 0001:00106D33
  1125 0001:00106D47  1127 0001:00106D62  1128 0001:00106D72  1129 0001:00106D85
  1130 0001:00106D99  1132 0001:00106DC7  1134 0001:00106DE4  1135 0001:00106DF7
  1136 0001:00106E07  1137 0001:00106E1A  1138 0001:00106E2E  1139 0001:00106E4C
  1142 0001:00106E67  1143 0001:00106E72  1145 0001:00106E78  1146 0001:00106E88
  1147 0001:00106E98  1148 0001:00106EAC  1149 0001:00106EBF  1150 0001:00106ED3
  1153 0001:00106EE4  1155 0001:00106EFD  1156 0001:00106F0D  1157 0001:00106F21
  1158 0001:00106F34  1159 0001:00106F48  1162 0001:00106F66  1165 0001:00107020
  1166 0001:00107027  1167 0001:00107038  1170 0001:0010703C  1171 0001:00107043
  1173 0001:0010704F  1174 0001:0010705D  1175 0001:00107068  1177 0001:00107070
  1183 0001:00107074  1184 0001:00107091  1185 0001:001070A5  1186 0001:001070AD
  1188 0001:001070B8  1190 0001:001070D1  1192 0001:001070DD  1193 0001:001070EE
  1194 0001:00107109  1198 0001:0010711C  1199 0001:0010712B  1201 0001:0010713E
  1203 0001:0010715C  1204 0001:0010716E  1205 0001:00107180  1206 0001:00107192
  1207 0001:001071A4  1208 0001:001071B6  1211 0001:001071C8  1213 0001:001071EC
  1214 0001:00107206  1215 0001:00107210  1216 0001:0010721A  1211 0001:0010721D
  1217 0001:00107222  1218 0001:0010722A  1221 0001:0010724C  1222 0001:00107258
  1223 0001:00107269  1224 0001:0010727A  1225 0001:0010728B  1226 0001:0010729C
  1227 0001:001072AD  1228 0001:001072BE  1229 0001:001072CF  1232 0001:001072D4
  1234 0001:001072E0  1235 0001:001072F5  1237 0001:001072FD  1238 0001:00107308
  1239 0001:00107310  1240 0001:00107318  1241 0001:0010732C  1242 0001:00107336
  1243 0001:0010733E  1244 0001:00107356  1245 0001:00107369  1246 0001:00107379
  1247 0001:00107390  1258 0001:00107398  1259 0001:001073A8  1260 0001:001073B8
  1263 0001:001073C8  1264 0001:001073D7  1265 0001:001073E7  1267 0001:00107401
  1268 0001:00107410  1269 0001:00107420  1272 0001:00107424  1273 0001:00107430
  1274 0001:00107452  1275 0001:0010745A  1276 0001:00107462  1277 0001:0010746C
  1278 0001:0010747A  1280 0001:00107485  1283 0001:0010748C  1288 0001:00107498
  1289 0001:001074A0  1292 0001:001074A4  1293 0001:001074B0  1296 0001:001074BC
  1297 0001:001074C4  1298 0001:001074DF  1303 0001:001074E4  1304 0001:001074F3
  1306 0001:00107514  1307 0001:00107524  1309 0001:00107548  1311 0001:00107567
  1312 0001:0010758E  1314 0001:00107590  1307 0001:00107593  1315 0001:00107598
  1317 0001:001075A2  1320 0001:001075A8  1321 0001:001075B4  1323 0001:001075C6
  1325 0001:001075E5  1328 0001:001075EC  1329 0001:001075FB  1330 0001:00107601
  1332 0001:0010760B  1333 0001:00107616  1336 0001:0010761C  1337 0001:0010763E
  1338 0001:00107648  1339 0001:0010764C  1342 0001:00107670  1343 0001:00107692
  1344 0001:0010769C  1345 0001:001076A0  1353 0001:001076C4  1354 0001:001076E1
  1356 0001:001076E7  1357 0001:001076F8  1359 0001:0010770A  1360 0001:00107715
  1362 0001:0010771B  1363 0001:00107728  1360 0001:00107733  1367 0001:00107739
  1368 0001:0010775C  1369 0001:00107768  1370 0001:0010777C  1371 0001:0010778A
  1373 0001:001077A1  1375 0001:001077BD  1376 0001:001077C5  1379 0001:001077CC
  1380 0001:001077DB  1382 0001:001077F6  1383 0001:0010780E  1384 0001:00107818
  1386 0001:00107820  1389 0001:00107824  1390 0001:00107830  1391 0001:00107857
  1392 0001:00107861  1395 0001:00107868  1396 0001:00107874  1397 0001:0010789B
  1398 0001:001078A5  1404 0001:001078AC  1406 0001:001078B8  1409 0001:001078E1
  1411 0001:00107905  1412 0001:00107922  1413 0001:0010792F  1409 0001:00107932
  1414 0001:00107937  1415 0001:00107941  1418 0001:00107948  1419 0001:00107954
  1420 0001:0010795C  1423 0001:00107960  1424 0001:0010796C  1425 0001:00107974
  1428 0001:00107978  1429 0001:00107984  1431 0001:00107990  1433 0001:001079A1
  1434 0001:001079A9  1437 0001:001079B0  1438 0001:001079BC  1440 0001:001079C8
  1441 0001:001079D9  1442 0001:001079ED  1443 0001:00107A01  1446 0001:00107A0A
  1449 0001:00107A27  1452 0001:00107A2C  1454 0001:00107A38  1455 0001:00107A55
  1456 0001:00107A60  1459 0001:00107A64  1461 0001:00107A70  1462 0001:00107A8D
  1467 0001:00107A94  1468 0001:00107AA0  1469 0001:00107AA4  1471 0001:00107AB0
  1472 0001:00107ABB  1474 0001:00107AC1  1475 0001:00107ACF  1472 0001:00107ADD
  1478 0001:00107AE3  1483 0001:00107AEC  1484 0001:00107AF8  1485 0001:00107B07
  1487 0001:00107B11  1488 0001:00107B1C  1490 0001:00107B22  1491 0001:00107B2D
  1488 0001:00107B3B  1493 0001:00107B41  1498 0001:00107B48  1500 0001:00107B54
  1503 0001:00107B70  1504 0001:00107B84  1505 0001:00107B92  1506 0001:00107BAB
  1508 0001:00107BB1  1509 0001:00107BBB  1510 0001:00107BC6  1513 0001:00107BDE
  1515 0001:00107BFA  1518 0001:00107C00  1519 0001:00107C0C  1520 0001:00107C29
  1523 0001:00107C30  1524 0001:00107C3C  1525 0001:00107C4A  1526 0001:00107C5C
  1527 0001:00107C76  1528 0001:00107C8E  1529 0001:00107CB4  1532 0001:00107CB8
  1533 0001:00107CDA  1535 0001:00107CE4  1538 0001:00107CF0  1539 0001:00107D10
  1540 0001:00107D1E  1543 0001:00107D23  1544 0001:00107D2D  1545 0001:00107D3B
  1546 0001:00107D4B  1548 0001:00107D5B  1550 0001:00107D6B  1551 0001:00107D75
  1552 0001:00107D7D  1553 0001:00107D85  1554 0001:00107D9A  1555 0001:00107DA8
  1556 0001:00107DC3  1557 0001:00107DDB  1558 0001:00107DF3  1559 0001:00107E0B
  1561 0001:00107E23  1563 0001:00107E41  1564 0001:00107E58  1565 0001:00107E6F
  1566 0001:00107E7D  1569 0001:00107E9D  1570 0001:00107EA7  1572 0001:00107EB9
  1575 0001:00107FC4  1576 0001:00107FD0  1579 0001:00107FDC  1580 0001:00107FE4
  1581 0001:00107FF5  1584 0001:00107FFC  1585 0001:00108008  1586 0001:00108014
  1587 0001:00108022  1588 0001:0010802F  1589 0001:00108037  1592 0001:0010803C
  1593 0001:00108048  1594 0001:00108054  1595 0001:00108065  1598 0001:0010806C
  1599 0001:00108078  1600 0001:00108084  1601 0001:00108095  1604 0001:0010809C
  1605 0001:001080A8  1607 0001:001080B4  1608 0001:001080C5  1609 0001:001080D9
  1610 0001:001080E2  1612 0001:001080F2  1616 0001:001080F8  1617 0001:00108104
  1619 0001:00108110  1620 0001:00108121  1621 0001:0010812A  1623 0001:0010813A
  1627 0001:00108140  1628 0001:0010814C  1630 0001:00108158  1631 0001:00108169
  1632 0001:00108172  1634 0001:00108182  1637 0001:00108188  1638 0001:00108194
  1639 0001:001081A0  1640 0001:001081B1  1643 0001:001081B8  1644 0001:001081BF
  1645 0001:001081D6  1646 0001:001081ED  1647 0001:00108204  1650 0001:00108208
  1651 0001:00108225  1652 0001:00108231  1653 0001:0010825B  1656 0001:00108280
  1657 0001:0010828C  1658 0001:00108294  1665 0001:00108298  1666 0001:001082A1
  1667 0001:001082AA  1670 0001:001082CA  1671 0001:001082E2  1673 0001:001082F9
  1675 0001:00108305  1677 0001:00108310  1682 0001:00108314  1683 0001:00108333
  1684 0001:00108341  1686 0001:0010834D  1688 0001:0010835C  1691 0001:00108376
  1695 0001:00108385  1697 0001:00108392  1700 0001:001083B4  1701 0001:001083C0
  1702 0001:001083CE  1703 0001:001083DC  1706 0001:001083E0  1707 0001:001083EC
  1708 0001:001083F8  1709 0001:00108409  1712 0001:00108410  1713 0001:0010842F
  1714 0001:0010843E  1716 0001:00108465  1717 0001:00108477  1720 0001:0010849C
  1721 0001:001084B9  1722 0001:001084D6  1723 0001:001084E4  1726 0001:00108520
  1728 0001:00108530  1731 0001:001085B0  1732 0001:001085D0  1733 0001:001085DF
  1735 0001:0010865A  1736 0001:00108677  1737 0001:00108685  1739 0001:001086B1
  1741 0001:001086C1  1744 0001:00108744  1745 0001:00108750  1746 0001:0010878E
  1749 0001:00108794  1750 0001:001087A0  1751 0001:001087C1  1754 0001:001087C8
  1755 0001:001087D4  1756 0001:001087F5  1757 0001:0010880F  1758 0001:00108819
  1761 0001:00108820  1762 0001:0010882C  1763 0001:0010884D  1764 0001:00108857
  1767 0001:0010885C  1768 0001:00108868  1769 0001:00108874  1770 0001:00108882
  1773 0001:00108888  1774 0001:00108894  1775 0001:001088C0  1778 0001:001088C4
  1779 0001:001088EF  1780 0001:00108907  1782 0001:00108936  1784 0001:0010894D
  1785 0001:0010895E  1788 0001:00108998  1789 0001:001089C3  1790 0001:001089DB
  1792 0001:00108A0A  1794 0001:00108A21  1795 0001:00108A32  1798 0001:00108A6C
  1799 0001:00108A73  1800 0001:00108A87  1804 0001:00108A8C  1805 0001:00108A98
  1806 0001:00108AB0  1809 0001:00108AB4  1810 0001:00108AC0  1812 0001:00108AC6
  1814 0001:00108AD6  1818 0001:00108ADC  1819 0001:00108AFB  1821 0001:00108B4F
  1824 0001:00108B70  1825 0001:00108B7C  1826 0001:00108B8E  1828 0001:00108B98
  1829 0001:00108BB3  1835 0001:00108BB8  1836 0001:00108BD7  1837 0001:00108BE5
  1838 0001:00108BF0  1840 0001:00108C05  1842 0001:00108C16  1844 0001:00108C1C
  1845 0001:00108C2A  1846 0001:00108C4B  1842 0001:00108C56  1848 0001:00108C5C
  1851 0001:00108C98  1852 0001:00108CA4  1853 0001:00108CAC  1854 0001:00108CB4
  1855 0001:00108CC7  1856 0001:00108CDA  1860 0001:00108CEB  1861 0001:00108CF9
  1863 0001:00108D04  1868 0001:00108D08  1869 0001:00108D27  1870 0001:00108D32
  1871 0001:00108D57  1876 0001:00108D78  1877 0001:00108D9A  1878 0001:00108DAF
  1881 0001:00108DBD  1882 0001:00108DC8  1884 0001:00108DE0  1887 0001:00108DF0
  1890 0001:00108E14  1891 0001:00108E30  1892 0001:00108E43  1895 0001:00108E64
  1896 0001:00108E86  1897 0001:00108E90  1900 0001:00108EB4  1901 0001:00108ED6
  1907 0001:00108EF8  1923 0001:00108F07  1925 0001:00108F25  1926 0001:00108F3C
  1927 0001:00108F4F  1929 0001:00108F60  1935 0001:00108F68  1936 0001:00108F74
  1938 0001:00108F86  1939 0001:00108F9C  1941 0001:00108FA2  1944 0001:00108FB1
  1939 0001:00108FBC  1947 0001:00108FC2  1952 0001:00108FC8  1953 0001:00108FE7
  1954 0001:00108FF5  1956 0001:0010900D  1957 0001:00109011  1960 0001:0010901E
  1961 0001:00109022  1967 0001:00109048  1968 0001:00109054  1970 0001:00109066
  1971 0001:0010907C  1973 0001:00109082  1976 0001:00109091  1971 0001:0010909C
  1979 0001:001090A2  1982 0001:001090A8  1983 0001:001090B4  1984 0001:001090BE
  1985 0001:001090C9  1988 0001:001090D0  1991 0001:001090D7  1992 0001:001090F7
  1993 0001:00109117  1999 0001:00109120  2005 0001:0010913C  2006 0001:00109153
  2010 0001:00109159  2011 0001:00109167  2015 0001:00109181  2017 0001:0010918C
  2006 0001:00109197  2019 0001:0010919D  2037 0001:001092A8  2038 0001:001092CB
  2040 0001:001092E1  2041 0001:001092F2  2043 0001:001092FC  2044 0001:0010930A
  2046 0001:0010931A  2047 0001:00109326  2049 0001:0010933A  2050 0001:0010934C
  2053 0001:00109376  2054 0001:00109385  2056 0001:00109399  2057 0001:001093AB
  2059 0001:001093D8  2060 0001:001093F6  2062 0001:0010940A  2064 0001:0010941C
  2065 0001:0010943A  2067 0001:0010944E  2068 0001:00109460  2071 0001:0010949C
  2072 0001:001094CE  2073 0001:001094E9  2076 0001:0010951D  2078 0001:00109525
  2081 0001:0010985C  2082 0001:00109868  2083 0001:00109873  2084 0001:0010987E
  2087 0001:00109884  2088 0001:00109890  2089 0001:0010989B  2090 0001:001098A6
  2096 0001:001098AC  2097 0001:001098D2  2102 0001:00109932  2103 0001:0010993D
  2105 0001:00109948  2117 0001:00109974  2118 0001:001099A7  2119 0001:001099AD
  2120 0001:001099BE  2121 0001:001099C4  2122 0001:001099D1  2123 0001:001099D7
  2125 0001:001099E9  2126 0001:001099F9  2127 0001:00109A04  2128 0001:00109A14
  2129 0001:00109A1A  2140 0001:00109A64  2142 0001:00109A8D  2143 0001:00109AB6
  2144 0001:00109AC0  2145 0001:00109AD6  2151 0001:00109B1B  2158 0001:00109B64
  2159 0001:00109B91  2160 0001:00109B9C  2165 0001:00109BE1  2169 0001:00109C08
  2170 0001:00109C37  2171 0001:00109C5E  2175 0001:00109C84  2176 0001:00109CB3
  2177 0001:00109CD8  2181 0001:00109D00  2182 0001:00109D2F  2183 0001:00109D54
  2187 0001:00109D7C  2188 0001:00109DAB  2189 0001:00109DD0  2193 0001:00109DF8
  2194 0001:00109E13  2196 0001:00109E3B  2200 0001:00109E44  2201 0001:00109E5F
  2203 0001:00109E87  2207 0001:00109E90  2208 0001:00109EAB  2210 0001:00109ECB
  2214 0001:00109ED4  2215 0001:00109EEF  2216 0001:00109F0F  2220 0001:00109F18
  2221 0001:00109F33  2223 0001:00109F5B  2230 0001:00109F64  2231 0001:00109F83
  2233 0001:00109F95  2234 0001:00109FA6  2236 0001:00109FAC  2237 0001:00109FBA
  2239 0001:00109FD2  2241 0001:00109FDA  2247 0001:00109FFC  2248 0001:0010A01F
  2249 0001:0010A02A  2250 0001:0010A03A  2251 0001:0010A040  2252 0001:0010A055
  2255 0001:0010A088  2256 0001:0010A0A7  2257 0001:0010A0C6  2260 0001:0010A13C
  2261 0001:0010A15B  2262 0001:0010A17A  2265 0001:0010A1F0  2266 0001:0010A20F
  2267 0001:0010A22E  2271 0001:0010A28C  2272 0001:0010A2AB  2273 0001:0010A2CA
  2277 0001:0010A340  2278 0001:0010A35F  2279 0001:0010A37E  2282 0001:0010A3F4
  2283 0001:0010A400  2284 0001:0010A40B  2285 0001:0010A416  2289 0001:0010A41C
  2290 0001:0010A428  2291 0001:0010A434  2292 0001:0010A445  2296 0001:0010A44C
  2297 0001:0010A458  2299 0001:0010A464  2306 0001:0010A475  2308 0001:0010A480

Line numbers for TextTestRunner(TextTestRunner.pas) segment .text

   112 0001:0010ABA4   114 0001:0010ABC6   117 0001:0010ABE8   118 0001:0010ABF4
   119 0001:0010AC0C   122 0001:0010AC10   123 0001:0010AC1C   124 0001:0010AC34
   130 0001:0010AC38   131 0001:0010AC61   134 0001:0010ACA1   140 0001:0010ACC8
   141 0001:0010ACF7   142 0001:0010ACFF   143 0001:0010AD0F   144 0001:0010AD1A
   146 0001:0010AD65   148 0001:0010ADAE   149 0001:0010ADCA   151 0001:0010ADDA
   157 0001:0010AE20   158 0001:0010AE55   159 0001:0010AE5D   160 0001:0010AE79
   161 0001:0010AE87   169 0001:0010AF2D   159 0001:0010AF30   170 0001:0010AF39
   176 0001:0010AF8C   177 0001:0010AFC1   178 0001:0010AFC9   179 0001:0010AFE5
   180 0001:0010AFF3   188 0001:0010B099   178 0001:0010B09C   189 0001:0010B0A5
   195 0001:0010B0F8   196 0001:0010B127   197 0001:0010B12F   198 0001:0010B13F
   199 0001:0010B14A   201 0001:0010B195   203 0001:0010B1DE   204 0001:0010B1FA
   206 0001:0010B20A   212 0001:0010B250   213 0001:0010B28B   214 0001:0010B293
   216 0001:0010B29F   217 0001:0010B2AF   221 0001:0010B2FE   222 0001:0010B30E
   223 0001:0010B335   224 0001:0010B35C   228 0001:0010B3F9   231 0001:0010B44C
   232 0001:0010B46E   233 0001:0010B486   236 0001:0010B4A8   238 0001:0010B4CA
   241 0001:0010B4EC   242 0001:0010B517   243 0001:0010B536   245 0001:0010B55C
   246 0001:0010B567   249 0001:0010B5A8   250 0001:0010B5C4   251 0001:0010B5D3
   252 0001:0010B5F7   253 0001:0010B603   258 0001:0010B624   259 0001:0010B649
   260 0001:0010B655   261 0001:0010B668   262 0001:0010B677   263 0001:0010B692
   264 0001:0010B6F6   265 0001:0010B71B   266 0001:0010B72A   269 0001:0010B758
   270 0001:0010B785   271 0001:0010B7AB   273 0001:0010B7B8   274 0001:0010B7C6
   276 0001:0010B7EA   277 0001:0010B808   282 0001:0010B80F   283 0001:0010B81B
   288 0001:0010B836   291 0001:0010B868   292 0001:0010B887   293 0001:0010B8A0
   296 0001:0010B8C4   297 0001:0010B8EE   298 0001:0010B914   300 0001:0010B921
   301 0001:0010B92F   303 0001:0010B953   304 0001:0010B971   309 0001:0010B978
   310 0001:0010B984   315 0001:0010B99F   318 0001:0010B9D0   319 0001:0010B9EC
   320 0001:0010BA02   324 0001:0010BA28   325 0001:0010BA56   326 0001:0010BAA2
   329 0001:0010BAF0   330 0001:0010BB1E   331 0001:0010BB6A   334 0001:0010BBB8
   335 0001:0010BBDA   336 0001:0010BBE5   339 0001:0010BC0C   340 0001:0010BC2E
   343 0001:0010BC50   344 0001:0010BC72

Line numbers for TextTestRunner(TextTestRunner.pas) segment .itext

   346 0002:00000CA8

Line numbers for thundax.Prototype(..\..\src\Design Patterns\Prototype\thundax.Prototype.pas) segment .text

    78 0001:0010E12C    79 0001:0010E138    80 0001:0010E155    83 0001:0010E15C
    84 0001:0010E168    85 0001:0010E175    90 0001:0010E190    91 0001:0010E19C
    92 0001:0010E1B9    95 0001:0010E1C0    96 0001:0010E1CC    97 0001:0010E1D9
   102 0001:0010E1F8   103 0001:0010E204   104 0001:0010E221   107 0001:0010E228
   108 0001:0010E234   109 0001:0010E241   114 0001:0010E25C   115 0001:0010E274
   116 0001:0010E288   117 0001:0010E2AD   118 0001:0010E2D2   119 0001:0010E2F7
   120 0001:0010E31C   123 0001:0010E390   124 0001:0010E3A1   125 0001:0010E3C1
   126 0001:0010E3CF   131 0001:0010E3E4   132 0001:0010E40F   133 0001:0010E427
   134 0001:0010E432   139 0001:0010E45C   140 0001:0010E468   141 0001:0010E485
   144 0001:0010E48C   145 0001:0010E498   146 0001:0010E4A5

Line numbers for thundax.AbstractFactory(..\..\src\Design Patterns\AbstractFactory\thundax.AbstractFactory.pas) segment .text

    34 0001:00117BF0    35 0001:00117BF8    36 0001:00117C00    37 0001:00117C08
    54 0001:00117E1C    56 0001:00117E23    59 0001:00117E28    60 0001:00117E34
    61 0001:00117E41    66 0001:00117E5C    68 0001:00117E63    71 0001:00117E68
    72 0001:00117E74    73 0001:00117E81    78 0001:00117EA0    80 0001:00117EA7
    83 0001:00117EAC    84 0001:00117EB8    85 0001:00117EC5    90 0001:00117EE0
    92 0001:00117EE7    95 0001:00117EEC    96 0001:00117EF8    97 0001:00117F05
   102 0001:00117F20   104 0001:00117F38   107 0001:00117F58   109 0001:00117F69
   110 0001:00117F77   115 0001:00117F8C   117 0001:00117FA4   120 0001:00117FC4
   121 0001:00117FD0   122 0001:00117FED   125 0001:00117FF4   126 0001:00118000
   127 0001:0011801D   130 0001:00118024   131 0001:00118030   132 0001:0011804D
   135 0001:00118054   136 0001:00118060   137 0001:0011807D   140 0001:00118084
   142 0001:00118095   143 0001:001180A3   145 0001:001180BC

Line numbers for Testthundax.DesignPatterns(Testthundax.DesignPatterns.pas) segment .text

    65 0001:00118398    66 0001:0011839F    67 0001:001183B1    68 0001:001183C3
    71 0001:001183C8    72 0001:001183D1    73 0001:001183F1    74 0001:00118411
    79 0001:00118418    80 0001:00118435    81 0001:00118442    82 0001:0011846A
    83 0001:00118478    84 0001:001184A0    85 0001:001184AE    86 0001:001184D6
    87 0001:001184E4    88 0001:0011850C    94 0001:001185CC    95 0001:001185EA
    96 0001:001185F7    97 0001:00118608    98 0001:0011862E    99 0001:0011863B
   100 0001:0011864C   101 0001:00118672   102 0001:0011867F   103 0001:00118690
   104 0001:001186B6   105 0001:001186C3   106 0001:001186D4   107 0001:001186FA

Line numbers for Testthundax.DesignPatterns(Testthundax.DesignPatterns.pas) segment .itext

   109 0002:00000CB0   111 0002:00000CCC   112 0002:00000CE1

Line numbers for thundax.DesignPatternsTest(thundax.DesignPatternsTest.dpr) segment .itext

    55 0002:00000D04    56 0002:00000D14    57 0002:00000D20    58 0002:00000D28
    59 0002:00000D32    60 0002:00000D3C    62 0002:00000D46    63 0002:00000D4B

Bound resource files

c:\program files (x86)\embarcadero\rad studio\8.0\lib\Win32\release\Controls.res
c:\program files (x86)\embarcadero\rad studio\8.0\lib\Win32\release\Buttons.res
c:\program files (x86)\embarcadero\rad studio\8.0\Source\DUnit\src\GUITestRunner.DFM
thundax.DesignPatternsTest.RES
thundax.drf


Program entry point at 0002:00000D04
